<!doctype html public "-//w3c//dtd html 4.0 transitional//en">
<html><head>
<title>Static Call Graph - [.\build\ANO_Hexacopter.axf]</title></head>
<body><HR>
<H1>Static Call Graph for image .\build\ANO_Hexacopter.axf</H1><HR>
<BR><P>#&#060CALLGRAPH&#062# ARM Linker, 5040049: Last Updated: Fri Jun 05 16:57:25 2015
<BR><P>
<H3>Maximum Stack Usage =        320 bytes + Unknown(Functions without stacksize, Cycles, Untraceable Function Pointers)</H3><H3>
Call chain for Maximum Stack Depth:</H3>
__rt_entry_main &rArr; main &rArr; ANO_Loop() &rArr; ANO_Loop_500Hz() &rArr; ANO_IMU::getAttitude() &rArr; ANO_IMU::DCM_CF(Vector3&lang;float&rang;, Vector3&lang;float&rang;, float) &rArr; ANO_Filter::CF_1st(Vector3&lang;float&rang;, Vector3&lang;float&rang;, float) &rArr; Vector3&lang;float&rang;::operator +(const Vector3&lang;float&rang;&) const &rArr; __aeabi_fadd
<P>
<H3>
Functions with no stack information
</H3><UL>
 <LI><a href="#[155]">__user_initial_stackheap</a>
</UL>
</UL>
<P>
<H3>
Mutually Recursive functions
</H3> <LI><a href="#[f]">HardFault_Handler</a>&nbsp;&nbsp;&nbsp;&rArr;&nbsp;&nbsp;&nbsp;<a href="#[f]">HardFault_Handler</a><BR>
 <LI><a href="#[15]">PendSV_Handler</a>&nbsp;&nbsp;&nbsp;&rArr;&nbsp;&nbsp;&nbsp;<a href="#[15]">PendSV_Handler</a><BR>
 <LI><a href="#[29]">ADC1_2_IRQHandler</a>&nbsp;&nbsp;&nbsp;&rArr;&nbsp;&nbsp;&nbsp;<a href="#[29]">ADC1_2_IRQHandler</a><BR>
</UL>
<P>
<H3>
Function Pointers
</H3><UL>
 <LI><a href="#[29]">ADC1_2_IRQHandler</a> from startup_stm32f10x_md.o(.text) referenced from startup_stm32f10x_md.o(RESET)
 <LI><a href="#[11]">BusFault_Handler</a> from stm32f10x_it.o(.text) referenced from startup_stm32f10x_md.o(RESET)
 <LI><a href="#[2c]">CAN1_RX1_IRQHandler</a> from startup_stm32f10x_md.o(.text) referenced from startup_stm32f10x_md.o(RESET)
 <LI><a href="#[2d]">CAN1_SCE_IRQHandler</a> from startup_stm32f10x_md.o(.text) referenced from startup_stm32f10x_md.o(RESET)
 <LI><a href="#[22]">DMA1_Channel1_IRQHandler</a> from startup_stm32f10x_md.o(.text) referenced from startup_stm32f10x_md.o(RESET)
 <LI><a href="#[23]">DMA1_Channel2_IRQHandler</a> from startup_stm32f10x_md.o(.text) referenced from startup_stm32f10x_md.o(RESET)
 <LI><a href="#[24]">DMA1_Channel3_IRQHandler</a> from startup_stm32f10x_md.o(.text) referenced from startup_stm32f10x_md.o(RESET)
 <LI><a href="#[25]">DMA1_Channel4_IRQHandler</a> from startup_stm32f10x_md.o(.text) referenced from startup_stm32f10x_md.o(RESET)
 <LI><a href="#[26]">DMA1_Channel5_IRQHandler</a> from startup_stm32f10x_md.o(.text) referenced from startup_stm32f10x_md.o(RESET)
 <LI><a href="#[27]">DMA1_Channel6_IRQHandler</a> from startup_stm32f10x_md.o(.text) referenced from startup_stm32f10x_md.o(RESET)
 <LI><a href="#[28]">DMA1_Channel7_IRQHandler</a> from startup_stm32f10x_md.o(.text) referenced from startup_stm32f10x_md.o(RESET)
 <LI><a href="#[14]">DebugMon_Handler</a> from stm32f10x_it.o(.text) referenced from startup_stm32f10x_md.o(RESET)
 <LI><a href="#[1d]">EXTI0_IRQHandler</a> from startup_stm32f10x_md.o(.text) referenced from startup_stm32f10x_md.o(RESET)
 <LI><a href="#[3f]">EXTI15_10_IRQHandler</a> from startup_stm32f10x_md.o(.text) referenced from startup_stm32f10x_md.o(RESET)
 <LI><a href="#[1e]">EXTI1_IRQHandler</a> from startup_stm32f10x_md.o(.text) referenced from startup_stm32f10x_md.o(RESET)
 <LI><a href="#[1f]">EXTI2_IRQHandler</a> from startup_stm32f10x_md.o(.text) referenced from startup_stm32f10x_md.o(RESET)
 <LI><a href="#[20]">EXTI3_IRQHandler</a> from startup_stm32f10x_md.o(.text) referenced from startup_stm32f10x_md.o(RESET)
 <LI><a href="#[21]">EXTI4_IRQHandler</a> from startup_stm32f10x_md.o(.text) referenced from startup_stm32f10x_md.o(RESET)
 <LI><a href="#[2e]">EXTI9_5_IRQHandler</a> from startup_stm32f10x_md.o(.text) referenced from startup_stm32f10x_md.o(RESET)
 <LI><a href="#[1b]">FLASH_IRQHandler</a> from startup_stm32f10x_md.o(.text) referenced from startup_stm32f10x_md.o(RESET)
 <LI><a href="#[f]">HardFault_Handler</a> from startup_stm32f10x_md.o(.text) referenced from startup_stm32f10x_md.o(RESET)
 <LI><a href="#[37]">I2C1_ER_IRQHandler</a> from startup_stm32f10x_md.o(.text) referenced from startup_stm32f10x_md.o(RESET)
 <LI><a href="#[36]">I2C1_EV_IRQHandler</a> from startup_stm32f10x_md.o(.text) referenced from startup_stm32f10x_md.o(RESET)
 <LI><a href="#[39]">I2C2_ER_IRQHandler</a> from startup_stm32f10x_md.o(.text) referenced from startup_stm32f10x_md.o(RESET)
 <LI><a href="#[38]">I2C2_EV_IRQHandler</a> from startup_stm32f10x_md.o(.text) referenced from startup_stm32f10x_md.o(RESET)
 <LI><a href="#[10]">MemManage_Handler</a> from stm32f10x_it.o(.text) referenced from startup_stm32f10x_md.o(RESET)
 <LI><a href="#[e]">NMI_Handler</a> from stm32f10x_it.o(.text) referenced from startup_stm32f10x_md.o(RESET)
 <LI><a href="#[18]">PVD_IRQHandler</a> from startup_stm32f10x_md.o(.text) referenced from startup_stm32f10x_md.o(RESET)
 <LI><a href="#[15]">PendSV_Handler</a> from startup_stm32f10x_md.o(.text) referenced from startup_stm32f10x_md.o(RESET)
 <LI><a href="#[1c]">RCC_IRQHandler</a> from startup_stm32f10x_md.o(.text) referenced from startup_stm32f10x_md.o(RESET)
 <LI><a href="#[40]">RTCAlarm_IRQHandler</a> from startup_stm32f10x_md.o(.text) referenced from startup_stm32f10x_md.o(RESET)
 <LI><a href="#[1a]">RTC_IRQHandler</a> from startup_stm32f10x_md.o(.text) referenced from startup_stm32f10x_md.o(RESET)
 <LI><a href="#[d]">Reset_Handler</a> from startup_stm32f10x_md.o(.text) referenced from startup_stm32f10x_md.o(RESET)
 <LI><a href="#[3a]">SPI1_IRQHandler</a> from startup_stm32f10x_md.o(.text) referenced from startup_stm32f10x_md.o(RESET)
 <LI><a href="#[3b]">SPI2_IRQHandler</a> from startup_stm32f10x_md.o(.text) referenced from startup_stm32f10x_md.o(RESET)
 <LI><a href="#[13]">SVC_Handler</a> from stm32f10x_it.o(.text) referenced from startup_stm32f10x_md.o(RESET)
 <LI><a href="#[16]">SysTick_Handler</a> from stm32f10x_it.o(.text) referenced from startup_stm32f10x_md.o(RESET)
 <LI><a href="#[43]">SystemInit</a> from system_stm32f10x.o(.text) referenced from startup_stm32f10x_md.o(.text)
 <LI><a href="#[19]">TAMPER_IRQHandler</a> from startup_stm32f10x_md.o(.text) referenced from startup_stm32f10x_md.o(RESET)
 <LI><a href="#[2f]">TIM1_BRK_IRQHandler</a> from startup_stm32f10x_md.o(.text) referenced from startup_stm32f10x_md.o(RESET)
 <LI><a href="#[32]">TIM1_CC_IRQHandler</a> from startup_stm32f10x_md.o(.text) referenced from startup_stm32f10x_md.o(RESET)
 <LI><a href="#[31]">TIM1_TRG_COM_IRQHandler</a> from startup_stm32f10x_md.o(.text) referenced from startup_stm32f10x_md.o(RESET)
 <LI><a href="#[30]">TIM1_UP_IRQHandler</a> from startup_stm32f10x_md.o(.text) referenced from startup_stm32f10x_md.o(RESET)
 <LI><a href="#[33]">TIM2_IRQHandler</a> from startup_stm32f10x_md.o(.text) referenced from startup_stm32f10x_md.o(RESET)
 <LI><a href="#[34]">TIM3_IRQHandler</a> from startup_stm32f10x_md.o(.text) referenced from startup_stm32f10x_md.o(RESET)
 <LI><a href="#[35]">TIM4_IRQHandler</a> from startup_stm32f10x_md.o(.text) referenced from startup_stm32f10x_md.o(RESET)
 <LI><a href="#[3c]">USART1_IRQHandler</a> from stm32f10x_it.o(.text) referenced from startup_stm32f10x_md.o(RESET)
 <LI><a href="#[3d]">USART2_IRQHandler</a> from startup_stm32f10x_md.o(.text) referenced from startup_stm32f10x_md.o(RESET)
 <LI><a href="#[3e]">USART3_IRQHandler</a> from startup_stm32f10x_md.o(.text) referenced from startup_stm32f10x_md.o(RESET)
 <LI><a href="#[41]">USBWakeUp_IRQHandler</a> from startup_stm32f10x_md.o(.text) referenced from startup_stm32f10x_md.o(RESET)
 <LI><a href="#[2a]">USB_HP_CAN1_TX_IRQHandler</a> from startup_stm32f10x_md.o(.text) referenced from startup_stm32f10x_md.o(RESET)
 <LI><a href="#[2b]">USB_LP_CAN1_RX0_IRQHandler</a> from startup_stm32f10x_md.o(.text) referenced from startup_stm32f10x_md.o(RESET)
 <LI><a href="#[12]">UsageFault_Handler</a> from stm32f10x_it.o(.text) referenced from startup_stm32f10x_md.o(RESET)
 <LI><a href="#[17]">WWDG_IRQHandler</a> from startup_stm32f10x_md.o(.text) referenced from startup_stm32f10x_md.o(RESET)
 <LI><a href="#[42]">ANO_PID::ANO_PID()</a> from ano_flycontrol.o(i._ZN7ANO_PIDC1Ev) referenced from ano_flycontrol.o(.text)
 <LI><a href="#[4b]">__main</a> from __main.o(!!!main) referenced from startup_stm32f10x_md.o(.text)
 <LI><a href="#[48]">__sti___10_ANO_RC_cpp_rc</a> from ano_rc.o(.text) referenced from ano_rc.o(.init_array)
 <LI><a href="#[47]">__sti___11_ANO_IMU_cpp_imu</a> from ano_imu.o(.text) referenced from ano_imu.o(.init_array)
 <LI><a href="#[45]">__sti___14_ANO_Config_cpp_ano</a> from ano_config.o(.text) referenced from ano_config.o(.init_array)
 <LI><a href="#[46]">__sti___17_ANO_Scheduler_cpp_463cec18</a> from ano_scheduler.o(.text) referenced from ano_scheduler.o(.init_array)
 <LI><a href="#[49]">__sti___18_ANO_FlyControl_cpp_fc</a> from ano_flycontrol.o(.text) referenced from ano_flycontrol.o(.init_array)
 <LI><a href="#[4a]">__sti___19_ANO_Drv_MPU6050_cpp_mpu6050</a> from ano_drv_mpu6050.o(.text) referenced from ano_drv_mpu6050.o(.init_array)
</UL>
<P>
<H3>
Global Symbols
</H3>
<P><STRONG><a name="[4b]"></a>__main</STRONG> (Thumb, 8 bytes, Stack size 0 bytes, __main.o(!!!main))
<BR><BR>[Calls]<UL><LI><a href="#[4e]">&gt;&gt;</a>&nbsp;&nbsp;&nbsp;__rt_entry
<LI><a href="#[4d]">&gt;&gt;</a>&nbsp;&nbsp;&nbsp;__scatterload
</UL>

<P><STRONG><a name="[4d]"></a>__scatterload</STRONG> (Thumb, 0 bytes, Stack size unknown bytes, __scatter.o(!!!scatter))
<BR><BR>[Called By]<UL><LI><a href="#[4b]">&gt;&gt;</a>&nbsp;&nbsp;&nbsp;__main
</UL>

<P><STRONG><a name="[4f]"></a>__scatterload_rt2</STRONG> (Thumb, 44 bytes, Stack size unknown bytes, __scatter.o(!!!scatter), UNUSED)
<BR><BR>[Calls]<UL><LI><a href="#[4e]">&gt;&gt;</a>&nbsp;&nbsp;&nbsp;__rt_entry
</UL>

<P><STRONG><a name="[178]"></a>__scatterload_rt2_thumb_only</STRONG> (Thumb, 0 bytes, Stack size unknown bytes, __scatter.o(!!!scatter), UNUSED)

<P><STRONG><a name="[179]"></a>__scatterload_null</STRONG> (Thumb, 0 bytes, Stack size unknown bytes, __scatter.o(!!!scatter), UNUSED)

<P><STRONG><a name="[50]"></a>__scatterload_copy</STRONG> (Thumb, 26 bytes, Stack size unknown bytes, __scatter_copy.o(!!handler_copy), UNUSED)
<BR><BR>[Calls]<UL><LI><a href="#[50]">&gt;&gt;</a>&nbsp;&nbsp;&nbsp;__scatterload_copy
</UL>
<BR>[Called By]<UL><LI><a href="#[50]">&gt;&gt;</a>&nbsp;&nbsp;&nbsp;__scatterload_copy
</UL>

<P><STRONG><a name="[17a]"></a>__scatterload_zeroinit</STRONG> (Thumb, 28 bytes, Stack size unknown bytes, __scatter_zi.o(!!handler_zi), UNUSED)

<P><STRONG><a name="[55]"></a>__rt_lib_init</STRONG> (Thumb, 0 bytes, Stack size unknown bytes, libinit.o(.ARM.Collect$$libinit$$00000000))
<BR><BR>[Called By]<UL><LI><a href="#[54]">&gt;&gt;</a>&nbsp;&nbsp;&nbsp;__rt_entry_li
</UL>

<P><STRONG><a name="[17b]"></a>__rt_lib_init_alloca_1</STRONG> (Thumb, 0 bytes, Stack size unknown bytes, libinit2.o(.ARM.Collect$$libinit$$0000002C))

<P><STRONG><a name="[17c]"></a>__rt_lib_init_argv_1</STRONG> (Thumb, 0 bytes, Stack size unknown bytes, libinit2.o(.ARM.Collect$$libinit$$0000002A))

<P><STRONG><a name="[17d]"></a>__rt_lib_init_atexit_1</STRONG> (Thumb, 0 bytes, Stack size unknown bytes, libinit2.o(.ARM.Collect$$libinit$$00000019))

<P><STRONG><a name="[17e]"></a>__rt_lib_init_clock_1</STRONG> (Thumb, 0 bytes, Stack size unknown bytes, libinit2.o(.ARM.Collect$$libinit$$0000001F))

<P><STRONG><a name="[51]"></a>__rt_lib_init_cpp_2</STRONG> (Thumb, 0 bytes, Stack size unknown bytes, libinit2.o(.ARM.Collect$$libinit$$0000002F))
<BR><BR>[Stack]<UL><LI>Max Depth = 16 + Unknown Stack Size
<LI>Call Chain = __rt_lib_init_cpp_2 &rArr; __cpp_initialize__aeabi_
</UL>
<BR>[Calls]<UL><LI><a href="#[4c]">&gt;&gt;</a>&nbsp;&nbsp;&nbsp;__cpp_initialize__aeabi_
</UL>

<P><STRONG><a name="[17f]"></a>__rt_lib_init_exceptions_1</STRONG> (Thumb, 0 bytes, Stack size unknown bytes, libinit2.o(.ARM.Collect$$libinit$$0000002E))

<P><STRONG><a name="[180]"></a>__rt_lib_init_fp_1</STRONG> (Thumb, 0 bytes, Stack size unknown bytes, libinit2.o(.ARM.Collect$$libinit$$00000002))

<P><STRONG><a name="[181]"></a>__rt_lib_init_fp_trap_1</STRONG> (Thumb, 0 bytes, Stack size unknown bytes, libinit2.o(.ARM.Collect$$libinit$$0000001D))

<P><STRONG><a name="[182]"></a>__rt_lib_init_getenv_1</STRONG> (Thumb, 0 bytes, Stack size unknown bytes, libinit2.o(.ARM.Collect$$libinit$$00000021))

<P><STRONG><a name="[183]"></a>__rt_lib_init_heap_1</STRONG> (Thumb, 0 bytes, Stack size unknown bytes, libinit2.o(.ARM.Collect$$libinit$$00000008))

<P><STRONG><a name="[184]"></a>__rt_lib_init_lc_collate_1</STRONG> (Thumb, 0 bytes, Stack size unknown bytes, libinit2.o(.ARM.Collect$$libinit$$0000000F))

<P><STRONG><a name="[185]"></a>__rt_lib_init_lc_ctype_1</STRONG> (Thumb, 0 bytes, Stack size unknown bytes, libinit2.o(.ARM.Collect$$libinit$$00000011))

<P><STRONG><a name="[186]"></a>__rt_lib_init_lc_monetary_1</STRONG> (Thumb, 0 bytes, Stack size unknown bytes, libinit2.o(.ARM.Collect$$libinit$$00000013))

<P><STRONG><a name="[187]"></a>__rt_lib_init_lc_numeric_1</STRONG> (Thumb, 0 bytes, Stack size unknown bytes, libinit2.o(.ARM.Collect$$libinit$$00000015))

<P><STRONG><a name="[188]"></a>__rt_lib_init_lc_time_1</STRONG> (Thumb, 0 bytes, Stack size unknown bytes, libinit2.o(.ARM.Collect$$libinit$$00000017))

<P><STRONG><a name="[189]"></a>__rt_lib_init_rand_1</STRONG> (Thumb, 0 bytes, Stack size unknown bytes, libinit2.o(.ARM.Collect$$libinit$$0000000C))

<P><STRONG><a name="[18a]"></a>__rt_lib_init_signal_1</STRONG> (Thumb, 0 bytes, Stack size unknown bytes, libinit2.o(.ARM.Collect$$libinit$$0000001B))

<P><STRONG><a name="[18b]"></a>__rt_lib_init_stdio_1</STRONG> (Thumb, 0 bytes, Stack size unknown bytes, libinit2.o(.ARM.Collect$$libinit$$00000023))

<P><STRONG><a name="[18c]"></a>__rt_lib_init_user_alloc_1</STRONG> (Thumb, 0 bytes, Stack size unknown bytes, libinit2.o(.ARM.Collect$$libinit$$0000000A))

<P><STRONG><a name="[18d]"></a>__rt_lib_init_cpp_1</STRONG> (Thumb, 0 bytes, Stack size unknown bytes, libinit2.o(.ARM.Collect$$libinit$$00000030))

<P><STRONG><a name="[18e]"></a>__rt_lib_init_return</STRONG> (Thumb, 0 bytes, Stack size unknown bytes, libinit2.o(.ARM.Collect$$libinit$$00000031))

<P><STRONG><a name="[5a]"></a>__rt_lib_shutdown</STRONG> (Thumb, 0 bytes, Stack size unknown bytes, libshutdown.o(.ARM.Collect$$libshutdown$$00000000))
<BR><BR>[Called By]<UL><LI><a href="#[59]">&gt;&gt;</a>&nbsp;&nbsp;&nbsp;__rt_exit_ls
</UL>

<P><STRONG><a name="[18f]"></a>__rt_lib_shutdown_fp_trap_1</STRONG> (Thumb, 0 bytes, Stack size unknown bytes, libshutdown2.o(.ARM.Collect$$libshutdown$$00000006))

<P><STRONG><a name="[190]"></a>__rt_lib_shutdown_heap_1</STRONG> (Thumb, 0 bytes, Stack size unknown bytes, libshutdown2.o(.ARM.Collect$$libshutdown$$0000000E))

<P><STRONG><a name="[191]"></a>__rt_lib_shutdown_return</STRONG> (Thumb, 0 bytes, Stack size unknown bytes, libshutdown2.o(.ARM.Collect$$libshutdown$$0000000F))

<P><STRONG><a name="[192]"></a>__rt_lib_shutdown_signal_1</STRONG> (Thumb, 0 bytes, Stack size unknown bytes, libshutdown2.o(.ARM.Collect$$libshutdown$$00000009))

<P><STRONG><a name="[193]"></a>__rt_lib_shutdown_stdio_1</STRONG> (Thumb, 0 bytes, Stack size unknown bytes, libshutdown2.o(.ARM.Collect$$libshutdown$$00000003))

<P><STRONG><a name="[194]"></a>__rt_lib_shutdown_user_alloc_1</STRONG> (Thumb, 0 bytes, Stack size unknown bytes, libshutdown2.o(.ARM.Collect$$libshutdown$$0000000B))

<P><STRONG><a name="[4e]"></a>__rt_entry</STRONG> (Thumb, 0 bytes, Stack size unknown bytes, rtentry.o(.ARM.Collect$$rtentry$$00000000))
<BR><BR>[Called By]<UL><LI><a href="#[4b]">&gt;&gt;</a>&nbsp;&nbsp;&nbsp;__main
<LI><a href="#[4f]">&gt;&gt;</a>&nbsp;&nbsp;&nbsp;__scatterload_rt2
</UL>

<P><STRONG><a name="[195]"></a>__rt_entry_presh_1</STRONG> (Thumb, 0 bytes, Stack size unknown bytes, rtentry2.o(.ARM.Collect$$rtentry$$00000002))

<P><STRONG><a name="[52]"></a>__rt_entry_sh</STRONG> (Thumb, 0 bytes, Stack size unknown bytes, rtentry4.o(.ARM.Collect$$rtentry$$00000004))
<BR><BR>[Stack]<UL><LI>Max Depth = 8 + Unknown Stack Size
<LI>Call Chain = __rt_entry_sh &rArr; __user_setup_stackheap
</UL>
<BR>[Calls]<UL><LI><a href="#[53]">&gt;&gt;</a>&nbsp;&nbsp;&nbsp;__user_setup_stackheap
</UL>

<P><STRONG><a name="[54]"></a>__rt_entry_li</STRONG> (Thumb, 0 bytes, Stack size unknown bytes, rtentry2.o(.ARM.Collect$$rtentry$$0000000A))
<BR><BR>[Calls]<UL><LI><a href="#[55]">&gt;&gt;</a>&nbsp;&nbsp;&nbsp;__rt_lib_init
</UL>

<P><STRONG><a name="[196]"></a>__rt_entry_postsh_1</STRONG> (Thumb, 0 bytes, Stack size unknown bytes, rtentry2.o(.ARM.Collect$$rtentry$$00000009))

<P><STRONG><a name="[56]"></a>__rt_entry_main</STRONG> (Thumb, 0 bytes, Stack size unknown bytes, rtentry2.o(.ARM.Collect$$rtentry$$0000000D))
<BR><BR>[Stack]<UL><LI>Max Depth = 320 + Unknown Stack Size
<LI>Call Chain = __rt_entry_main &rArr; main &rArr; ANO_Loop() &rArr; ANO_Loop_500Hz() &rArr; ANO_IMU::getAttitude() &rArr; ANO_IMU::DCM_CF(Vector3&lang;float&rang;, Vector3&lang;float&rang;, float) &rArr; ANO_Filter::CF_1st(Vector3&lang;float&rang;, Vector3&lang;float&rang;, float) &rArr; Vector3&lang;float&rang;::operator +(const Vector3&lang;float&rang;&) const &rArr; __aeabi_fadd
</UL>
<BR>[Calls]<UL><LI><a href="#[57]">&gt;&gt;</a>&nbsp;&nbsp;&nbsp;main
<LI><a href="#[58]">&gt;&gt;</a>&nbsp;&nbsp;&nbsp;exit
</UL>

<P><STRONG><a name="[197]"></a>__rt_entry_postli_1</STRONG> (Thumb, 0 bytes, Stack size unknown bytes, rtentry2.o(.ARM.Collect$$rtentry$$0000000C))

<P><STRONG><a name="[156]"></a>__rt_exit</STRONG> (Thumb, 0 bytes, Stack size unknown bytes, rtexit.o(.ARM.Collect$$rtexit$$00000000))
<BR><BR>[Called By]<UL><LI><a href="#[58]">&gt;&gt;</a>&nbsp;&nbsp;&nbsp;exit
</UL>

<P><STRONG><a name="[59]"></a>__rt_exit_ls</STRONG> (Thumb, 0 bytes, Stack size unknown bytes, rtexit2.o(.ARM.Collect$$rtexit$$00000003))
<BR><BR>[Calls]<UL><LI><a href="#[5a]">&gt;&gt;</a>&nbsp;&nbsp;&nbsp;__rt_lib_shutdown
</UL>

<P><STRONG><a name="[198]"></a>__rt_exit_prels_1</STRONG> (Thumb, 0 bytes, Stack size unknown bytes, rtexit2.o(.ARM.Collect$$rtexit$$00000002))

<P><STRONG><a name="[5b]"></a>__rt_exit_exit</STRONG> (Thumb, 0 bytes, Stack size unknown bytes, rtexit2.o(.ARM.Collect$$rtexit$$00000004))
<BR><BR>[Calls]<UL><LI><a href="#[5c]">&gt;&gt;</a>&nbsp;&nbsp;&nbsp;_sys_exit
</UL>

<P><STRONG><a name="[57]"></a>main</STRONG> (Thumb, 24 bytes, Stack size 0 bytes, anocopter.o(.text))
<BR><BR>[Stack]<UL><LI>Max Depth = 320<LI>Call Chain = main &rArr; ANO_Loop() &rArr; ANO_Loop_500Hz() &rArr; ANO_IMU::getAttitude() &rArr; ANO_IMU::DCM_CF(Vector3&lang;float&rang;, Vector3&lang;float&rang;, float) &rArr; ANO_Filter::CF_1st(Vector3&lang;float&rang;, Vector3&lang;float&rang;, float) &rArr; Vector3&lang;float&rang;::operator +(const Vector3&lang;float&rang;&) const &rArr; __aeabi_fadd
</UL>
<BR>[Calls]<UL><LI><a href="#[5e]">&gt;&gt;</a>&nbsp;&nbsp;&nbsp;ANO_Param::Init()
<LI><a href="#[5f]">&gt;&gt;</a>&nbsp;&nbsp;&nbsp;ANO_IMU::Init()
<LI><a href="#[60]">&gt;&gt;</a>&nbsp;&nbsp;&nbsp;ANO_Loop()
<LI><a href="#[5d]">&gt;&gt;</a>&nbsp;&nbsp;&nbsp;ANO_Quadcopter_board_Init()
</UL>
<BR>[Called By]<UL><LI><a href="#[56]">&gt;&gt;</a>&nbsp;&nbsp;&nbsp;__rt_entry_main
</UL>

<P><STRONG><a name="[64]"></a>ANO_Config::ANO_Config()</STRONG> (Thumb, 2 bytes, Stack size 0 bytes, ano_config.o(.text))
<BR><BR>[Called By]<UL><LI><a href="#[45]">&gt;&gt;</a>&nbsp;&nbsp;&nbsp;__sti___14_ANO_Config_cpp_ano
</UL>

<P><STRONG><a name="[199]"></a>ANO_Config::ANO_Config__sub_object()</STRONG> (Thumb, 0 bytes, Stack size 0 bytes, ano_config.o(.text), UNUSED)

<P><STRONG><a name="[61]"></a>ANO_Config::Pilot_Light()</STRONG> (Thumb, 70 bytes, Stack size 8 bytes, ano_config.o(.text))
<BR><BR>[Stack]<UL><LI>Max Depth = 16<LI>Call Chain = ANO_Config::Pilot_Light() &rArr; ANO_LED::OFF()
</UL>
<BR>[Calls]<UL><LI><a href="#[63]">&gt;&gt;</a>&nbsp;&nbsp;&nbsp;ANO_LED::OFF()
<LI><a href="#[62]">&gt;&gt;</a>&nbsp;&nbsp;&nbsp;ANO_LED::ON()
</UL>
<BR>[Called By]<UL><LI><a href="#[6f]">&gt;&gt;</a>&nbsp;&nbsp;&nbsp;ANO_Loop_50Hz()
</UL>

<P><STRONG><a name="[60]"></a>ANO_Loop()</STRONG> (Thumb, 94 bytes, Stack size 8 bytes, ano_scheduler.o(.text))
<BR><BR>[Stack]<UL><LI>Max Depth = 320<LI>Call Chain = ANO_Loop() &rArr; ANO_Loop_500Hz() &rArr; ANO_IMU::getAttitude() &rArr; ANO_IMU::DCM_CF(Vector3&lang;float&rang;, Vector3&lang;float&rang;, float) &rArr; ANO_Filter::CF_1st(Vector3&lang;float&rang;, Vector3&lang;float&rang;, float) &rArr; Vector3&lang;float&rang;::operator +(const Vector3&lang;float&rang;&) const &rArr; __aeabi_fadd
</UL>
<BR>[Calls]<UL><LI><a href="#[6f]">&gt;&gt;</a>&nbsp;&nbsp;&nbsp;ANO_Loop_50Hz()
<LI><a href="#[6d]">&gt;&gt;</a>&nbsp;&nbsp;&nbsp;ANO_Loop_100Hz()
<LI><a href="#[6b]">&gt;&gt;</a>&nbsp;&nbsp;&nbsp;ANO_Loop_200Hz()
<LI><a href="#[67]">&gt;&gt;</a>&nbsp;&nbsp;&nbsp;ANO_Loop_500Hz()
<LI><a href="#[65]">&gt;&gt;</a>&nbsp;&nbsp;&nbsp;ANO_Loop_1000Hz()
</UL>
<BR>[Called By]<UL><LI><a href="#[57]">&gt;&gt;</a>&nbsp;&nbsp;&nbsp;main
</UL>

<P><STRONG><a name="[73]"></a>ANO_Scheduler::ANO_Scheduler()</STRONG> (Thumb, 14 bytes, Stack size 0 bytes, ano_scheduler.o(.text))
<BR><BR>[Called By]<UL><LI><a href="#[46]">&gt;&gt;</a>&nbsp;&nbsp;&nbsp;__sti___17_ANO_Scheduler_cpp_463cec18
</UL>

<P><STRONG><a name="[19a]"></a>ANO_Scheduler::ANO_Scheduler__sub_object()</STRONG> (Thumb, 0 bytes, Stack size 0 bytes, ano_scheduler.o(.text), UNUSED)

<P><STRONG><a name="[74]"></a>ANO_Filter::LPF_1st_Factor_Cal(float, float)</STRONG> (Thumb, 52 bytes, Stack size 32 bytes, ano_filter.o(.text))
<BR><BR>[Stack]<UL><LI>Max Depth = 48<LI>Call Chain = ANO_Filter::LPF_1st_Factor_Cal(float, float) &rArr; __aeabi_fmul
</UL>
<BR>[Calls]<UL><LI><a href="#[75]">&gt;&gt;</a>&nbsp;&nbsp;&nbsp;__aeabi_fmul
<LI><a href="#[76]">&gt;&gt;</a>&nbsp;&nbsp;&nbsp;__aeabi_fdiv
<LI><a href="#[77]">&gt;&gt;</a>&nbsp;&nbsp;&nbsp;__aeabi_fadd
</UL>
<BR>[Called By]<UL><LI><a href="#[84]">&gt;&gt;</a>&nbsp;&nbsp;&nbsp;ANO_IMU::filter_Init()
</UL>

<P><STRONG><a name="[85]"></a>ANO_Filter::LPF_2nd_Factor_Cal(ANO_Filter::LPF2ndData_t*)</STRONG> (Thumb, 14 bytes, Stack size 0 bytes, ano_filter.o(.text))
<BR><BR>[Called By]<UL><LI><a href="#[84]">&gt;&gt;</a>&nbsp;&nbsp;&nbsp;ANO_IMU::filter_Init()
</UL>

<P><STRONG><a name="[78]"></a>ANO_Filter::CF_Factor_Cal(float, float)</STRONG> (Thumb, 32 bytes, Stack size 24 bytes, ano_filter.o(.text))
<BR><BR>[Stack]<UL><LI>Max Depth = 40<LI>Call Chain = ANO_Filter::CF_Factor_Cal(float, float) &rArr; __aeabi_fdiv
</UL>
<BR>[Calls]<UL><LI><a href="#[76]">&gt;&gt;</a>&nbsp;&nbsp;&nbsp;__aeabi_fdiv
<LI><a href="#[77]">&gt;&gt;</a>&nbsp;&nbsp;&nbsp;__aeabi_fadd
</UL>
<BR>[Called By]<UL><LI><a href="#[84]">&gt;&gt;</a>&nbsp;&nbsp;&nbsp;ANO_IMU::filter_Init()
</UL>

<P><STRONG><a name="[79]"></a>ANO_Filter::LPF_1st(Vector3&lang;float&rang;, Vector3&lang;float&rang;, float)</STRONG> (Thumb, 78 bytes, Stack size 88 bytes, ano_filter.o(.text), UNUSED)
<BR><BR>[Calls]<UL><LI><a href="#[7c]">&gt;&gt;</a>&nbsp;&nbsp;&nbsp;Vector3&lang;float&rang;::operator +(const Vector3&lang;float&rang;&) const
<LI><a href="#[7a]">&gt;&gt;</a>&nbsp;&nbsp;&nbsp;Vector3&lang;float&rang;::operator *(float) const
<LI><a href="#[7b]">&gt;&gt;</a>&nbsp;&nbsp;&nbsp;__aeabi_fsub
</UL>

<P><STRONG><a name="[7d]"></a>ANO_Filter::LPF_2nd(ANO_Filter::LPF2ndData_t*, Vector3&lang;float&rang;)</STRONG> (Thumb, 156 bytes, Stack size 152 bytes, ano_filter.o(.text))
<BR><BR>[Stack]<UL><LI>Max Depth = 200<LI>Call Chain = ANO_Filter::LPF_2nd(ANO_Filter::LPF2ndData_t*, Vector3&lang;float&rang;) &rArr; Vector3&lang;float&rang;::operator +(const Vector3&lang;float&rang;&) const &rArr; __aeabi_fadd
</UL>
<BR>[Calls]<UL><LI><a href="#[7c]">&gt;&gt;</a>&nbsp;&nbsp;&nbsp;Vector3&lang;float&rang;::operator +(const Vector3&lang;float&rang;&) const
<LI><a href="#[7a]">&gt;&gt;</a>&nbsp;&nbsp;&nbsp;Vector3&lang;float&rang;::operator *(float) const
<LI><a href="#[7e]">&gt;&gt;</a>&nbsp;&nbsp;&nbsp;Vector3&lang;float&rang;::operator -(const Vector3&lang;float&rang;&) const
</UL>
<BR>[Called By]<UL><LI><a href="#[69]">&gt;&gt;</a>&nbsp;&nbsp;&nbsp;ANO_IMU::getAttitude()
</UL>

<P><STRONG><a name="[7f]"></a>ANO_Filter::CF_1st(Vector3&lang;float&rang;, Vector3&lang;float&rang;, float)</STRONG> (Thumb, 78 bytes, Stack size 88 bytes, ano_filter.o(.text))
<BR><BR>[Stack]<UL><LI>Max Depth = 136<LI>Call Chain = ANO_Filter::CF_1st(Vector3&lang;float&rang;, Vector3&lang;float&rang;, float) &rArr; Vector3&lang;float&rang;::operator +(const Vector3&lang;float&rang;&) const &rArr; __aeabi_fadd
</UL>
<BR>[Calls]<UL><LI><a href="#[7c]">&gt;&gt;</a>&nbsp;&nbsp;&nbsp;Vector3&lang;float&rang;::operator +(const Vector3&lang;float&rang;&) const
<LI><a href="#[7a]">&gt;&gt;</a>&nbsp;&nbsp;&nbsp;Vector3&lang;float&rang;::operator *(float) const
<LI><a href="#[7b]">&gt;&gt;</a>&nbsp;&nbsp;&nbsp;__aeabi_fsub
</UL>
<BR>[Called By]<UL><LI><a href="#[8a]">&gt;&gt;</a>&nbsp;&nbsp;&nbsp;ANO_IMU::DCM_CF(Vector3&lang;float&rang;, Vector3&lang;float&rang;, float)
</UL>

<P><STRONG><a name="[80]"></a>ANO_IMU::ANO_IMU()</STRONG> (Thumb, 108 bytes, Stack size 16 bytes, ano_imu.o(.text))
<BR><BR>[Stack]<UL><LI>Max Depth = 16<LI>Call Chain = ANO_IMU::ANO_IMU()
</UL>
<BR>[Calls]<UL><LI><a href="#[81]">&gt;&gt;</a>&nbsp;&nbsp;&nbsp;Vector3&lang;float&rang;::Vector3()
</UL>
<BR>[Called By]<UL><LI><a href="#[47]">&gt;&gt;</a>&nbsp;&nbsp;&nbsp;__sti___11_ANO_IMU_cpp_imu
</UL>

<P><STRONG><a name="[19b]"></a>ANO_IMU::ANO_IMU__sub_object()</STRONG> (Thumb, 0 bytes, Stack size 16 bytes, ano_imu.o(.text), UNUSED)

<P><STRONG><a name="[82]"></a>ANO_IMU::sensor_Init()</STRONG> (Thumb, 18 bytes, Stack size 8 bytes, ano_imu.o(.text))
<BR><BR>[Stack]<UL><LI>Max Depth = 60<LI>Call Chain = ANO_IMU::sensor_Init() &rArr; ANO_MPU6050::Init(unsigned short, unsigned short) &rArr; ANO_I2C_Soft::I2C_Single_Write(unsigned char, unsigned char, unsigned char) &rArr; ANO_I2C_Soft::I2C_SendByte(unsigned char)
</UL>
<BR>[Calls]<UL><LI><a href="#[83]">&gt;&gt;</a>&nbsp;&nbsp;&nbsp;ANO_MPU6050::Init(unsigned short, unsigned short)
</UL>
<BR>[Called By]<UL><LI><a href="#[5f]">&gt;&gt;</a>&nbsp;&nbsp;&nbsp;ANO_IMU::Init()
</UL>

<P><STRONG><a name="[84]"></a>ANO_IMU::filter_Init()</STRONG> (Thumb, 44 bytes, Stack size 8 bytes, ano_imu.o(.text))
<BR><BR>[Stack]<UL><LI>Max Depth = 56<LI>Call Chain = ANO_IMU::filter_Init() &rArr; ANO_Filter::LPF_1st_Factor_Cal(float, float) &rArr; __aeabi_fmul
</UL>
<BR>[Calls]<UL><LI><a href="#[78]">&gt;&gt;</a>&nbsp;&nbsp;&nbsp;ANO_Filter::CF_Factor_Cal(float, float)
<LI><a href="#[85]">&gt;&gt;</a>&nbsp;&nbsp;&nbsp;ANO_Filter::LPF_2nd_Factor_Cal(ANO_Filter::LPF2ndData_t*)
<LI><a href="#[74]">&gt;&gt;</a>&nbsp;&nbsp;&nbsp;ANO_Filter::LPF_1st_Factor_Cal(float, float)
</UL>
<BR>[Called By]<UL><LI><a href="#[5f]">&gt;&gt;</a>&nbsp;&nbsp;&nbsp;ANO_IMU::Init()
</UL>

<P><STRONG><a name="[5f]"></a>ANO_IMU::Init()</STRONG> (Thumb, 18 bytes, Stack size 8 bytes, ano_imu.o(.text))
<BR><BR>[Stack]<UL><LI>Max Depth = 68<LI>Call Chain = ANO_IMU::Init() &rArr; ANO_IMU::sensor_Init() &rArr; ANO_MPU6050::Init(unsigned short, unsigned short) &rArr; ANO_I2C_Soft::I2C_Single_Write(unsigned char, unsigned char, unsigned char) &rArr; ANO_I2C_Soft::I2C_SendByte(unsigned char)
</UL>
<BR>[Calls]<UL><LI><a href="#[84]">&gt;&gt;</a>&nbsp;&nbsp;&nbsp;ANO_IMU::filter_Init()
<LI><a href="#[82]">&gt;&gt;</a>&nbsp;&nbsp;&nbsp;ANO_IMU::sensor_Init()
</UL>
<BR>[Called By]<UL><LI><a href="#[57]">&gt;&gt;</a>&nbsp;&nbsp;&nbsp;main
</UL>

<P><STRONG><a name="[68]"></a>ANO_IMU::updateSensor()</STRONG> (Thumb, 54 bytes, Stack size 24 bytes, ano_imu.o(.text))
<BR><BR>[Stack]<UL><LI>Max Depth = 188<LI>Call Chain = ANO_IMU::updateSensor() &rArr; ANO_MPU6050::Read_Acc_Data() &rArr; ANO_MPU6050::CalOffset_Acc() &rArr; ANO_Param::SAVE_ACC_OFFSET() &rArr; EE_WriteVariable(unsigned short, unsigned short) &rArr; EE_PageTransfer(unsigned short, unsigned short) &rArr; EE_VerifyPageFullWriteVariable(unsigned short, unsigned short) &rArr; FLASH_ProgramHalfWord &rArr; FLASH_WaitForLastOperation
</UL>
<BR>[Calls]<UL><LI><a href="#[89]">&gt;&gt;</a>&nbsp;&nbsp;&nbsp;ANO_MPU6050::Get_Acc()
<LI><a href="#[88]">&gt;&gt;</a>&nbsp;&nbsp;&nbsp;ANO_MPU6050::Get_Gyro_in_dps()
<LI><a href="#[87]">&gt;&gt;</a>&nbsp;&nbsp;&nbsp;ANO_MPU6050::Read_Gyro_Data()
<LI><a href="#[86]">&gt;&gt;</a>&nbsp;&nbsp;&nbsp;ANO_MPU6050::Read_Acc_Data()
</UL>
<BR>[Called By]<UL><LI><a href="#[67]">&gt;&gt;</a>&nbsp;&nbsp;&nbsp;ANO_Loop_500Hz()
</UL>

<P><STRONG><a name="[8a]"></a>ANO_IMU::DCM_CF(Vector3&lang;float&rang;, Vector3&lang;float&rang;, float)</STRONG> (Thumb, 346 bytes, Stack size 128 bytes, ano_imu.o(.text))
<BR><BR>[Stack]<UL><LI>Max Depth = 264<LI>Call Chain = ANO_IMU::DCM_CF(Vector3&lang;float&rang;, Vector3&lang;float&rang;, float) &rArr; ANO_Filter::CF_1st(Vector3&lang;float&rang;, Vector3&lang;float&rang;, float) &rArr; Vector3&lang;float&rang;::operator +(const Vector3&lang;float&rang;&) const &rArr; __aeabi_fadd
</UL>
<BR>[Calls]<UL><LI><a href="#[8e]">&gt;&gt;</a>&nbsp;&nbsp;&nbsp;Matrix3&lang;float&rang;::operator *(const Vector3&lang;float&rang;&) const
<LI><a href="#[90]">&gt;&gt;</a>&nbsp;&nbsp;&nbsp;Vector3&lang;float&rang;::get_yaw(Vector3&lang;float&rang;&)
<LI><a href="#[8f]">&gt;&gt;</a>&nbsp;&nbsp;&nbsp;Vector3&lang;float&rang;::get_rollpitch(Vector3&lang;float&rang;&)
<LI><a href="#[8d]">&gt;&gt;</a>&nbsp;&nbsp;&nbsp;Matrix3&lang;float&rang;::from_euler(const Vector3&lang;float&rang;&)
<LI><a href="#[81]">&gt;&gt;</a>&nbsp;&nbsp;&nbsp;Vector3&lang;float&rang;::Vector3()
<LI><a href="#[8c]">&gt;&gt;</a>&nbsp;&nbsp;&nbsp;Vector3&lang;float&rang;::Vector3(float, float, float)
<LI><a href="#[7c]">&gt;&gt;</a>&nbsp;&nbsp;&nbsp;Vector3&lang;float&rang;::operator +(const Vector3&lang;float&rang;&) const
<LI><a href="#[7a]">&gt;&gt;</a>&nbsp;&nbsp;&nbsp;Vector3&lang;float&rang;::operator *(float) const
<LI><a href="#[7f]">&gt;&gt;</a>&nbsp;&nbsp;&nbsp;ANO_Filter::CF_1st(Vector3&lang;float&rang;, Vector3&lang;float&rang;, float)
<LI><a href="#[8b]">&gt;&gt;</a>&nbsp;&nbsp;&nbsp;__cxa_guard_acquire
</UL>
<BR>[Called By]<UL><LI><a href="#[69]">&gt;&gt;</a>&nbsp;&nbsp;&nbsp;ANO_IMU::getAttitude()
</UL>

<P><STRONG><a name="[91]"></a>ANO_IMU::getDeltaT(unsigned)</STRONG> (Thumb, 46 bytes, Stack size 32 bytes, ano_imu.o(.text))
<BR><BR>[Stack]<UL><LI>Max Depth = 64<LI>Call Chain = ANO_IMU::getDeltaT(unsigned) &rArr; __aeabi_dmul
</UL>
<BR>[Calls]<UL><LI><a href="#[93]">&gt;&gt;</a>&nbsp;&nbsp;&nbsp;__aeabi_dmul
<LI><a href="#[92]">&gt;&gt;</a>&nbsp;&nbsp;&nbsp;__aeabi_ui2d
<LI><a href="#[94]">&gt;&gt;</a>&nbsp;&nbsp;&nbsp;__aeabi_d2f
</UL>
<BR>[Called By]<UL><LI><a href="#[69]">&gt;&gt;</a>&nbsp;&nbsp;&nbsp;ANO_IMU::getAttitude()
</UL>

<P><STRONG><a name="[69]"></a>ANO_IMU::getAttitude()</STRONG> (Thumb, 82 bytes, Stack size 40 bytes, ano_imu.o(.text))
<BR><BR>[Stack]<UL><LI>Max Depth = 304<LI>Call Chain = ANO_IMU::getAttitude() &rArr; ANO_IMU::DCM_CF(Vector3&lang;float&rang;, Vector3&lang;float&rang;, float) &rArr; ANO_Filter::CF_1st(Vector3&lang;float&rang;, Vector3&lang;float&rang;, float) &rArr; Vector3&lang;float&rang;::operator +(const Vector3&lang;float&rang;&) const &rArr; __aeabi_fadd
</UL>
<BR>[Calls]<UL><LI><a href="#[95]">&gt;&gt;</a>&nbsp;&nbsp;&nbsp;GetSysTime_us()
<LI><a href="#[91]">&gt;&gt;</a>&nbsp;&nbsp;&nbsp;ANO_IMU::getDeltaT(unsigned)
<LI><a href="#[8a]">&gt;&gt;</a>&nbsp;&nbsp;&nbsp;ANO_IMU::DCM_CF(Vector3&lang;float&rang;, Vector3&lang;float&rang;, float)
<LI><a href="#[7d]">&gt;&gt;</a>&nbsp;&nbsp;&nbsp;ANO_Filter::LPF_2nd(ANO_Filter::LPF2ndData_t*, Vector3&lang;float&rang;)
</UL>
<BR>[Called By]<UL><LI><a href="#[67]">&gt;&gt;</a>&nbsp;&nbsp;&nbsp;ANO_Loop_500Hz()
</UL>

<P><STRONG><a name="[96]"></a>ANO_IMU::Quaternion_CF(Vector3&lang;float&rang;, Vector3&lang;float&rang;, float)</STRONG> (Thumb, 190 bytes, Stack size 120 bytes, ano_imu.o(.text), UNUSED)
<BR><BR>[Calls]<UL><LI><a href="#[9a]">&gt;&gt;</a>&nbsp;&nbsp;&nbsp;Vector3&lang;float&rang;::operator %(const Vector3&lang;float&rang;&) const
<LI><a href="#[97]">&gt;&gt;</a>&nbsp;&nbsp;&nbsp;Vector3&lang;float&rang;::length() const
<LI><a href="#[9b]">&gt;&gt;</a>&nbsp;&nbsp;&nbsp;Vector3&lang;float&rang;::operator +=(const Vector3&lang;float&rang;&)
<LI><a href="#[98]">&gt;&gt;</a>&nbsp;&nbsp;&nbsp;Vector3&lang;float&rang;::operator /=(float)
<LI><a href="#[9d]">&gt;&gt;</a>&nbsp;&nbsp;&nbsp;Quaternion::normalize()
<LI><a href="#[9e]">&gt;&gt;</a>&nbsp;&nbsp;&nbsp;Quaternion::to_euler(float*, float*, float*)
<LI><a href="#[9c]">&gt;&gt;</a>&nbsp;&nbsp;&nbsp;Quaternion::Runge_Kutta_1st(Vector3&lang;float&rang;&, float)
<LI><a href="#[99]">&gt;&gt;</a>&nbsp;&nbsp;&nbsp;Quaternion::vector_gravity(Vector3&lang;float&rang;&)
<LI><a href="#[81]">&gt;&gt;</a>&nbsp;&nbsp;&nbsp;Vector3&lang;float&rang;::Vector3()
<LI><a href="#[7c]">&gt;&gt;</a>&nbsp;&nbsp;&nbsp;Vector3&lang;float&rang;::operator +(const Vector3&lang;float&rang;&) const
<LI><a href="#[7a]">&gt;&gt;</a>&nbsp;&nbsp;&nbsp;Vector3&lang;float&rang;::operator *(float) const
</UL>

<P><STRONG><a name="[9f]"></a>ANO_DT::Send_Data(unsigned char*, unsigned char)</STRONG> (Thumb, 22 bytes, Stack size 16 bytes, ano_dt.o(.text))
<BR><BR>[Stack]<UL><LI>Max Depth = 80<LI>Call Chain = ANO_DT::Send_Data(unsigned char*, unsigned char) &rArr; ANO_NRF::TxPacket(unsigned char*, unsigned char) &rArr; ANO_NRF::Write_Buf(unsigned char, unsigned char*, unsigned char) &rArr; ANO_SPI::RW(unsigned char)
</UL>
<BR>[Calls]<UL><LI><a href="#[a0]">&gt;&gt;</a>&nbsp;&nbsp;&nbsp;ANO_NRF::TxPacket(unsigned char*, unsigned char)
</UL>
<BR>[Called By]<UL><LI><a href="#[ad]">&gt;&gt;</a>&nbsp;&nbsp;&nbsp;ANO_DT::Send_Status()
<LI><a href="#[aa]">&gt;&gt;</a>&nbsp;&nbsp;&nbsp;ANO_DT::Send_Senser()
<LI><a href="#[a9]">&gt;&gt;</a>&nbsp;&nbsp;&nbsp;ANO_DT::Send_RCData()
<LI><a href="#[a7]">&gt;&gt;</a>&nbsp;&nbsp;&nbsp;ANO_DT::Send_MotoPWM()
<LI><a href="#[a6]">&gt;&gt;</a>&nbsp;&nbsp;&nbsp;ANO_DT::Send_PID1()
<LI><a href="#[a5]">&gt;&gt;</a>&nbsp;&nbsp;&nbsp;ANO_DT::Send_PID2()
<LI><a href="#[a1]">&gt;&gt;</a>&nbsp;&nbsp;&nbsp;ANO_DT::Send_Check(unsigned short)
</UL>

<P><STRONG><a name="[a1]"></a>ANO_DT::Send_Check(unsigned short)</STRONG> (Thumb, 76 bytes, Stack size 24 bytes, ano_dt.o(.text))
<BR><BR>[Stack]<UL><LI>Max Depth = 104<LI>Call Chain = ANO_DT::Send_Check(unsigned short) &rArr; ANO_DT::Send_Data(unsigned char*, unsigned char) &rArr; ANO_NRF::TxPacket(unsigned char*, unsigned char) &rArr; ANO_NRF::Write_Buf(unsigned char, unsigned char*, unsigned char) &rArr; ANO_SPI::RW(unsigned char)
</UL>
<BR>[Calls]<UL><LI><a href="#[9f]">&gt;&gt;</a>&nbsp;&nbsp;&nbsp;ANO_DT::Send_Data(unsigned char*, unsigned char)
</UL>
<BR>[Called By]<UL><LI><a href="#[a2]">&gt;&gt;</a>&nbsp;&nbsp;&nbsp;ANO_DT::Data_Receive_Anl(unsigned char*, unsigned char)
</UL>

<P><STRONG><a name="[a2]"></a>ANO_DT::Data_Receive_Anl(unsigned char*, unsigned char)</STRONG> (Thumb, 574 bytes, Stack size 24 bytes, ano_dt.o(.text))
<BR><BR>[Stack]<UL><LI>Max Depth = 140<LI>Call Chain = ANO_DT::Data_Receive_Anl(unsigned char*, unsigned char) &rArr; ANO_Param::SAVE_PID() &rArr; EE_WriteVariable(unsigned short, unsigned short) &rArr; EE_PageTransfer(unsigned short, unsigned short) &rArr; EE_VerifyPageFullWriteVariable(unsigned short, unsigned short) &rArr; FLASH_ProgramHalfWord &rArr; FLASH_WaitForLastOperation
</UL>
<BR>[Calls]<UL><LI><a href="#[a3]">&gt;&gt;</a>&nbsp;&nbsp;&nbsp;ANO_Param::SAVE_PID()
<LI><a href="#[a1]">&gt;&gt;</a>&nbsp;&nbsp;&nbsp;ANO_DT::Send_Check(unsigned short)
</UL>
<BR>[Called By]<UL><LI><a href="#[a4]">&gt;&gt;</a>&nbsp;&nbsp;&nbsp;ANO_NRF::Check_Event()
</UL>

<P><STRONG><a name="[66]"></a>ANO_DT::Check_Event()</STRONG> (Thumb, 12 bytes, Stack size 8 bytes, ano_dt.o(.text))
<BR><BR>[Stack]<UL><LI>Max Depth = 164<LI>Call Chain = ANO_DT::Check_Event() &rArr; ANO_NRF::Check_Event() &rArr; ANO_DT::Data_Receive_Anl(unsigned char*, unsigned char) &rArr; ANO_Param::SAVE_PID() &rArr; EE_WriteVariable(unsigned short, unsigned short) &rArr; EE_PageTransfer(unsigned short, unsigned short) &rArr; EE_VerifyPageFullWriteVariable(unsigned short, unsigned short) &rArr; FLASH_ProgramHalfWord &rArr; FLASH_WaitForLastOperation
</UL>
<BR>[Calls]<UL><LI><a href="#[a4]">&gt;&gt;</a>&nbsp;&nbsp;&nbsp;ANO_NRF::Check_Event()
</UL>
<BR>[Called By]<UL><LI><a href="#[65]">&gt;&gt;</a>&nbsp;&nbsp;&nbsp;ANO_Loop_1000Hz()
</UL>

<P><STRONG><a name="[a5]"></a>ANO_DT::Send_PID2()</STRONG> (Thumb, 480 bytes, Stack size 24 bytes, ano_dt.o(.text))
<BR><BR>[Stack]<UL><LI>Max Depth = 104<LI>Call Chain = ANO_DT::Send_PID2() &rArr; ANO_DT::Send_Data(unsigned char*, unsigned char) &rArr; ANO_NRF::TxPacket(unsigned char*, unsigned char) &rArr; ANO_NRF::Write_Buf(unsigned char, unsigned char*, unsigned char) &rArr; ANO_SPI::RW(unsigned char)
</UL>
<BR>[Calls]<UL><LI><a href="#[9f]">&gt;&gt;</a>&nbsp;&nbsp;&nbsp;ANO_DT::Send_Data(unsigned char*, unsigned char)
</UL>
<BR>[Called By]<UL><LI><a href="#[6e]">&gt;&gt;</a>&nbsp;&nbsp;&nbsp;ANO_DT::Data_Exchange()
</UL>

<P><STRONG><a name="[a6]"></a>ANO_DT::Send_PID1()</STRONG> (Thumb, 440 bytes, Stack size 24 bytes, ano_dt.o(.text))
<BR><BR>[Stack]<UL><LI>Max Depth = 104<LI>Call Chain = ANO_DT::Send_PID1() &rArr; ANO_DT::Send_Data(unsigned char*, unsigned char) &rArr; ANO_NRF::TxPacket(unsigned char*, unsigned char) &rArr; ANO_NRF::Write_Buf(unsigned char, unsigned char*, unsigned char) &rArr; ANO_SPI::RW(unsigned char)
</UL>
<BR>[Calls]<UL><LI><a href="#[9f]">&gt;&gt;</a>&nbsp;&nbsp;&nbsp;ANO_DT::Send_Data(unsigned char*, unsigned char)
</UL>
<BR>[Called By]<UL><LI><a href="#[6e]">&gt;&gt;</a>&nbsp;&nbsp;&nbsp;ANO_DT::Data_Exchange()
</UL>

<P><STRONG><a name="[a7]"></a>ANO_DT::Send_MotoPWM()</STRONG> (Thumb, 336 bytes, Stack size 32 bytes, ano_dt.o(.text))
<BR><BR>[Stack]<UL><LI>Max Depth = 112<LI>Call Chain = ANO_DT::Send_MotoPWM() &rArr; ANO_DT::Send_Data(unsigned char*, unsigned char) &rArr; ANO_NRF::TxPacket(unsigned char*, unsigned char) &rArr; ANO_NRF::Write_Buf(unsigned char, unsigned char*, unsigned char) &rArr; ANO_SPI::RW(unsigned char)
</UL>
<BR>[Calls]<UL><LI><a href="#[a8]">&gt;&gt;</a>&nbsp;&nbsp;&nbsp;ANO_Motor::getPWM(unsigned short*)
<LI><a href="#[9f]">&gt;&gt;</a>&nbsp;&nbsp;&nbsp;ANO_DT::Send_Data(unsigned char*, unsigned char)
</UL>
<BR>[Called By]<UL><LI><a href="#[6e]">&gt;&gt;</a>&nbsp;&nbsp;&nbsp;ANO_DT::Data_Exchange()
</UL>

<P><STRONG><a name="[a9]"></a>ANO_DT::Send_RCData()</STRONG> (Thumb, 354 bytes, Stack size 16 bytes, ano_dt.o(.text))
<BR><BR>[Stack]<UL><LI>Max Depth = 96<LI>Call Chain = ANO_DT::Send_RCData() &rArr; ANO_DT::Send_Data(unsigned char*, unsigned char) &rArr; ANO_NRF::TxPacket(unsigned char*, unsigned char) &rArr; ANO_NRF::Write_Buf(unsigned char, unsigned char*, unsigned char) &rArr; ANO_SPI::RW(unsigned char)
</UL>
<BR>[Calls]<UL><LI><a href="#[9f]">&gt;&gt;</a>&nbsp;&nbsp;&nbsp;ANO_DT::Send_Data(unsigned char*, unsigned char)
</UL>
<BR>[Called By]<UL><LI><a href="#[6e]">&gt;&gt;</a>&nbsp;&nbsp;&nbsp;ANO_DT::Data_Exchange()
</UL>

<P><STRONG><a name="[aa]"></a>ANO_DT::Send_Senser()</STRONG> (Thumb, 462 bytes, Stack size 48 bytes, ano_dt.o(.text))
<BR><BR>[Stack]<UL><LI>Max Depth = 128<LI>Call Chain = ANO_DT::Send_Senser() &rArr; ANO_DT::Send_Data(unsigned char*, unsigned char) &rArr; ANO_NRF::TxPacket(unsigned char*, unsigned char) &rArr; ANO_NRF::Write_Buf(unsigned char, unsigned char*, unsigned char) &rArr; ANO_SPI::RW(unsigned char)
</UL>
<BR>[Calls]<UL><LI><a href="#[ac]">&gt;&gt;</a>&nbsp;&nbsp;&nbsp;ANO_MPU6050::Get_Gyro()
<LI><a href="#[9f]">&gt;&gt;</a>&nbsp;&nbsp;&nbsp;ANO_DT::Send_Data(unsigned char*, unsigned char)
<LI><a href="#[ab]">&gt;&gt;</a>&nbsp;&nbsp;&nbsp;__aeabi_f2iz
</UL>
<BR>[Called By]<UL><LI><a href="#[6e]">&gt;&gt;</a>&nbsp;&nbsp;&nbsp;ANO_DT::Data_Exchange()
</UL>

<P><STRONG><a name="[ad]"></a>ANO_DT::Send_Status()</STRONG> (Thumb, 308 bytes, Stack size 32 bytes, ano_dt.o(.text))
<BR><BR>[Stack]<UL><LI>Max Depth = 112<LI>Call Chain = ANO_DT::Send_Status() &rArr; ANO_DT::Send_Data(unsigned char*, unsigned char) &rArr; ANO_NRF::TxPacket(unsigned char*, unsigned char) &rArr; ANO_NRF::Write_Buf(unsigned char, unsigned char*, unsigned char) &rArr; ANO_SPI::RW(unsigned char)
</UL>
<BR>[Calls]<UL><LI><a href="#[9f]">&gt;&gt;</a>&nbsp;&nbsp;&nbsp;ANO_DT::Send_Data(unsigned char*, unsigned char)
<LI><a href="#[75]">&gt;&gt;</a>&nbsp;&nbsp;&nbsp;__aeabi_fmul
<LI><a href="#[ab]">&gt;&gt;</a>&nbsp;&nbsp;&nbsp;__aeabi_f2iz
</UL>
<BR>[Called By]<UL><LI><a href="#[6e]">&gt;&gt;</a>&nbsp;&nbsp;&nbsp;ANO_DT::Data_Exchange()
</UL>

<P><STRONG><a name="[6e]"></a>ANO_DT::Data_Exchange()</STRONG> (Thumb, 190 bytes, Stack size 8 bytes, ano_dt.o(.text))
<BR><BR>[Stack]<UL><LI>Max Depth = 136<LI>Call Chain = ANO_DT::Data_Exchange() &rArr; ANO_DT::Send_Senser() &rArr; ANO_DT::Send_Data(unsigned char*, unsigned char) &rArr; ANO_NRF::TxPacket(unsigned char*, unsigned char) &rArr; ANO_NRF::Write_Buf(unsigned char, unsigned char*, unsigned char) &rArr; ANO_SPI::RW(unsigned char)
</UL>
<BR>[Calls]<UL><LI><a href="#[ad]">&gt;&gt;</a>&nbsp;&nbsp;&nbsp;ANO_DT::Send_Status()
<LI><a href="#[aa]">&gt;&gt;</a>&nbsp;&nbsp;&nbsp;ANO_DT::Send_Senser()
<LI><a href="#[a9]">&gt;&gt;</a>&nbsp;&nbsp;&nbsp;ANO_DT::Send_RCData()
<LI><a href="#[a7]">&gt;&gt;</a>&nbsp;&nbsp;&nbsp;ANO_DT::Send_MotoPWM()
<LI><a href="#[a6]">&gt;&gt;</a>&nbsp;&nbsp;&nbsp;ANO_DT::Send_PID1()
<LI><a href="#[a5]">&gt;&gt;</a>&nbsp;&nbsp;&nbsp;ANO_DT::Send_PID2()
</UL>
<BR>[Called By]<UL><LI><a href="#[6d]">&gt;&gt;</a>&nbsp;&nbsp;&nbsp;ANO_Loop_100Hz()
</UL>

<P><STRONG><a name="[72]"></a>ANO_DT::Failsafe_Check()</STRONG> (Thumb, 46 bytes, Stack size 0 bytes, ano_dt.o(.text))
<BR><BR>[Called By]<UL><LI><a href="#[6f]">&gt;&gt;</a>&nbsp;&nbsp;&nbsp;ANO_Loop_50Hz()
</UL>

<P><STRONG><a name="[ae]"></a>ANO_Motor::writeMotor(unsigned short, int, int, int)</STRONG> (Thumb, 140 bytes, Stack size 32 bytes, ano_motor.o(.text))
<BR><BR>[Stack]<UL><LI>Max Depth = 32<LI>Call Chain = ANO_Motor::writeMotor(unsigned short, int, int, int)
</UL>
<BR>[Calls]<UL><LI><a href="#[b0]">&gt;&gt;</a>&nbsp;&nbsp;&nbsp;ANO_PWM::SetPwm(unsigned short*)
<LI><a href="#[af]">&gt;&gt;</a>&nbsp;&nbsp;&nbsp;constrain_uint16(unsigned short, unsigned short, unsigned short)
</UL>
<BR>[Called By]<UL><LI><a href="#[6a]">&gt;&gt;</a>&nbsp;&nbsp;&nbsp;ANO_FlyControl::Attitude_Inner_Loop()
</UL>

<P><STRONG><a name="[a8]"></a>ANO_Motor::getPWM(unsigned short*)</STRONG> (Thumb, 18 bytes, Stack size 0 bytes, ano_motor.o(.text))
<BR><BR>[Called By]<UL><LI><a href="#[a7]">&gt;&gt;</a>&nbsp;&nbsp;&nbsp;ANO_DT::Send_MotoPWM()
</UL>

<P><STRONG><a name="[b2]"></a>ANO_RC::Init()</STRONG> (Thumb, 2 bytes, Stack size 0 bytes, ano_rc.o(.text))
<BR><BR>[Called By]<UL><LI><a href="#[b1]">&gt;&gt;</a>&nbsp;&nbsp;&nbsp;ANO_RC::ANO_RC()
</UL>

<P><STRONG><a name="[b1]"></a>ANO_RC::ANO_RC()</STRONG> (Thumb, 14 bytes, Stack size 4 bytes, ano_rc.o(.text))
<BR><BR>[Stack]<UL><LI>Max Depth = 4<LI>Call Chain = ANO_RC::ANO_RC()
</UL>
<BR>[Calls]<UL><LI><a href="#[b2]">&gt;&gt;</a>&nbsp;&nbsp;&nbsp;ANO_RC::Init()
</UL>
<BR>[Called By]<UL><LI><a href="#[48]">&gt;&gt;</a>&nbsp;&nbsp;&nbsp;__sti___10_ANO_RC_cpp_rc
</UL>

<P><STRONG><a name="[19c]"></a>ANO_RC::ANO_RC__sub_object()</STRONG> (Thumb, 0 bytes, Stack size 4 bytes, ano_rc.o(.text), UNUSED)

<P><STRONG><a name="[70]"></a>ANO_RC::Cal_Command()</STRONG> (Thumb, 252 bytes, Stack size 48 bytes, ano_rc.o(.text))
<BR><BR>[Stack]<UL><LI>Max Depth = 80<LI>Call Chain = ANO_RC::Cal_Command() &rArr; __aeabi_dmul
</UL>
<BR>[Calls]<UL><LI><a href="#[ab]">&gt;&gt;</a>&nbsp;&nbsp;&nbsp;__aeabi_f2iz
<LI><a href="#[7b]">&gt;&gt;</a>&nbsp;&nbsp;&nbsp;__aeabi_fsub
<LI><a href="#[93]">&gt;&gt;</a>&nbsp;&nbsp;&nbsp;__aeabi_dmul
<LI><a href="#[b3]">&gt;&gt;</a>&nbsp;&nbsp;&nbsp;__aeabi_i2d
<LI><a href="#[b4]">&gt;&gt;</a>&nbsp;&nbsp;&nbsp;__aeabi_d2iz
<LI><a href="#[b5]">&gt;&gt;</a>&nbsp;&nbsp;&nbsp;__aeabi_dsub
</UL>
<BR>[Called By]<UL><LI><a href="#[6f]">&gt;&gt;</a>&nbsp;&nbsp;&nbsp;ANO_Loop_50Hz()
</UL>

<P><STRONG><a name="[71]"></a>ANO_RC::check_sticks()</STRONG> (Thumb, 206 bytes, Stack size 0 bytes, ano_rc.o(.text))
<BR><BR>[Called By]<UL><LI><a href="#[6f]">&gt;&gt;</a>&nbsp;&nbsp;&nbsp;ANO_Loop_50Hz()
</UL>

<P><STRONG><a name="[ba]"></a>ANO_PID::get_d(int, unsigned short)</STRONG> (Thumb, 66 bytes, Stack size 20 bytes, ano_pid.o(.text))
<BR><BR>[Stack]<UL><LI>Max Depth = 20<LI>Call Chain = ANO_PID::get_d(int, unsigned short)
</UL>
<BR>[Called By]<UL><LI><a href="#[b8]">&gt;&gt;</a>&nbsp;&nbsp;&nbsp;ANO_PID::get_pid(int, unsigned short)
</UL>

<P><STRONG><a name="[b6]"></a>ANO_PID::get_i(int, unsigned short)</STRONG> (Thumb, 64 bytes, Stack size 16 bytes, ano_pid.o(.text))
<BR><BR>[Stack]<UL><LI>Max Depth = 16<LI>Call Chain = ANO_PID::get_i(int, unsigned short)
</UL>
<BR>[Calls]<UL><LI><a href="#[b7]">&gt;&gt;</a>&nbsp;&nbsp;&nbsp;constrain_int32(int, int, int)
</UL>
<BR>[Called By]<UL><LI><a href="#[bb]">&gt;&gt;</a>&nbsp;&nbsp;&nbsp;ANO_PID::get_pi(int, unsigned short)
<LI><a href="#[b8]">&gt;&gt;</a>&nbsp;&nbsp;&nbsp;ANO_PID::get_pid(int, unsigned short)
</UL>

<P><STRONG><a name="[b9]"></a>ANO_PID::get_p(int)</STRONG> (Thumb, 18 bytes, Stack size 0 bytes, ano_pid.o(.text))
<BR><BR>[Called By]<UL><LI><a href="#[bb]">&gt;&gt;</a>&nbsp;&nbsp;&nbsp;ANO_PID::get_pi(int, unsigned short)
<LI><a href="#[b8]">&gt;&gt;</a>&nbsp;&nbsp;&nbsp;ANO_PID::get_pid(int, unsigned short)
<LI><a href="#[6c]">&gt;&gt;</a>&nbsp;&nbsp;&nbsp;ANO_FlyControl::Attitude_Outter_Loop()
</UL>

<P><STRONG><a name="[b8]"></a>ANO_PID::get_pid(int, unsigned short)</STRONG> (Thumb, 48 bytes, Stack size 24 bytes, ano_pid.o(.text))
<BR><BR>[Stack]<UL><LI>Max Depth = 44<LI>Call Chain = ANO_PID::get_pid(int, unsigned short) &rArr; ANO_PID::get_d(int, unsigned short)
</UL>
<BR>[Calls]<UL><LI><a href="#[b9]">&gt;&gt;</a>&nbsp;&nbsp;&nbsp;ANO_PID::get_p(int)
<LI><a href="#[b6]">&gt;&gt;</a>&nbsp;&nbsp;&nbsp;ANO_PID::get_i(int, unsigned short)
<LI><a href="#[ba]">&gt;&gt;</a>&nbsp;&nbsp;&nbsp;ANO_PID::get_d(int, unsigned short)
</UL>
<BR>[Called By]<UL><LI><a href="#[6a]">&gt;&gt;</a>&nbsp;&nbsp;&nbsp;ANO_FlyControl::Attitude_Inner_Loop()
</UL>

<P><STRONG><a name="[bb]"></a>ANO_PID::get_pi(int, unsigned short)</STRONG> (Thumb, 36 bytes, Stack size 24 bytes, ano_pid.o(.text), UNUSED)
<BR><BR>[Calls]<UL><LI><a href="#[b9]">&gt;&gt;</a>&nbsp;&nbsp;&nbsp;ANO_PID::get_p(int)
<LI><a href="#[b6]">&gt;&gt;</a>&nbsp;&nbsp;&nbsp;ANO_PID::get_i(int, unsigned short)
</UL>

<P><STRONG><a name="[c2]"></a>ANO_PID::reset_I()</STRONG> (Thumb, 6 bytes, Stack size 0 bytes, ano_pid.o(.text))
<BR><BR>[Called By]<UL><LI><a href="#[6a]">&gt;&gt;</a>&nbsp;&nbsp;&nbsp;ANO_FlyControl::Attitude_Inner_Loop()
</UL>

<P><STRONG><a name="[bc]"></a>ANO_FlyControl::PID_Reset()</STRONG> (Thumb, 96 bytes, Stack size 16 bytes, ano_flycontrol.o(.text))
<BR><BR>[Stack]<UL><LI>Max Depth = 24<LI>Call Chain = ANO_FlyControl::PID_Reset() &rArr; ANO_PID::set_pid(unsigned short, unsigned short, unsigned short, unsigned)
</UL>
<BR>[Calls]<UL><LI><a href="#[bd]">&gt;&gt;</a>&nbsp;&nbsp;&nbsp;ANO_PID::set_pid(unsigned short, unsigned short, unsigned short, unsigned)
</UL>
<BR>[Called By]<UL><LI><a href="#[be]">&gt;&gt;</a>&nbsp;&nbsp;&nbsp;ANO_FlyControl::ANO_FlyControl()
</UL>

<P><STRONG><a name="[be]"></a>ANO_FlyControl::ANO_FlyControl()</STRONG> (Thumb, 34 bytes, Stack size 8 bytes, ano_flycontrol.o(.text))
<BR><BR>[Stack]<UL><LI>Max Depth = 32<LI>Call Chain = ANO_FlyControl::ANO_FlyControl() &rArr; ANO_FlyControl::PID_Reset() &rArr; ANO_PID::set_pid(unsigned short, unsigned short, unsigned short, unsigned)
</UL>
<BR>[Calls]<UL><LI><a href="#[bc]">&gt;&gt;</a>&nbsp;&nbsp;&nbsp;ANO_FlyControl::PID_Reset()
<LI><a href="#[bf]">&gt;&gt;</a>&nbsp;&nbsp;&nbsp;__aeabi_vec_ctor_nocookie_nodtor
</UL>
<BR>[Called By]<UL><LI><a href="#[49]">&gt;&gt;</a>&nbsp;&nbsp;&nbsp;__sti___18_ANO_FlyControl_cpp_fc
</UL>

<P><STRONG><a name="[19d]"></a>ANO_FlyControl::ANO_FlyControl__sub_object()</STRONG> (Thumb, 0 bytes, Stack size 8 bytes, ano_flycontrol.o(.text), UNUSED)

<P><STRONG><a name="[6c]"></a>ANO_FlyControl::Attitude_Outter_Loop()</STRONG> (Thumb, 272 bytes, Stack size 80 bytes, ano_flycontrol.o(.text))
<BR><BR>[Stack]<UL><LI>Max Depth = 128<LI>Call Chain = ANO_FlyControl::Attitude_Outter_Loop() &rArr; Vector3&lang;float&rang;::operator /(float) const &rArr; __aeabi_fdiv
</UL>
<BR>[Calls]<UL><LI><a href="#[c1]">&gt;&gt;</a>&nbsp;&nbsp;&nbsp;Vector3&lang;float&rang;::operator /(float) const
<LI><a href="#[b7]">&gt;&gt;</a>&nbsp;&nbsp;&nbsp;constrain_int32(int, int, int)
<LI><a href="#[b9]">&gt;&gt;</a>&nbsp;&nbsp;&nbsp;ANO_PID::get_p(int)
<LI><a href="#[ac]">&gt;&gt;</a>&nbsp;&nbsp;&nbsp;ANO_MPU6050::Get_Gyro()
<LI><a href="#[75]">&gt;&gt;</a>&nbsp;&nbsp;&nbsp;__aeabi_fmul
<LI><a href="#[c0]">&gt;&gt;</a>&nbsp;&nbsp;&nbsp;__aeabi_i2f
<LI><a href="#[ab]">&gt;&gt;</a>&nbsp;&nbsp;&nbsp;__aeabi_f2iz
<LI><a href="#[7b]">&gt;&gt;</a>&nbsp;&nbsp;&nbsp;__aeabi_fsub
</UL>
<BR>[Called By]<UL><LI><a href="#[6b]">&gt;&gt;</a>&nbsp;&nbsp;&nbsp;ANO_Loop_200Hz()
</UL>

<P><STRONG><a name="[6a]"></a>ANO_FlyControl::Attitude_Inner_Loop()</STRONG> (Thumb, 162 bytes, Stack size 32 bytes, ano_flycontrol.o(.text))
<BR><BR>[Stack]<UL><LI>Max Depth = 76<LI>Call Chain = ANO_FlyControl::Attitude_Inner_Loop() &rArr; ANO_PID::get_pid(int, unsigned short) &rArr; ANO_PID::get_d(int, unsigned short)
</UL>
<BR>[Calls]<UL><LI><a href="#[b7]">&gt;&gt;</a>&nbsp;&nbsp;&nbsp;constrain_int32(int, int, int)
<LI><a href="#[c2]">&gt;&gt;</a>&nbsp;&nbsp;&nbsp;ANO_PID::reset_I()
<LI><a href="#[b8]">&gt;&gt;</a>&nbsp;&nbsp;&nbsp;ANO_PID::get_pid(int, unsigned short)
<LI><a href="#[ae]">&gt;&gt;</a>&nbsp;&nbsp;&nbsp;ANO_Motor::writeMotor(unsigned short, int, int, int)
</UL>
<BR>[Called By]<UL><LI><a href="#[67]">&gt;&gt;</a>&nbsp;&nbsp;&nbsp;ANO_Loop_500Hz()
</UL>

<P><STRONG><a name="[c3]"></a>ANO_Param::SAVE_FirstInitFlag()</STRONG> (Thumb, 18 bytes, Stack size 8 bytes, ano_param.o(.text))
<BR><BR>[Stack]<UL><LI>Max Depth = 108<LI>Call Chain = ANO_Param::SAVE_FirstInitFlag() &rArr; EE_WriteVariable(unsigned short, unsigned short) &rArr; EE_PageTransfer(unsigned short, unsigned short) &rArr; EE_VerifyPageFullWriteVariable(unsigned short, unsigned short) &rArr; FLASH_ProgramHalfWord &rArr; FLASH_WaitForLastOperation
</UL>
<BR>[Calls]<UL><LI><a href="#[c4]">&gt;&gt;</a>&nbsp;&nbsp;&nbsp;EE_WriteVariable(unsigned short, unsigned short)
</UL>
<BR>[Called By]<UL><LI><a href="#[5e]">&gt;&gt;</a>&nbsp;&nbsp;&nbsp;ANO_Param::Init()
</UL>

<P><STRONG><a name="[c5]"></a>ANO_Param::READ_GYRO_OFFSET()</STRONG> (Thumb, 68 bytes, Stack size 16 bytes, ano_param.o(.text))
<BR><BR>[Stack]<UL><LI>Max Depth = 48<LI>Call Chain = ANO_Param::READ_GYRO_OFFSET() &rArr; EE_ReadVariable(unsigned short, unsigned short*)
</UL>
<BR>[Calls]<UL><LI><a href="#[c6]">&gt;&gt;</a>&nbsp;&nbsp;&nbsp;EE_ReadVariable(unsigned short, unsigned short*)
</UL>
<BR>[Called By]<UL><LI><a href="#[c9]">&gt;&gt;</a>&nbsp;&nbsp;&nbsp;ANO_Param::READ_CONF()
</UL>

<P><STRONG><a name="[c7]"></a>ANO_Param::READ_ACC_OFFSET()</STRONG> (Thumb, 68 bytes, Stack size 16 bytes, ano_param.o(.text))
<BR><BR>[Stack]<UL><LI>Max Depth = 48<LI>Call Chain = ANO_Param::READ_ACC_OFFSET() &rArr; EE_ReadVariable(unsigned short, unsigned short*)
</UL>
<BR>[Calls]<UL><LI><a href="#[c6]">&gt;&gt;</a>&nbsp;&nbsp;&nbsp;EE_ReadVariable(unsigned short, unsigned short*)
</UL>
<BR>[Called By]<UL><LI><a href="#[c9]">&gt;&gt;</a>&nbsp;&nbsp;&nbsp;ANO_Param::READ_CONF()
</UL>

<P><STRONG><a name="[c8]"></a>ANO_Param::READ_PID()</STRONG> (Thumb, 344 bytes, Stack size 16 bytes, ano_param.o(.text))
<BR><BR>[Stack]<UL><LI>Max Depth = 48<LI>Call Chain = ANO_Param::READ_PID() &rArr; EE_ReadVariable(unsigned short, unsigned short*)
</UL>
<BR>[Calls]<UL><LI><a href="#[c6]">&gt;&gt;</a>&nbsp;&nbsp;&nbsp;EE_ReadVariable(unsigned short, unsigned short*)
</UL>
<BR>[Called By]<UL><LI><a href="#[c9]">&gt;&gt;</a>&nbsp;&nbsp;&nbsp;ANO_Param::READ_CONF()
</UL>

<P><STRONG><a name="[c9]"></a>ANO_Param::READ_CONF()</STRONG> (Thumb, 24 bytes, Stack size 8 bytes, ano_param.o(.text))
<BR><BR>[Stack]<UL><LI>Max Depth = 56<LI>Call Chain = ANO_Param::READ_CONF() &rArr; ANO_Param::READ_PID() &rArr; EE_ReadVariable(unsigned short, unsigned short*)
</UL>
<BR>[Calls]<UL><LI><a href="#[c8]">&gt;&gt;</a>&nbsp;&nbsp;&nbsp;ANO_Param::READ_PID()
<LI><a href="#[c7]">&gt;&gt;</a>&nbsp;&nbsp;&nbsp;ANO_Param::READ_ACC_OFFSET()
<LI><a href="#[c5]">&gt;&gt;</a>&nbsp;&nbsp;&nbsp;ANO_Param::READ_GYRO_OFFSET()
</UL>
<BR>[Called By]<UL><LI><a href="#[5e]">&gt;&gt;</a>&nbsp;&nbsp;&nbsp;ANO_Param::Init()
</UL>

<P><STRONG><a name="[a3]"></a>ANO_Param::SAVE_PID()</STRONG> (Thumb, 272 bytes, Stack size 16 bytes, ano_param.o(.text))
<BR><BR>[Stack]<UL><LI>Max Depth = 116<LI>Call Chain = ANO_Param::SAVE_PID() &rArr; EE_WriteVariable(unsigned short, unsigned short) &rArr; EE_PageTransfer(unsigned short, unsigned short) &rArr; EE_VerifyPageFullWriteVariable(unsigned short, unsigned short) &rArr; FLASH_ProgramHalfWord &rArr; FLASH_WaitForLastOperation
</UL>
<BR>[Calls]<UL><LI><a href="#[c4]">&gt;&gt;</a>&nbsp;&nbsp;&nbsp;EE_WriteVariable(unsigned short, unsigned short)
</UL>
<BR>[Called By]<UL><LI><a href="#[a2]">&gt;&gt;</a>&nbsp;&nbsp;&nbsp;ANO_DT::Data_Receive_Anl(unsigned char*, unsigned char)
<LI><a href="#[5e]">&gt;&gt;</a>&nbsp;&nbsp;&nbsp;ANO_Param::Init()
</UL>

<P><STRONG><a name="[ca]"></a>ANO_Param::READ_FirstInitFlag()</STRONG> (Thumb, 20 bytes, Stack size 16 bytes, ano_param.o(.text))
<BR><BR>[Stack]<UL><LI>Max Depth = 48<LI>Call Chain = ANO_Param::READ_FirstInitFlag() &rArr; EE_ReadVariable(unsigned short, unsigned short*)
</UL>
<BR>[Calls]<UL><LI><a href="#[c6]">&gt;&gt;</a>&nbsp;&nbsp;&nbsp;EE_ReadVariable(unsigned short, unsigned short*)
</UL>
<BR>[Called By]<UL><LI><a href="#[5e]">&gt;&gt;</a>&nbsp;&nbsp;&nbsp;ANO_Param::Init()
</UL>

<P><STRONG><a name="[5e]"></a>ANO_Param::Init()</STRONG> (Thumb, 38 bytes, Stack size 8 bytes, ano_param.o(.text))
<BR><BR>[Stack]<UL><LI>Max Depth = 124<LI>Call Chain = ANO_Param::Init() &rArr; ANO_Param::SAVE_PID() &rArr; EE_WriteVariable(unsigned short, unsigned short) &rArr; EE_PageTransfer(unsigned short, unsigned short) &rArr; EE_VerifyPageFullWriteVariable(unsigned short, unsigned short) &rArr; FLASH_ProgramHalfWord &rArr; FLASH_WaitForLastOperation
</UL>
<BR>[Calls]<UL><LI><a href="#[ca]">&gt;&gt;</a>&nbsp;&nbsp;&nbsp;ANO_Param::READ_FirstInitFlag()
<LI><a href="#[c9]">&gt;&gt;</a>&nbsp;&nbsp;&nbsp;ANO_Param::READ_CONF()
<LI><a href="#[c3]">&gt;&gt;</a>&nbsp;&nbsp;&nbsp;ANO_Param::SAVE_FirstInitFlag()
<LI><a href="#[a3]">&gt;&gt;</a>&nbsp;&nbsp;&nbsp;ANO_Param::SAVE_PID()
</UL>
<BR>[Called By]<UL><LI><a href="#[57]">&gt;&gt;</a>&nbsp;&nbsp;&nbsp;main
</UL>

<P><STRONG><a name="[cb]"></a>ANO_Param::SAVE_ACC_OFFSET()</STRONG> (Thumb, 48 bytes, Stack size 8 bytes, ano_param.o(.text))
<BR><BR>[Stack]<UL><LI>Max Depth = 108<LI>Call Chain = ANO_Param::SAVE_ACC_OFFSET() &rArr; EE_WriteVariable(unsigned short, unsigned short) &rArr; EE_PageTransfer(unsigned short, unsigned short) &rArr; EE_VerifyPageFullWriteVariable(unsigned short, unsigned short) &rArr; FLASH_ProgramHalfWord &rArr; FLASH_WaitForLastOperation
</UL>
<BR>[Calls]<UL><LI><a href="#[c4]">&gt;&gt;</a>&nbsp;&nbsp;&nbsp;EE_WriteVariable(unsigned short, unsigned short)
</UL>
<BR>[Called By]<UL><LI><a href="#[ff]">&gt;&gt;</a>&nbsp;&nbsp;&nbsp;ANO_MPU6050::CalOffset_Acc()
</UL>

<P><STRONG><a name="[cc]"></a>ANO_Param::SAVE_GYRO_OFFSET()</STRONG> (Thumb, 48 bytes, Stack size 8 bytes, ano_param.o(.text))
<BR><BR>[Stack]<UL><LI>Max Depth = 108<LI>Call Chain = ANO_Param::SAVE_GYRO_OFFSET() &rArr; EE_WriteVariable(unsigned short, unsigned short) &rArr; EE_PageTransfer(unsigned short, unsigned short) &rArr; EE_VerifyPageFullWriteVariable(unsigned short, unsigned short) &rArr; FLASH_ProgramHalfWord &rArr; FLASH_WaitForLastOperation
</UL>
<BR>[Calls]<UL><LI><a href="#[c4]">&gt;&gt;</a>&nbsp;&nbsp;&nbsp;EE_WriteVariable(unsigned short, unsigned short)
</UL>
<BR>[Called By]<UL><LI><a href="#[103]">&gt;&gt;</a>&nbsp;&nbsp;&nbsp;ANO_MPU6050::CalOffset_Gyro()
</UL>

<P><STRONG><a name="[cd]"></a>safe_asin(float)</STRONG> (Thumb, 54 bytes, Stack size 8 bytes, ano_math.o(.text), UNUSED)
<BR><BR>[Calls]<UL><LI><a href="#[ce]">&gt;&gt;</a>&nbsp;&nbsp;&nbsp;__ARM_isnanf
<LI><a href="#[d1]">&gt;&gt;</a>&nbsp;&nbsp;&nbsp;asinf
<LI><a href="#[cf]">&gt;&gt;</a>&nbsp;&nbsp;&nbsp;__aeabi_cfrcmple
<LI><a href="#[d0]">&gt;&gt;</a>&nbsp;&nbsp;&nbsp;__aeabi_cfcmple
</UL>
<BR>[Called By]<UL><LI><a href="#[9e]">&gt;&gt;</a>&nbsp;&nbsp;&nbsp;Quaternion::to_euler(float*, float*, float*)
</UL>

<P><STRONG><a name="[d2]"></a>constrain_float(float, float, float)</STRONG> (Thumb, 72 bytes, Stack size 24 bytes, ano_math.o(.text), UNUSED)
<BR><BR>[Calls]<UL><LI><a href="#[ce]">&gt;&gt;</a>&nbsp;&nbsp;&nbsp;__ARM_isnanf
<LI><a href="#[cf]">&gt;&gt;</a>&nbsp;&nbsp;&nbsp;__aeabi_cfrcmple
<LI><a href="#[75]">&gt;&gt;</a>&nbsp;&nbsp;&nbsp;__aeabi_fmul
<LI><a href="#[d0]">&gt;&gt;</a>&nbsp;&nbsp;&nbsp;__aeabi_cfcmple
<LI><a href="#[77]">&gt;&gt;</a>&nbsp;&nbsp;&nbsp;__aeabi_fadd
</UL>

<P><STRONG><a name="[19e]"></a>constrain_int16(short, short, short)</STRONG> (Thumb, 22 bytes, Stack size 0 bytes, ano_math.o(.text), UNUSED)

<P><STRONG><a name="[af]"></a>constrain_uint16(unsigned short, unsigned short, unsigned short)</STRONG> (Thumb, 22 bytes, Stack size 0 bytes, ano_math.o(.text))
<BR><BR>[Called By]<UL><LI><a href="#[ae]">&gt;&gt;</a>&nbsp;&nbsp;&nbsp;ANO_Motor::writeMotor(unsigned short, int, int, int)
</UL>

<P><STRONG><a name="[b7]"></a>constrain_int32(int, int, int)</STRONG> (Thumb, 22 bytes, Stack size 0 bytes, ano_math.o(.text))
<BR><BR>[Called By]<UL><LI><a href="#[b6]">&gt;&gt;</a>&nbsp;&nbsp;&nbsp;ANO_PID::get_i(int, unsigned short)
<LI><a href="#[6c]">&gt;&gt;</a>&nbsp;&nbsp;&nbsp;ANO_FlyControl::Attitude_Outter_Loop()
<LI><a href="#[6a]">&gt;&gt;</a>&nbsp;&nbsp;&nbsp;ANO_FlyControl::Attitude_Inner_Loop()
</UL>

<P><STRONG><a name="[d3]"></a>radians(float)</STRONG> (Thumb, 14 bytes, Stack size 8 bytes, ano_math.o(.text))
<BR><BR>[Stack]<UL><LI>Max Depth = 24<LI>Call Chain = radians(float) &rArr; __aeabi_fmul
</UL>
<BR>[Calls]<UL><LI><a href="#[75]">&gt;&gt;</a>&nbsp;&nbsp;&nbsp;__aeabi_fmul
</UL>
<BR>[Called By]<UL><LI><a href="#[88]">&gt;&gt;</a>&nbsp;&nbsp;&nbsp;ANO_MPU6050::Get_Gyro_in_dps()
</UL>

<P><STRONG><a name="[d4]"></a>degrees(float)</STRONG> (Thumb, 14 bytes, Stack size 8 bytes, ano_math.o(.text))
<BR><BR>[Stack]<UL><LI>Max Depth = 24<LI>Call Chain = degrees(float) &rArr; __aeabi_fmul
</UL>
<BR>[Calls]<UL><LI><a href="#[75]">&gt;&gt;</a>&nbsp;&nbsp;&nbsp;__aeabi_fmul
</UL>
<BR>[Called By]<UL><LI><a href="#[90]">&gt;&gt;</a>&nbsp;&nbsp;&nbsp;Vector3&lang;float&rang;::get_yaw(Vector3&lang;float&rang;&)
<LI><a href="#[8f]">&gt;&gt;</a>&nbsp;&nbsp;&nbsp;Vector3&lang;float&rang;::get_rollpitch(Vector3&lang;float&rang;&)
<LI><a href="#[9e]">&gt;&gt;</a>&nbsp;&nbsp;&nbsp;Quaternion::to_euler(float*, float*, float*)
</UL>

<P><STRONG><a name="[d5]"></a>sq(float)</STRONG> (Thumb, 14 bytes, Stack size 8 bytes, ano_math.o(.text), UNUSED)
<BR><BR>[Calls]<UL><LI><a href="#[75]">&gt;&gt;</a>&nbsp;&nbsp;&nbsp;__aeabi_fmul
</UL>
<BR>[Called By]<UL><LI><a href="#[d9]">&gt;&gt;</a>&nbsp;&nbsp;&nbsp;pythagorous4(float, float, float, float)
<LI><a href="#[d8]">&gt;&gt;</a>&nbsp;&nbsp;&nbsp;pythagorous3(float, float, float)
<LI><a href="#[d6]">&gt;&gt;</a>&nbsp;&nbsp;&nbsp;pythagorous2(float, float)
</UL>

<P><STRONG><a name="[d6]"></a>pythagorous2(float, float)</STRONG> (Thumb, 40 bytes, Stack size 24 bytes, ano_math.o(.text), UNUSED)
<BR><BR>[Calls]<UL><LI><a href="#[d5]">&gt;&gt;</a>&nbsp;&nbsp;&nbsp;sq(float)
<LI><a href="#[d7]">&gt;&gt;</a>&nbsp;&nbsp;&nbsp;sqrtf
<LI><a href="#[77]">&gt;&gt;</a>&nbsp;&nbsp;&nbsp;__aeabi_fadd
</UL>

<P><STRONG><a name="[d8]"></a>pythagorous3(float, float, float)</STRONG> (Thumb, 58 bytes, Stack size 40 bytes, ano_math.o(.text), UNUSED)
<BR><BR>[Calls]<UL><LI><a href="#[d5]">&gt;&gt;</a>&nbsp;&nbsp;&nbsp;sq(float)
<LI><a href="#[d7]">&gt;&gt;</a>&nbsp;&nbsp;&nbsp;sqrtf
<LI><a href="#[77]">&gt;&gt;</a>&nbsp;&nbsp;&nbsp;__aeabi_fadd
</UL>
<BR>[Called By]<UL><LI><a href="#[97]">&gt;&gt;</a>&nbsp;&nbsp;&nbsp;Vector3&lang;float&rang;::length() const
</UL>

<P><STRONG><a name="[d9]"></a>pythagorous4(float, float, float, float)</STRONG> (Thumb, 76 bytes, Stack size 48 bytes, ano_math.o(.text), UNUSED)
<BR><BR>[Calls]<UL><LI><a href="#[d5]">&gt;&gt;</a>&nbsp;&nbsp;&nbsp;sq(float)
<LI><a href="#[d7]">&gt;&gt;</a>&nbsp;&nbsp;&nbsp;sqrtf
<LI><a href="#[77]">&gt;&gt;</a>&nbsp;&nbsp;&nbsp;__aeabi_fadd
</UL>
<BR>[Called By]<UL><LI><a href="#[9d]">&gt;&gt;</a>&nbsp;&nbsp;&nbsp;Quaternion::normalize()
</UL>

<P><STRONG><a name="[9d]"></a>Quaternion::normalize()</STRONG> (Thumb, 56 bytes, Stack size 16 bytes, ano_quaternion.o(.text), UNUSED)
<BR><BR>[Calls]<UL><LI><a href="#[d9]">&gt;&gt;</a>&nbsp;&nbsp;&nbsp;pythagorous4(float, float, float, float)
<LI><a href="#[76]">&gt;&gt;</a>&nbsp;&nbsp;&nbsp;__aeabi_fdiv
</UL>
<BR>[Called By]<UL><LI><a href="#[96]">&gt;&gt;</a>&nbsp;&nbsp;&nbsp;ANO_IMU::Quaternion_CF(Vector3&lang;float&rang;, Vector3&lang;float&rang;, float)
</UL>

<P><STRONG><a name="[da]"></a>Quaternion::rotation_matrix(Matrix3&lang;float&rang;&)</STRONG> (Thumb, 316 bytes, Stack size 56 bytes, ano_quaternion.o(.text), UNUSED)
<BR><BR>[Calls]<UL><LI><a href="#[75]">&gt;&gt;</a>&nbsp;&nbsp;&nbsp;__aeabi_fmul
<LI><a href="#[7b]">&gt;&gt;</a>&nbsp;&nbsp;&nbsp;__aeabi_fsub
<LI><a href="#[db]">&gt;&gt;</a>&nbsp;&nbsp;&nbsp;__aeabi_frsub
<LI><a href="#[77]">&gt;&gt;</a>&nbsp;&nbsp;&nbsp;__aeabi_fadd
</UL>
<BR>[Called By]<UL><LI><a href="#[dc]">&gt;&gt;</a>&nbsp;&nbsp;&nbsp;Quaternion::earth_to_body(Vector3&lang;float&rang;&)
</UL>

<P><STRONG><a name="[99]"></a>Quaternion::vector_gravity(Vector3&lang;float&rang;&)</STRONG> (Thumb, 136 bytes, Stack size 32 bytes, ano_quaternion.o(.text), UNUSED)
<BR><BR>[Calls]<UL><LI><a href="#[75]">&gt;&gt;</a>&nbsp;&nbsp;&nbsp;__aeabi_fmul
<LI><a href="#[7b]">&gt;&gt;</a>&nbsp;&nbsp;&nbsp;__aeabi_fsub
<LI><a href="#[db]">&gt;&gt;</a>&nbsp;&nbsp;&nbsp;__aeabi_frsub
<LI><a href="#[77]">&gt;&gt;</a>&nbsp;&nbsp;&nbsp;__aeabi_fadd
</UL>
<BR>[Called By]<UL><LI><a href="#[96]">&gt;&gt;</a>&nbsp;&nbsp;&nbsp;ANO_IMU::Quaternion_CF(Vector3&lang;float&rang;, Vector3&lang;float&rang;, float)
</UL>

<P><STRONG><a name="[dc]"></a>Quaternion::earth_to_body(Vector3&lang;float&rang;&)</STRONG> (Thumb, 90 bytes, Stack size 64 bytes, ano_quaternion.o(.text), UNUSED)
<BR><BR>[Calls]<UL><LI><a href="#[8e]">&gt;&gt;</a>&nbsp;&nbsp;&nbsp;Matrix3&lang;float&rang;::operator *(const Vector3&lang;float&rang;&) const
<LI><a href="#[81]">&gt;&gt;</a>&nbsp;&nbsp;&nbsp;Vector3&lang;float&rang;::Vector3()
<LI><a href="#[da]">&gt;&gt;</a>&nbsp;&nbsp;&nbsp;Quaternion::rotation_matrix(Matrix3&lang;float&rang;&)
</UL>

<P><STRONG><a name="[9c]"></a>Quaternion::Runge_Kutta_1st(Vector3&lang;float&rang;&, float)</STRONG> (Thumb, 500 bytes, Stack size 96 bytes, ano_quaternion.o(.text), UNUSED)
<BR><BR>[Calls]<UL><LI><a href="#[75]">&gt;&gt;</a>&nbsp;&nbsp;&nbsp;__aeabi_fmul
<LI><a href="#[7b]">&gt;&gt;</a>&nbsp;&nbsp;&nbsp;__aeabi_fsub
<LI><a href="#[77]">&gt;&gt;</a>&nbsp;&nbsp;&nbsp;__aeabi_fadd
<LI><a href="#[dd]">&gt;&gt;</a>&nbsp;&nbsp;&nbsp;__aeabi_f2d
<LI><a href="#[93]">&gt;&gt;</a>&nbsp;&nbsp;&nbsp;__aeabi_dmul
<LI><a href="#[de]">&gt;&gt;</a>&nbsp;&nbsp;&nbsp;__aeabi_dadd
<LI><a href="#[94]">&gt;&gt;</a>&nbsp;&nbsp;&nbsp;__aeabi_d2f
</UL>
<BR>[Called By]<UL><LI><a href="#[96]">&gt;&gt;</a>&nbsp;&nbsp;&nbsp;ANO_IMU::Quaternion_CF(Vector3&lang;float&rang;, Vector3&lang;float&rang;, float)
</UL>

<P><STRONG><a name="[df]"></a>Quaternion::from_euler(float, float, float)</STRONG> (Thumb, 304 bytes, Stack size 56 bytes, ano_quaternion.o(.text), UNUSED)
<BR><BR>[Calls]<UL><LI><a href="#[e1]">&gt;&gt;</a>&nbsp;&nbsp;&nbsp;sinf
<LI><a href="#[e0]">&gt;&gt;</a>&nbsp;&nbsp;&nbsp;cosf
<LI><a href="#[75]">&gt;&gt;</a>&nbsp;&nbsp;&nbsp;__aeabi_fmul
<LI><a href="#[7b]">&gt;&gt;</a>&nbsp;&nbsp;&nbsp;__aeabi_fsub
<LI><a href="#[77]">&gt;&gt;</a>&nbsp;&nbsp;&nbsp;__aeabi_fadd
</UL>

<P><STRONG><a name="[9e]"></a>Quaternion::to_euler(float*, float*, float*)</STRONG> (Thumb, 278 bytes, Stack size 48 bytes, ano_quaternion.o(.text), UNUSED)
<BR><BR>[Calls]<UL><LI><a href="#[d4]">&gt;&gt;</a>&nbsp;&nbsp;&nbsp;degrees(float)
<LI><a href="#[cd]">&gt;&gt;</a>&nbsp;&nbsp;&nbsp;safe_asin(float)
<LI><a href="#[e2]">&gt;&gt;</a>&nbsp;&nbsp;&nbsp;atan2f
<LI><a href="#[75]">&gt;&gt;</a>&nbsp;&nbsp;&nbsp;__aeabi_fmul
<LI><a href="#[7b]">&gt;&gt;</a>&nbsp;&nbsp;&nbsp;__aeabi_fsub
<LI><a href="#[db]">&gt;&gt;</a>&nbsp;&nbsp;&nbsp;__aeabi_frsub
<LI><a href="#[77]">&gt;&gt;</a>&nbsp;&nbsp;&nbsp;__aeabi_fadd
</UL>
<BR>[Called By]<UL><LI><a href="#[96]">&gt;&gt;</a>&nbsp;&nbsp;&nbsp;ANO_IMU::Quaternion_CF(Vector3&lang;float&rang;, Vector3&lang;float&rang;, float)
</UL>

<P><STRONG><a name="[ed]"></a>SysTick_IRQ()</STRONG> (Thumb, 54 bytes, Stack size 0 bytes, board.o(.text))
<BR><BR>[Called By]<UL><LI><a href="#[16]">&gt;&gt;</a>&nbsp;&nbsp;&nbsp;SysTick_Handler
</UL>

<P><STRONG><a name="[95]"></a>GetSysTime_us()</STRONG> (Thumb, 58 bytes, Stack size 0 bytes, board.o(.text))
<BR><BR>[Called By]<UL><LI><a href="#[69]">&gt;&gt;</a>&nbsp;&nbsp;&nbsp;ANO_IMU::getAttitude()
</UL>

<P><STRONG><a name="[5d]"></a>ANO_Quadcopter_board_Init()</STRONG> (Thumb, 138 bytes, Stack size 16 bytes, board.o(.text))
<BR><BR>[Stack]<UL><LI>Max Depth = 100<LI>Call Chain = ANO_Quadcopter_board_Init() &rArr; EE_Init() &rArr; __EE_Init() &rArr; EE_VerifyPageFullWriteVariable(unsigned short, unsigned short) &rArr; FLASH_ProgramHalfWord &rArr; FLASH_WaitForLastOperation
</UL>
<BR>[Calls]<UL><LI><a href="#[62]">&gt;&gt;</a>&nbsp;&nbsp;&nbsp;ANO_LED::ON()
<LI><a href="#[e7]">&gt;&gt;</a>&nbsp;&nbsp;&nbsp;ANO_SPI::Init()
<LI><a href="#[e9]">&gt;&gt;</a>&nbsp;&nbsp;&nbsp;ANO_PWM::out_Init(unsigned short)
<LI><a href="#[e8]">&gt;&gt;</a>&nbsp;&nbsp;&nbsp;ANO_NRF::Init(unsigned char, unsigned char)
<LI><a href="#[ea]">&gt;&gt;</a>&nbsp;&nbsp;&nbsp;ANO_LED::Init()
<LI><a href="#[e6]">&gt;&gt;</a>&nbsp;&nbsp;&nbsp;ANO_I2C_Soft::Init()
<LI><a href="#[ec]">&gt;&gt;</a>&nbsp;&nbsp;&nbsp;EE_Init()
<LI><a href="#[e5]">&gt;&gt;</a>&nbsp;&nbsp;&nbsp;NVIC_PriorityGroupConfig
<LI><a href="#[eb]">&gt;&gt;</a>&nbsp;&nbsp;&nbsp;FLASH_Unlock
<LI><a href="#[e3]">&gt;&gt;</a>&nbsp;&nbsp;&nbsp;cycleCounterInit()
</UL>
<BR>[Called By]<UL><LI><a href="#[57]">&gt;&gt;</a>&nbsp;&nbsp;&nbsp;main
</UL>

<P><STRONG><a name="[e]"></a>NMI_Handler</STRONG> (Thumb, 2 bytes, Stack size 0 bytes, stm32f10x_it.o(.text))
<BR>[Address Reference Count : 1]<UL><LI> startup_stm32f10x_md.o(RESET)
</UL>
<P><STRONG><a name="[10]"></a>MemManage_Handler</STRONG> (Thumb, 4 bytes, Stack size 0 bytes, stm32f10x_it.o(.text))
<BR>[Address Reference Count : 1]<UL><LI> startup_stm32f10x_md.o(RESET)
</UL>
<P><STRONG><a name="[11]"></a>BusFault_Handler</STRONG> (Thumb, 4 bytes, Stack size 0 bytes, stm32f10x_it.o(.text))
<BR>[Address Reference Count : 1]<UL><LI> startup_stm32f10x_md.o(RESET)
</UL>
<P><STRONG><a name="[12]"></a>UsageFault_Handler</STRONG> (Thumb, 4 bytes, Stack size 0 bytes, stm32f10x_it.o(.text))
<BR>[Address Reference Count : 1]<UL><LI> startup_stm32f10x_md.o(RESET)
</UL>
<P><STRONG><a name="[13]"></a>SVC_Handler</STRONG> (Thumb, 2 bytes, Stack size 0 bytes, stm32f10x_it.o(.text))
<BR>[Address Reference Count : 1]<UL><LI> startup_stm32f10x_md.o(RESET)
</UL>
<P><STRONG><a name="[14]"></a>DebugMon_Handler</STRONG> (Thumb, 2 bytes, Stack size 0 bytes, stm32f10x_it.o(.text))
<BR>[Address Reference Count : 1]<UL><LI> startup_stm32f10x_md.o(RESET)
</UL>
<P><STRONG><a name="[16]"></a>SysTick_Handler</STRONG> (Thumb, 8 bytes, Stack size 8 bytes, stm32f10x_it.o(.text))
<BR><BR>[Stack]<UL><LI>Max Depth = 8<LI>Call Chain = SysTick_Handler
</UL>
<BR>[Calls]<UL><LI><a href="#[ed]">&gt;&gt;</a>&nbsp;&nbsp;&nbsp;SysTick_IRQ()
</UL>
<BR>[Address Reference Count : 1]<UL><LI> startup_stm32f10x_md.o(RESET)
</UL>
<P><STRONG><a name="[3c]"></a>USART1_IRQHandler</STRONG> (Thumb, 2 bytes, Stack size 0 bytes, stm32f10x_it.o(.text))
<BR>[Address Reference Count : 1]<UL><LI> startup_stm32f10x_md.o(RESET)
</UL>
<P><STRONG><a name="[fc]"></a>ANO_I2C_Soft::ANO_I2C_Soft()</STRONG> (Thumb, 2 bytes, Stack size 0 bytes, ano_drv_i2c_soft.o(.text))
<BR><BR>[Called By]<UL><LI><a href="#[fb]">&gt;&gt;</a>&nbsp;&nbsp;&nbsp;ANO_MPU6050::ANO_MPU6050()
</UL>

<P><STRONG><a name="[19f]"></a>ANO_I2C_Soft::ANO_I2C_Soft__sub_object()</STRONG> (Thumb, 0 bytes, Stack size 0 bytes, ano_drv_i2c_soft.o(.text), UNUSED)

<P><STRONG><a name="[e6]"></a>ANO_I2C_Soft::Init()</STRONG> (Thumb, 68 bytes, Stack size 8 bytes, ano_drv_i2c_soft.o(.text))
<BR><BR>[Stack]<UL><LI>Max Depth = 32<LI>Call Chain = ANO_I2C_Soft::Init() &rArr; GPIO_Init
</UL>
<BR>[Calls]<UL><LI><a href="#[ee]">&gt;&gt;</a>&nbsp;&nbsp;&nbsp;RCC_APB2PeriphClockCmd
<LI><a href="#[ef]">&gt;&gt;</a>&nbsp;&nbsp;&nbsp;GPIO_Init
</UL>
<BR>[Called By]<UL><LI><a href="#[5d]">&gt;&gt;</a>&nbsp;&nbsp;&nbsp;ANO_Quadcopter_board_Init()
</UL>

<P><STRONG><a name="[f1]"></a>ANO_I2C_Soft::I2C_delay()</STRONG> (Thumb, 2 bytes, Stack size 0 bytes, ano_drv_i2c_soft.o(.text))
<BR><BR>[Called By]<UL><LI><a href="#[f9]">&gt;&gt;</a>&nbsp;&nbsp;&nbsp;ANO_I2C_Soft::I2C_Ack()
<LI><a href="#[f7]">&gt;&gt;</a>&nbsp;&nbsp;&nbsp;ANO_I2C_Soft::I2C_ReadByte()
<LI><a href="#[f6]">&gt;&gt;</a>&nbsp;&nbsp;&nbsp;ANO_I2C_Soft::I2C_NoAck()
<LI><a href="#[f4]">&gt;&gt;</a>&nbsp;&nbsp;&nbsp;ANO_I2C_Soft::I2C_Start()
<LI><a href="#[f3]">&gt;&gt;</a>&nbsp;&nbsp;&nbsp;ANO_I2C_Soft::I2C_SendByte(unsigned char)
<LI><a href="#[f2]">&gt;&gt;</a>&nbsp;&nbsp;&nbsp;ANO_I2C_Soft::I2C_WaitAck()
<LI><a href="#[f0]">&gt;&gt;</a>&nbsp;&nbsp;&nbsp;ANO_I2C_Soft::I2C_Stop()
</UL>

<P><STRONG><a name="[f0]"></a>ANO_I2C_Soft::I2C_Stop()</STRONG> (Thumb, 70 bytes, Stack size 4 bytes, ano_drv_i2c_soft.o(.text))
<BR><BR>[Stack]<UL><LI>Max Depth = 4<LI>Call Chain = ANO_I2C_Soft::I2C_Stop()
</UL>
<BR>[Calls]<UL><LI><a href="#[f1]">&gt;&gt;</a>&nbsp;&nbsp;&nbsp;ANO_I2C_Soft::I2C_delay()
</UL>
<BR>[Called By]<UL><LI><a href="#[fa]">&gt;&gt;</a>&nbsp;&nbsp;&nbsp;ANO_I2C_Soft::I2C_Mult_Read(unsigned char, unsigned char, unsigned char*, unsigned char)
<LI><a href="#[f8]">&gt;&gt;</a>&nbsp;&nbsp;&nbsp;ANO_I2C_Soft::I2C_Single_Read(unsigned char, unsigned char)
<LI><a href="#[f5]">&gt;&gt;</a>&nbsp;&nbsp;&nbsp;ANO_I2C_Soft::I2C_Single_Write(unsigned char, unsigned char, unsigned char)
</UL>

<P><STRONG><a name="[f2]"></a>ANO_I2C_Soft::I2C_WaitAck()</STRONG> (Thumb, 104 bytes, Stack size 4 bytes, ano_drv_i2c_soft.o(.text))
<BR><BR>[Stack]<UL><LI>Max Depth = 4<LI>Call Chain = ANO_I2C_Soft::I2C_WaitAck()
</UL>
<BR>[Calls]<UL><LI><a href="#[f1]">&gt;&gt;</a>&nbsp;&nbsp;&nbsp;ANO_I2C_Soft::I2C_delay()
</UL>
<BR>[Called By]<UL><LI><a href="#[fa]">&gt;&gt;</a>&nbsp;&nbsp;&nbsp;ANO_I2C_Soft::I2C_Mult_Read(unsigned char, unsigned char, unsigned char*, unsigned char)
<LI><a href="#[f8]">&gt;&gt;</a>&nbsp;&nbsp;&nbsp;ANO_I2C_Soft::I2C_Single_Read(unsigned char, unsigned char)
<LI><a href="#[f5]">&gt;&gt;</a>&nbsp;&nbsp;&nbsp;ANO_I2C_Soft::I2C_Single_Write(unsigned char, unsigned char, unsigned char)
</UL>

<P><STRONG><a name="[f3]"></a>ANO_I2C_Soft::I2C_SendByte(unsigned char)</STRONG> (Thumb, 96 bytes, Stack size 8 bytes, ano_drv_i2c_soft.o(.text))
<BR><BR>[Stack]<UL><LI>Max Depth = 8<LI>Call Chain = ANO_I2C_Soft::I2C_SendByte(unsigned char)
</UL>
<BR>[Calls]<UL><LI><a href="#[f1]">&gt;&gt;</a>&nbsp;&nbsp;&nbsp;ANO_I2C_Soft::I2C_delay()
</UL>
<BR>[Called By]<UL><LI><a href="#[fa]">&gt;&gt;</a>&nbsp;&nbsp;&nbsp;ANO_I2C_Soft::I2C_Mult_Read(unsigned char, unsigned char, unsigned char*, unsigned char)
<LI><a href="#[f8]">&gt;&gt;</a>&nbsp;&nbsp;&nbsp;ANO_I2C_Soft::I2C_Single_Read(unsigned char, unsigned char)
<LI><a href="#[f5]">&gt;&gt;</a>&nbsp;&nbsp;&nbsp;ANO_I2C_Soft::I2C_Single_Write(unsigned char, unsigned char, unsigned char)
</UL>

<P><STRONG><a name="[f4]"></a>ANO_I2C_Soft::I2C_Start()</STRONG> (Thumb, 100 bytes, Stack size 4 bytes, ano_drv_i2c_soft.o(.text))
<BR><BR>[Stack]<UL><LI>Max Depth = 4<LI>Call Chain = ANO_I2C_Soft::I2C_Start()
</UL>
<BR>[Calls]<UL><LI><a href="#[f1]">&gt;&gt;</a>&nbsp;&nbsp;&nbsp;ANO_I2C_Soft::I2C_delay()
</UL>
<BR>[Called By]<UL><LI><a href="#[fa]">&gt;&gt;</a>&nbsp;&nbsp;&nbsp;ANO_I2C_Soft::I2C_Mult_Read(unsigned char, unsigned char, unsigned char*, unsigned char)
<LI><a href="#[f8]">&gt;&gt;</a>&nbsp;&nbsp;&nbsp;ANO_I2C_Soft::I2C_Single_Read(unsigned char, unsigned char)
<LI><a href="#[f5]">&gt;&gt;</a>&nbsp;&nbsp;&nbsp;ANO_I2C_Soft::I2C_Single_Write(unsigned char, unsigned char, unsigned char)
</UL>

<P><STRONG><a name="[f5]"></a>ANO_I2C_Soft::I2C_Single_Write(unsigned char, unsigned char, unsigned char)</STRONG> (Thumb, 86 bytes, Stack size 20 bytes, ano_drv_i2c_soft.o(.text))
<BR><BR>[Stack]<UL><LI>Max Depth = 28<LI>Call Chain = ANO_I2C_Soft::I2C_Single_Write(unsigned char, unsigned char, unsigned char) &rArr; ANO_I2C_Soft::I2C_SendByte(unsigned char)
</UL>
<BR>[Calls]<UL><LI><a href="#[f4]">&gt;&gt;</a>&nbsp;&nbsp;&nbsp;ANO_I2C_Soft::I2C_Start()
<LI><a href="#[f3]">&gt;&gt;</a>&nbsp;&nbsp;&nbsp;ANO_I2C_Soft::I2C_SendByte(unsigned char)
<LI><a href="#[f2]">&gt;&gt;</a>&nbsp;&nbsp;&nbsp;ANO_I2C_Soft::I2C_WaitAck()
<LI><a href="#[f0]">&gt;&gt;</a>&nbsp;&nbsp;&nbsp;ANO_I2C_Soft::I2C_Stop()
</UL>
<BR>[Called By]<UL><LI><a href="#[83]">&gt;&gt;</a>&nbsp;&nbsp;&nbsp;ANO_MPU6050::Init(unsigned short, unsigned short)
</UL>

<P><STRONG><a name="[f6]"></a>ANO_I2C_Soft::I2C_NoAck()</STRONG> (Thumb, 70 bytes, Stack size 4 bytes, ano_drv_i2c_soft.o(.text))
<BR><BR>[Stack]<UL><LI>Max Depth = 4<LI>Call Chain = ANO_I2C_Soft::I2C_NoAck()
</UL>
<BR>[Calls]<UL><LI><a href="#[f1]">&gt;&gt;</a>&nbsp;&nbsp;&nbsp;ANO_I2C_Soft::I2C_delay()
</UL>
<BR>[Called By]<UL><LI><a href="#[fa]">&gt;&gt;</a>&nbsp;&nbsp;&nbsp;ANO_I2C_Soft::I2C_Mult_Read(unsigned char, unsigned char, unsigned char*, unsigned char)
<LI><a href="#[f8]">&gt;&gt;</a>&nbsp;&nbsp;&nbsp;ANO_I2C_Soft::I2C_Single_Read(unsigned char, unsigned char)
</UL>

<P><STRONG><a name="[f7]"></a>ANO_I2C_Soft::I2C_ReadByte()</STRONG> (Thumb, 90 bytes, Stack size 8 bytes, ano_drv_i2c_soft.o(.text))
<BR><BR>[Stack]<UL><LI>Max Depth = 8<LI>Call Chain = ANO_I2C_Soft::I2C_ReadByte()
</UL>
<BR>[Calls]<UL><LI><a href="#[f1]">&gt;&gt;</a>&nbsp;&nbsp;&nbsp;ANO_I2C_Soft::I2C_delay()
</UL>
<BR>[Called By]<UL><LI><a href="#[fa]">&gt;&gt;</a>&nbsp;&nbsp;&nbsp;ANO_I2C_Soft::I2C_Mult_Read(unsigned char, unsigned char, unsigned char*, unsigned char)
<LI><a href="#[f8]">&gt;&gt;</a>&nbsp;&nbsp;&nbsp;ANO_I2C_Soft::I2C_Single_Read(unsigned char, unsigned char)
</UL>

<P><STRONG><a name="[f8]"></a>ANO_I2C_Soft::I2C_Single_Read(unsigned char, unsigned char)</STRONG> (Thumb, 106 bytes, Stack size 20 bytes, ano_drv_i2c_soft.o(.text))
<BR><BR>[Stack]<UL><LI>Max Depth = 28<LI>Call Chain = ANO_I2C_Soft::I2C_Single_Read(unsigned char, unsigned char) &rArr; ANO_I2C_Soft::I2C_ReadByte()
</UL>
<BR>[Calls]<UL><LI><a href="#[f7]">&gt;&gt;</a>&nbsp;&nbsp;&nbsp;ANO_I2C_Soft::I2C_ReadByte()
<LI><a href="#[f6]">&gt;&gt;</a>&nbsp;&nbsp;&nbsp;ANO_I2C_Soft::I2C_NoAck()
<LI><a href="#[f4]">&gt;&gt;</a>&nbsp;&nbsp;&nbsp;ANO_I2C_Soft::I2C_Start()
<LI><a href="#[f3]">&gt;&gt;</a>&nbsp;&nbsp;&nbsp;ANO_I2C_Soft::I2C_SendByte(unsigned char)
<LI><a href="#[f2]">&gt;&gt;</a>&nbsp;&nbsp;&nbsp;ANO_I2C_Soft::I2C_WaitAck()
<LI><a href="#[f0]">&gt;&gt;</a>&nbsp;&nbsp;&nbsp;ANO_I2C_Soft::I2C_Stop()
</UL>
<BR>[Called By]<UL><LI><a href="#[87]">&gt;&gt;</a>&nbsp;&nbsp;&nbsp;ANO_MPU6050::Read_Gyro_Data()
<LI><a href="#[86]">&gt;&gt;</a>&nbsp;&nbsp;&nbsp;ANO_MPU6050::Read_Acc_Data()
</UL>

<P><STRONG><a name="[f9]"></a>ANO_I2C_Soft::I2C_Ack()</STRONG> (Thumb, 70 bytes, Stack size 4 bytes, ano_drv_i2c_soft.o(.text), UNUSED)
<BR><BR>[Calls]<UL><LI><a href="#[f1]">&gt;&gt;</a>&nbsp;&nbsp;&nbsp;ANO_I2C_Soft::I2C_delay()
</UL>
<BR>[Called By]<UL><LI><a href="#[fa]">&gt;&gt;</a>&nbsp;&nbsp;&nbsp;ANO_I2C_Soft::I2C_Mult_Read(unsigned char, unsigned char, unsigned char*, unsigned char)
</UL>

<P><STRONG><a name="[fa]"></a>ANO_I2C_Soft::I2C_Mult_Read(unsigned char, unsigned char, unsigned char*, unsigned char)</STRONG> (Thumb, 160 bytes, Stack size 28 bytes, ano_drv_i2c_soft.o(.text), UNUSED)
<BR><BR>[Calls]<UL><LI><a href="#[f9]">&gt;&gt;</a>&nbsp;&nbsp;&nbsp;ANO_I2C_Soft::I2C_Ack()
<LI><a href="#[f7]">&gt;&gt;</a>&nbsp;&nbsp;&nbsp;ANO_I2C_Soft::I2C_ReadByte()
<LI><a href="#[f6]">&gt;&gt;</a>&nbsp;&nbsp;&nbsp;ANO_I2C_Soft::I2C_NoAck()
<LI><a href="#[f4]">&gt;&gt;</a>&nbsp;&nbsp;&nbsp;ANO_I2C_Soft::I2C_Start()
<LI><a href="#[f3]">&gt;&gt;</a>&nbsp;&nbsp;&nbsp;ANO_I2C_Soft::I2C_SendByte(unsigned char)
<LI><a href="#[f2]">&gt;&gt;</a>&nbsp;&nbsp;&nbsp;ANO_I2C_Soft::I2C_WaitAck()
<LI><a href="#[f0]">&gt;&gt;</a>&nbsp;&nbsp;&nbsp;ANO_I2C_Soft::I2C_Stop()
</UL>

<P><STRONG><a name="[fb]"></a>ANO_MPU6050::ANO_MPU6050()</STRONG> (Thumb, 72 bytes, Stack size 8 bytes, ano_drv_mpu6050.o(.text))
<BR><BR>[Stack]<UL><LI>Max Depth = 8<LI>Call Chain = ANO_MPU6050::ANO_MPU6050()
</UL>
<BR>[Calls]<UL><LI><a href="#[81]">&gt;&gt;</a>&nbsp;&nbsp;&nbsp;Vector3&lang;float&rang;::Vector3()
<LI><a href="#[fd]">&gt;&gt;</a>&nbsp;&nbsp;&nbsp;Vector3&lang;short&rang;::Vector3()
<LI><a href="#[fc]">&gt;&gt;</a>&nbsp;&nbsp;&nbsp;ANO_I2C_Soft::ANO_I2C_Soft()
</UL>
<BR>[Called By]<UL><LI><a href="#[4a]">&gt;&gt;</a>&nbsp;&nbsp;&nbsp;__sti___19_ANO_Drv_MPU6050_cpp_mpu6050
</UL>

<P><STRONG><a name="[1a0]"></a>ANO_MPU6050::ANO_MPU6050__sub_object()</STRONG> (Thumb, 0 bytes, Stack size 8 bytes, ano_drv_mpu6050.o(.text), UNUSED)

<P><STRONG><a name="[fe]"></a>ANO_MPU6050::delayms(unsigned short)</STRONG> (Thumb, 32 bytes, Stack size 12 bytes, ano_drv_mpu6050.o(.text))
<BR><BR>[Stack]<UL><LI>Max Depth = 12<LI>Call Chain = ANO_MPU6050::delayms(unsigned short)
</UL>
<BR>[Called By]<UL><LI><a href="#[83]">&gt;&gt;</a>&nbsp;&nbsp;&nbsp;ANO_MPU6050::Init(unsigned short, unsigned short)
</UL>

<P><STRONG><a name="[83]"></a>ANO_MPU6050::Init(unsigned short, unsigned short)</STRONG> (Thumb, 190 bytes, Stack size 24 bytes, ano_drv_mpu6050.o(.text))
<BR><BR>[Stack]<UL><LI>Max Depth = 52<LI>Call Chain = ANO_MPU6050::Init(unsigned short, unsigned short) &rArr; ANO_I2C_Soft::I2C_Single_Write(unsigned char, unsigned char, unsigned char) &rArr; ANO_I2C_Soft::I2C_SendByte(unsigned char)
</UL>
<BR>[Calls]<UL><LI><a href="#[fe]">&gt;&gt;</a>&nbsp;&nbsp;&nbsp;ANO_MPU6050::delayms(unsigned short)
<LI><a href="#[f5]">&gt;&gt;</a>&nbsp;&nbsp;&nbsp;ANO_I2C_Soft::I2C_Single_Write(unsigned char, unsigned char, unsigned char)
</UL>
<BR>[Called By]<UL><LI><a href="#[82]">&gt;&gt;</a>&nbsp;&nbsp;&nbsp;ANO_IMU::sensor_Init()
</UL>

<P><STRONG><a name="[ff]"></a>ANO_MPU6050::CalOffset_Acc()</STRONG> (Thumb, 232 bytes, Stack size 24 bytes, ano_drv_mpu6050.o(.text))
<BR><BR>[Stack]<UL><LI>Max Depth = 132<LI>Call Chain = ANO_MPU6050::CalOffset_Acc() &rArr; ANO_Param::SAVE_ACC_OFFSET() &rArr; EE_WriteVariable(unsigned short, unsigned short) &rArr; EE_PageTransfer(unsigned short, unsigned short) &rArr; EE_VerifyPageFullWriteVariable(unsigned short, unsigned short) &rArr; FLASH_ProgramHalfWord &rArr; FLASH_WaitForLastOperation
</UL>
<BR>[Calls]<UL><LI><a href="#[cb]">&gt;&gt;</a>&nbsp;&nbsp;&nbsp;ANO_Param::SAVE_ACC_OFFSET()
<LI><a href="#[9b]">&gt;&gt;</a>&nbsp;&nbsp;&nbsp;Vector3&lang;float&rang;::operator +=(const Vector3&lang;float&rang;&)
<LI><a href="#[81]">&gt;&gt;</a>&nbsp;&nbsp;&nbsp;Vector3&lang;float&rang;::Vector3()
<LI><a href="#[100]">&gt;&gt;</a>&nbsp;&nbsp;&nbsp;Vector3&lang;short&rang;::operator ()(short, short, short)
<LI><a href="#[101]">&gt;&gt;</a>&nbsp;&nbsp;&nbsp;Vector3&lang;float&rang;::operator ()(float, float, float)
<LI><a href="#[102]">&gt;&gt;</a>&nbsp;&nbsp;&nbsp;__aeabi_ui2f
[...]
<LI><a href="#[74]">&gt;&gt;</a>&nbsp;&nbsp;&nbsp;ANO_Filter::LPF_1st_Factor_Cal(float, float)
<LI><a href="#[6c]">&gt;&gt;</a>&nbsp;&nbsp;&nbsp;ANO_FlyControl::Attitude_Outter_Loop()
<LI><a href="#[df]">&gt;&gt;</a>&nbsp;&nbsp;&nbsp;Quaternion::from_euler(float, float, float)
<LI><a href="#[da]">&gt;&gt;</a>&nbsp;&nbsp;&nbsp;Quaternion::rotation_matrix(Matrix3&lang;float&rang;&)
<LI><a href="#[159]">&gt;&gt;</a>&nbsp;&nbsp;&nbsp;__mathlib_rredf2
<LI><a href="#[e1]">&gt;&gt;</a>&nbsp;&nbsp;&nbsp;sinf
<LI><a href="#[e0]">&gt;&gt;</a>&nbsp;&nbsp;&nbsp;cosf
<LI><a href="#[e2]">&gt;&gt;</a>&nbsp;&nbsp;&nbsp;atan2f
<LI><a href="#[d1]">&gt;&gt;</a>&nbsp;&nbsp;&nbsp;asinf
</UL>

<P><STRONG><a name="[171]"></a>_fmul</STRONG> (Thumb, 258 bytes, Stack size 16 bytes, fmul.o(x$fpl$fmul), UNUSED)
<BR><BR>[Calls]<UL><LI><a href="#[15e]">&gt;&gt;</a>&nbsp;&nbsp;&nbsp;__fpl_fretinf
<LI><a href="#[168]">&gt;&gt;</a>&nbsp;&nbsp;&nbsp;__fpl_fnaninf
</UL>

<P><STRONG><a name="[168]"></a>__fpl_fnaninf</STRONG> (Thumb, 140 bytes, Stack size 8 bytes, fnaninf.o(x$fpl$fnaninf))
<BR><BR>[Stack]<UL><LI>Max Depth = 8<LI>Call Chain = __fpl_fnaninf
</UL>
<BR>[Called By]<UL><LI><a href="#[15c]">&gt;&gt;</a>&nbsp;&nbsp;&nbsp;_fsqrt
<LI><a href="#[15b]">&gt;&gt;</a>&nbsp;&nbsp;&nbsp;_frnd
<LI><a href="#[171]">&gt;&gt;</a>&nbsp;&nbsp;&nbsp;_fmul
<LI><a href="#[16f]">&gt;&gt;</a>&nbsp;&nbsp;&nbsp;_fcmple
<LI><a href="#[16e]">&gt;&gt;</a>&nbsp;&nbsp;&nbsp;_ffix
<LI><a href="#[16d]">&gt;&gt;</a>&nbsp;&nbsp;&nbsp;_fdiv
<LI><a href="#[176]">&gt;&gt;</a>&nbsp;&nbsp;&nbsp;_fsub
<LI><a href="#[169]">&gt;&gt;</a>&nbsp;&nbsp;&nbsp;_fadd
<LI><a href="#[167]">&gt;&gt;</a>&nbsp;&nbsp;&nbsp;_f2d
</UL>

<P><STRONG><a name="[15e]"></a>__fpl_fretinf</STRONG> (Thumb, 10 bytes, Stack size 0 bytes, fretinf.o(x$fpl$fretinf), UNUSED)
<BR><BR>[Called By]<UL><LI><a href="#[171]">&gt;&gt;</a>&nbsp;&nbsp;&nbsp;_fmul
<LI><a href="#[16d]">&gt;&gt;</a>&nbsp;&nbsp;&nbsp;_fdiv
<LI><a href="#[169]">&gt;&gt;</a>&nbsp;&nbsp;&nbsp;_fadd
<LI><a href="#[15d]">&gt;&gt;</a>&nbsp;&nbsp;&nbsp;_d2f
</UL>

<P><STRONG><a name="[cf]"></a>__aeabi_cfrcmple</STRONG> (Thumb, 0 bytes, Stack size 0 bytes, frleqf.o(x$fpl$frleqf), UNUSED)
<BR><BR>[Called By]<UL><LI><a href="#[d2]">&gt;&gt;</a>&nbsp;&nbsp;&nbsp;constrain_float(float, float, float)
<LI><a href="#[cd]">&gt;&gt;</a>&nbsp;&nbsp;&nbsp;safe_asin(float)
</UL>

<P><STRONG><a name="[172]"></a>_frcmple</STRONG> (Thumb, 98 bytes, Stack size 0 bytes, frleqf.o(x$fpl$frleqf), UNUSED)
<BR><BR>[Calls]<UL><LI><a href="#[173]">&gt;&gt;</a>&nbsp;&nbsp;&nbsp;__fpl_fcmple_InfNaN
</UL>

<P><STRONG><a name="[15b]"></a>_frnd</STRONG> (Thumb, 96 bytes, Stack size 8 bytes, frnd.o(x$fpl$frnd))
<BR><BR>[Stack]<UL><LI>Max Depth = 16<LI>Call Chain = _frnd &rArr; __fpl_fnaninf
</UL>
<BR>[Calls]<UL><LI><a href="#[168]">&gt;&gt;</a>&nbsp;&nbsp;&nbsp;__fpl_fnaninf
</UL>
<BR>[Called By]<UL><LI><a href="#[e1]">&gt;&gt;</a>&nbsp;&nbsp;&nbsp;sinf
<LI><a href="#[e0]">&gt;&gt;</a>&nbsp;&nbsp;&nbsp;cosf
</UL>

<P><STRONG><a name="[db]"></a>__aeabi_frsub</STRONG> (Thumb, 0 bytes, Stack size 0 bytes, faddsub_clz.o(x$fpl$frsb))
<BR><BR>[Called By]<UL><LI><a href="#[9e]">&gt;&gt;</a>&nbsp;&nbsp;&nbsp;Quaternion::to_euler(float*, float*, float*)
<LI><a href="#[99]">&gt;&gt;</a>&nbsp;&nbsp;&nbsp;Quaternion::vector_gravity(Vector3&lang;float&rang;&)
<LI><a href="#[da]">&gt;&gt;</a>&nbsp;&nbsp;&nbsp;Quaternion::rotation_matrix(Matrix3&lang;float&rang;&)
<LI><a href="#[159]">&gt;&gt;</a>&nbsp;&nbsp;&nbsp;__mathlib_rredf2
<LI><a href="#[e1]">&gt;&gt;</a>&nbsp;&nbsp;&nbsp;sinf
<LI><a href="#[e0]">&gt;&gt;</a>&nbsp;&nbsp;&nbsp;cosf
<LI><a href="#[e2]">&gt;&gt;</a>&nbsp;&nbsp;&nbsp;atan2f
<LI><a href="#[d1]">&gt;&gt;</a>&nbsp;&nbsp;&nbsp;asinf
</UL>

<P><STRONG><a name="[174]"></a>_frsb</STRONG> (Thumb, 20 bytes, Stack size 0 bytes, faddsub_clz.o(x$fpl$frsb), UNUSED)
<BR><BR>[Calls]<UL><LI><a href="#[16a]">&gt;&gt;</a>&nbsp;&nbsp;&nbsp;_fsub1
<LI><a href="#[175]">&gt;&gt;</a>&nbsp;&nbsp;&nbsp;_fadd1
</UL>

<P><STRONG><a name="[15c]"></a>_fsqrt</STRONG> (Thumb, 272 bytes, Stack size 24 bytes, fsqrt.o(x$fpl$fsqrt))
<BR><BR>[Stack]<UL><LI>Max Depth = 32<LI>Call Chain = _fsqrt &rArr; __fpl_fnaninf
</UL>
<BR>[Calls]<UL><LI><a href="#[168]">&gt;&gt;</a>&nbsp;&nbsp;&nbsp;__fpl_fnaninf
</UL>
<BR>[Called By]<UL><LI><a href="#[d7]">&gt;&gt;</a>&nbsp;&nbsp;&nbsp;sqrtf
</UL>

<P><STRONG><a name="[7b]"></a>__aeabi_fsub</STRONG> (Thumb, 0 bytes, Stack size 16 bytes, faddsub_clz.o(x$fpl$fsub))
<BR><BR>[Stack]<UL><LI>Max Depth = 16<LI>Call Chain = __aeabi_fsub
</UL>
<BR>[Called By]<UL><LI><a href="#[9a]">&gt;&gt;</a>&nbsp;&nbsp;&nbsp;Vector3&lang;float&rang;::operator %(const Vector3&lang;float&rang;&) const
<LI><a href="#[9e]">&gt;&gt;</a>&nbsp;&nbsp;&nbsp;Quaternion::to_euler(float*, float*, float*)
<LI><a href="#[9c]">&gt;&gt;</a>&nbsp;&nbsp;&nbsp;Quaternion::Runge_Kutta_1st(Vector3&lang;float&rang;&, float)
<LI><a href="#[99]">&gt;&gt;</a>&nbsp;&nbsp;&nbsp;Quaternion::vector_gravity(Vector3&lang;float&rang;&)
<LI><a href="#[7e]">&gt;&gt;</a>&nbsp;&nbsp;&nbsp;Vector3&lang;float&rang;::operator -(const Vector3&lang;float&rang;&) const
<LI><a href="#[7f]">&gt;&gt;</a>&nbsp;&nbsp;&nbsp;ANO_Filter::CF_1st(Vector3&lang;float&rang;, Vector3&lang;float&rang;, float)
<LI><a href="#[79]">&gt;&gt;</a>&nbsp;&nbsp;&nbsp;ANO_Filter::LPF_1st(Vector3&lang;float&rang;, Vector3&lang;float&rang;, float)
<LI><a href="#[70]">&gt;&gt;</a>&nbsp;&nbsp;&nbsp;ANO_RC::Cal_Command()
<LI><a href="#[6c]">&gt;&gt;</a>&nbsp;&nbsp;&nbsp;ANO_FlyControl::Attitude_Outter_Loop()
<LI><a href="#[ff]">&gt;&gt;</a>&nbsp;&nbsp;&nbsp;ANO_MPU6050::CalOffset_Acc()
<LI><a href="#[df]">&gt;&gt;</a>&nbsp;&nbsp;&nbsp;Quaternion::from_euler(float, float, float)
<LI><a href="#[da]">&gt;&gt;</a>&nbsp;&nbsp;&nbsp;Quaternion::rotation_matrix(Matrix3&lang;float&rang;&)
<LI><a href="#[159]">&gt;&gt;</a>&nbsp;&nbsp;&nbsp;__mathlib_rredf2
<LI><a href="#[e1]">&gt;&gt;</a>&nbsp;&nbsp;&nbsp;sinf
<LI><a href="#[e0]">&gt;&gt;</a>&nbsp;&nbsp;&nbsp;cosf
<LI><a href="#[e2]">&gt;&gt;</a>&nbsp;&nbsp;&nbsp;atan2f
</UL>

<P><STRONG><a name="[176]"></a>_fsub</STRONG> (Thumb, 234 bytes, Stack size 16 bytes, faddsub_clz.o(x$fpl$fsub), UNUSED)
<BR><BR>[Calls]<UL><LI><a href="#[168]">&gt;&gt;</a>&nbsp;&nbsp;&nbsp;__fpl_fnaninf
<LI><a href="#[175]">&gt;&gt;</a>&nbsp;&nbsp;&nbsp;_fadd1
</UL>

<P><STRONG><a name="[16c]"></a>__fpl_return_NaN</STRONG> (Thumb, 100 bytes, Stack size 0 bytes, retnan.o(x$fpl$retnan))
<BR><BR>[Calls]<UL><LI><a href="#[177]">&gt;&gt;</a>&nbsp;&nbsp;&nbsp;__fpl_cmpreturn
</UL>
<BR>[Called By]<UL><LI><a href="#[16b]">&gt;&gt;</a>&nbsp;&nbsp;&nbsp;__fpl_fcheck_NaN1
</UL>

<P><STRONG><a name="[158]"></a>__ARM_scalbnf</STRONG> (Thumb, 76 bytes, Stack size 0 bytes, scalbnf.o(x$fpl$scalbnf))
<BR><BR>[Calls]<UL><LI><a href="#[16b]">&gt;&gt;</a>&nbsp;&nbsp;&nbsp;__fpl_fcheck_NaN1
</UL>
<BR>[Called By]<UL><LI><a href="#[159]">&gt;&gt;</a>&nbsp;&nbsp;&nbsp;__mathlib_rredf2
<LI><a href="#[157]">&gt;&gt;</a>&nbsp;&nbsp;&nbsp;__mathlib_flt_underflow
<LI><a href="#[e1]">&gt;&gt;</a>&nbsp;&nbsp;&nbsp;sinf
<LI><a href="#[e0]">&gt;&gt;</a>&nbsp;&nbsp;&nbsp;cosf
<LI><a href="#[d1]">&gt;&gt;</a>&nbsp;&nbsp;&nbsp;asinf
</UL>

<P><STRONG><a name="[177]"></a>__fpl_cmpreturn</STRONG> (Thumb, 48 bytes, Stack size 0 bytes, trapv.o(x$fpl$trapveneer))
<BR><BR>[Called By]<UL><LI><a href="#[16c]">&gt;&gt;</a>&nbsp;&nbsp;&nbsp;__fpl_return_NaN
</UL>
<P>
<H3>
Local Symbols
</H3>
<P><STRONG><a name="[45]"></a>__sti___14_ANO_Config_cpp_ano</STRONG> (Thumb, 10 bytes, Stack size 4 bytes, ano_config.o(.text))
<BR><BR>[Stack]<UL><LI>Max Depth = 4<LI>Call Chain = __sti___14_ANO_Config_cpp_ano
</UL>
<BR>[Calls]<UL><LI><a href="#[64]">&gt;&gt;</a>&nbsp;&nbsp;&nbsp;ANO_Config::ANO_Config()
</UL>
<BR>[Address Reference Count : 1]<UL><LI> ano_config.o(.init_array)
</UL>
<P><STRONG><a name="[65]"></a>ANO_Loop_1000Hz()</STRONG> (Thumb, 10 bytes, Stack size 8 bytes, ano_scheduler.o(.text))
<BR><BR>[Stack]<UL><LI>Max Depth = 172<LI>Call Chain = ANO_Loop_1000Hz() &rArr; ANO_DT::Check_Event() &rArr; ANO_NRF::Check_Event() &rArr; ANO_DT::Data_Receive_Anl(unsigned char*, unsigned char) &rArr; ANO_Param::SAVE_PID() &rArr; EE_WriteVariable(unsigned short, unsigned short) &rArr; EE_PageTransfer(unsigned short, unsigned short) &rArr; EE_VerifyPageFullWriteVariable(unsigned short, unsigned short) &rArr; FLASH_ProgramHalfWord &rArr; FLASH_WaitForLastOperation
</UL>
<BR>[Calls]<UL><LI><a href="#[66]">&gt;&gt;</a>&nbsp;&nbsp;&nbsp;ANO_DT::Check_Event()
</UL>
<BR>[Called By]<UL><LI><a href="#[60]">&gt;&gt;</a>&nbsp;&nbsp;&nbsp;ANO_Loop()
</UL>

<P><STRONG><a name="[67]"></a>ANO_Loop_500Hz()</STRONG> (Thumb, 22 bytes, Stack size 8 bytes, ano_scheduler.o(.text))
<BR><BR>[Stack]<UL><LI>Max Depth = 312<LI>Call Chain = ANO_Loop_500Hz() &rArr; ANO_IMU::getAttitude() &rArr; ANO_IMU::DCM_CF(Vector3&lang;float&rang;, Vector3&lang;float&rang;, float) &rArr; ANO_Filter::CF_1st(Vector3&lang;float&rang;, Vector3&lang;float&rang;, float) &rArr; Vector3&lang;float&rang;::operator +(const Vector3&lang;float&rang;&) const &rArr; __aeabi_fadd
</UL>
<BR>[Calls]<UL><LI><a href="#[68]">&gt;&gt;</a>&nbsp;&nbsp;&nbsp;ANO_IMU::updateSensor()
<LI><a href="#[69]">&gt;&gt;</a>&nbsp;&nbsp;&nbsp;ANO_IMU::getAttitude()
<LI><a href="#[6a]">&gt;&gt;</a>&nbsp;&nbsp;&nbsp;ANO_FlyControl::Attitude_Inner_Loop()
</UL>
<BR>[Called By]<UL><LI><a href="#[60]">&gt;&gt;</a>&nbsp;&nbsp;&nbsp;ANO_Loop()
</UL>

<P><STRONG><a name="[6b]"></a>ANO_Loop_200Hz()</STRONG> (Thumb, 10 bytes, Stack size 8 bytes, ano_scheduler.o(.text))
<BR><BR>[Stack]<UL><LI>Max Depth = 136<LI>Call Chain = ANO_Loop_200Hz() &rArr; ANO_FlyControl::Attitude_Outter_Loop() &rArr; Vector3&lang;float&rang;::operator /(float) const &rArr; __aeabi_fdiv
</UL>
<BR>[Calls]<UL><LI><a href="#[6c]">&gt;&gt;</a>&nbsp;&nbsp;&nbsp;ANO_FlyControl::Attitude_Outter_Loop()
</UL>
<BR>[Called By]<UL><LI><a href="#[60]">&gt;&gt;</a>&nbsp;&nbsp;&nbsp;ANO_Loop()
</UL>

<P><STRONG><a name="[6d]"></a>ANO_Loop_100Hz()</STRONG> (Thumb, 10 bytes, Stack size 8 bytes, ano_scheduler.o(.text))
<BR><BR>[Stack]<UL><LI>Max Depth = 144<LI>Call Chain = ANO_Loop_100Hz() &rArr; ANO_DT::Data_Exchange() &rArr; ANO_DT::Send_Senser() &rArr; ANO_DT::Send_Data(unsigned char*, unsigned char) &rArr; ANO_NRF::TxPacket(unsigned char*, unsigned char) &rArr; ANO_NRF::Write_Buf(unsigned char, unsigned char*, unsigned char) &rArr; ANO_SPI::RW(unsigned char)
</UL>
<BR>[Calls]<UL><LI><a href="#[6e]">&gt;&gt;</a>&nbsp;&nbsp;&nbsp;ANO_DT::Data_Exchange()
</UL>
<BR>[Called By]<UL><LI><a href="#[60]">&gt;&gt;</a>&nbsp;&nbsp;&nbsp;ANO_Loop()
</UL>

<P><STRONG><a name="[6f]"></a>ANO_Loop_50Hz()</STRONG> (Thumb, 28 bytes, Stack size 8 bytes, ano_scheduler.o(.text))
<BR><BR>[Stack]<UL><LI>Max Depth = 88<LI>Call Chain = ANO_Loop_50Hz() &rArr; ANO_RC::Cal_Command() &rArr; __aeabi_dmul
</UL>
<BR>[Calls]<UL><LI><a href="#[71]">&gt;&gt;</a>&nbsp;&nbsp;&nbsp;ANO_RC::check_sticks()
<LI><a href="#[70]">&gt;&gt;</a>&nbsp;&nbsp;&nbsp;ANO_RC::Cal_Command()
<LI><a href="#[72]">&gt;&gt;</a>&nbsp;&nbsp;&nbsp;ANO_DT::Failsafe_Check()
<LI><a href="#[61]">&gt;&gt;</a>&nbsp;&nbsp;&nbsp;ANO_Config::Pilot_Light()
</UL>
<BR>[Called By]<UL><LI><a href="#[60]">&gt;&gt;</a>&nbsp;&nbsp;&nbsp;ANO_Loop()
</UL>

<P><STRONG><a name="[46]"></a>__sti___17_ANO_Scheduler_cpp_463cec18</STRONG> (Thumb, 10 bytes, Stack size 4 bytes, ano_scheduler.o(.text))
<BR><BR>[Stack]<UL><LI>Max Depth = 4<LI>Call Chain = __sti___17_ANO_Scheduler_cpp_463cec18
</UL>
<BR>[Calls]<UL><LI><a href="#[73]">&gt;&gt;</a>&nbsp;&nbsp;&nbsp;ANO_Scheduler::ANO_Scheduler()
</UL>
<BR>[Address Reference Count : 1]<UL><LI> ano_scheduler.o(.init_array)
</UL>
<P><STRONG><a name="[47]"></a>__sti___11_ANO_IMU_cpp_imu</STRONG> (Thumb, 10 bytes, Stack size 8 bytes, ano_imu.o(.text))
<BR><BR>[Stack]<UL><LI>Max Depth = 24<LI>Call Chain = __sti___11_ANO_IMU_cpp_imu &rArr; ANO_IMU::ANO_IMU()
</UL>
<BR>[Calls]<UL><LI><a href="#[80]">&gt;&gt;</a>&nbsp;&nbsp;&nbsp;ANO_IMU::ANO_IMU()
</UL>
<BR>[Address Reference Count : 1]<UL><LI> ano_imu.o(.init_array)
</UL>
<P><STRONG><a name="[48]"></a>__sti___10_ANO_RC_cpp_rc</STRONG> (Thumb, 10 bytes, Stack size 4 bytes, ano_rc.o(.text))
<BR><BR>[Stack]<UL><LI>Max Depth = 8<LI>Call Chain = __sti___10_ANO_RC_cpp_rc &rArr; ANO_RC::ANO_RC()
</UL>
<BR>[Calls]<UL><LI><a href="#[b1]">&gt;&gt;</a>&nbsp;&nbsp;&nbsp;ANO_RC::ANO_RC()
</UL>
<BR>[Address Reference Count : 1]<UL><LI> ano_rc.o(.init_array)
</UL>
<P><STRONG><a name="[49]"></a>__sti___18_ANO_FlyControl_cpp_fc</STRONG> (Thumb, 10 bytes, Stack size 8 bytes, ano_flycontrol.o(.text))
<BR><BR>[Stack]<UL><LI>Max Depth = 40<LI>Call Chain = __sti___18_ANO_FlyControl_cpp_fc &rArr; ANO_FlyControl::ANO_FlyControl() &rArr; ANO_FlyControl::PID_Reset() &rArr; ANO_PID::set_pid(unsigned short, unsigned short, unsigned short, unsigned)
</UL>
<BR>[Calls]<UL><LI><a href="#[be]">&gt;&gt;</a>&nbsp;&nbsp;&nbsp;ANO_FlyControl::ANO_FlyControl()
</UL>
<BR>[Address Reference Count : 1]<UL><LI> ano_flycontrol.o(.init_array)
</UL>
<P><STRONG><a name="[e3]"></a>cycleCounterInit()</STRONG> (Thumb, 26 bytes, Stack size 24 bytes, board.o(.text))
<BR><BR>[Stack]<UL><LI>Max Depth = 36<LI>Call Chain = cycleCounterInit() &rArr; RCC_GetClocksFreq
</UL>
<BR>[Calls]<UL><LI><a href="#[e4]">&gt;&gt;</a>&nbsp;&nbsp;&nbsp;RCC_GetClocksFreq
</UL>
<BR>[Called By]<UL><LI><a href="#[5d]">&gt;&gt;</a>&nbsp;&nbsp;&nbsp;ANO_Quadcopter_board_Init()
</UL>

<P><STRONG><a name="[4a]"></a>__sti___19_ANO_Drv_MPU6050_cpp_mpu6050</STRONG> (Thumb, 10 bytes, Stack size 8 bytes, ano_drv_mpu6050.o(.text))
<BR><BR>[Stack]<UL><LI>Max Depth = 16<LI>Call Chain = __sti___19_ANO_Drv_MPU6050_cpp_mpu6050 &rArr; ANO_MPU6050::ANO_MPU6050()
</UL>
<BR>[Calls]<UL><LI><a href="#[fb]">&gt;&gt;</a>&nbsp;&nbsp;&nbsp;ANO_MPU6050::ANO_MPU6050()
</UL>
<BR>[Address Reference Count : 1]<UL><LI> ano_drv_mpu6050.o(.init_array)
</UL>
<P><STRONG><a name="[11b]"></a>EE_FindValidPage(unsigned char)</STRONG> (Thumb, 80 bytes, Stack size 0 bytes, ano_drv_eeprom.o(.text))
<BR><BR>[Called By]<UL><LI><a href="#[c6]">&gt;&gt;</a>&nbsp;&nbsp;&nbsp;EE_ReadVariable(unsigned short, unsigned short*)
<LI><a href="#[11a]">&gt;&gt;</a>&nbsp;&nbsp;&nbsp;InitCurrWrAddress()
<LI><a href="#[121]">&gt;&gt;</a>&nbsp;&nbsp;&nbsp;EE_PageTransfer(unsigned short, unsigned short)
<LI><a href="#[11f]">&gt;&gt;</a>&nbsp;&nbsp;&nbsp;EE_VerifyPageFullWriteVariable(unsigned short, unsigned short)
</UL>

<P><STRONG><a name="[11c]"></a>EE_Format()</STRONG> (Thumb, 50 bytes, Stack size 8 bytes, ano_drv_eeprom.o(.text))
<BR><BR>[Stack]<UL><LI>Max Depth = 28<LI>Call Chain = EE_Format() &rArr; FLASH_ProgramHalfWord &rArr; FLASH_WaitForLastOperation
</UL>
<BR>[Calls]<UL><LI><a href="#[11e]">&gt;&gt;</a>&nbsp;&nbsp;&nbsp;FLASH_ProgramHalfWord
<LI><a href="#[11d]">&gt;&gt;</a>&nbsp;&nbsp;&nbsp;FLASH_ErasePage
</UL>
<BR>[Called By]<UL><LI><a href="#[120]">&gt;&gt;</a>&nbsp;&nbsp;&nbsp;__EE_Init()
</UL>

<P><STRONG><a name="[11f]"></a>EE_VerifyPageFullWriteVariable(unsigned short, unsigned short)</STRONG> (Thumb, 124 bytes, Stack size 24 bytes, ano_drv_eeprom.o(.text))
<BR><BR>[Stack]<UL><LI>Max Depth = 44<LI>Call Chain = EE_VerifyPageFullWriteVariable(unsigned short, unsigned short) &rArr; FLASH_ProgramHalfWord &rArr; FLASH_WaitForLastOperation
</UL>
<BR>[Calls]<UL><LI><a href="#[11e]">&gt;&gt;</a>&nbsp;&nbsp;&nbsp;FLASH_ProgramHalfWord
<LI><a href="#[11b]">&gt;&gt;</a>&nbsp;&nbsp;&nbsp;EE_FindValidPage(unsigned char)
</UL>
<BR>[Called By]<UL><LI><a href="#[c4]">&gt;&gt;</a>&nbsp;&nbsp;&nbsp;EE_WriteVariable(unsigned short, unsigned short)
<LI><a href="#[120]">&gt;&gt;</a>&nbsp;&nbsp;&nbsp;__EE_Init()
<LI><a href="#[121]">&gt;&gt;</a>&nbsp;&nbsp;&nbsp;EE_PageTransfer(unsigned short, unsigned short)
</UL>

<P><STRONG><a name="[121]"></a>EE_PageTransfer(unsigned short, unsigned short)</STRONG> (Thumb, 250 bytes, Stack size 40 bytes, ano_drv_eeprom.o(.text))
<BR><BR>[Stack]<UL><LI>Max Depth = 84<LI>Call Chain = EE_PageTransfer(unsigned short, unsigned short) &rArr; EE_VerifyPageFullWriteVariable(unsigned short, unsigned short) &rArr; FLASH_ProgramHalfWord &rArr; FLASH_WaitForLastOperation
</UL>
<BR>[Calls]<UL><LI><a href="#[c6]">&gt;&gt;</a>&nbsp;&nbsp;&nbsp;EE_ReadVariable(unsigned short, unsigned short*)
<LI><a href="#[11e]">&gt;&gt;</a>&nbsp;&nbsp;&nbsp;FLASH_ProgramHalfWord
<LI><a href="#[11d]">&gt;&gt;</a>&nbsp;&nbsp;&nbsp;FLASH_ErasePage
<LI><a href="#[11a]">&gt;&gt;</a>&nbsp;&nbsp;&nbsp;InitCurrWrAddress()
<LI><a href="#[11f]">&gt;&gt;</a>&nbsp;&nbsp;&nbsp;EE_VerifyPageFullWriteVariable(unsigned short, unsigned short)
<LI><a href="#[11b]">&gt;&gt;</a>&nbsp;&nbsp;&nbsp;EE_FindValidPage(unsigned char)
</UL>
<BR>[Called By]<UL><LI><a href="#[c4]">&gt;&gt;</a>&nbsp;&nbsp;&nbsp;EE_WriteVariable(unsigned short, unsigned short)
</UL>

<P><STRONG><a name="[138]"></a>TI4_Config(TIM_TypeDef*, unsigned short, unsigned short, unsigned short)</STRONG> (Thumb, 130 bytes, Stack size 20 bytes, stm32f10x_tim.o(.text), UNUSED)
<BR><BR>[Called By]<UL><LI><a href="#[131]">&gt;&gt;</a>&nbsp;&nbsp;&nbsp;TIM_ICInit
</UL>

<P><STRONG><a name="[136]"></a>TI3_Config(TIM_TypeDef*, unsigned short, unsigned short, unsigned short)</STRONG> (Thumb, 122 bytes, Stack size 20 bytes, stm32f10x_tim.o(.text), UNUSED)
<BR><BR>[Called By]<UL><LI><a href="#[131]">&gt;&gt;</a>&nbsp;&nbsp;&nbsp;TIM_ICInit
</UL>

<P><STRONG><a name="[134]"></a>TI2_Config(TIM_TypeDef*, unsigned short, unsigned short, unsigned short)</STRONG> (Thumb, 130 bytes, Stack size 20 bytes, stm32f10x_tim.o(.text), UNUSED)
<BR><BR>[Called By]<UL><LI><a href="#[13d]">&gt;&gt;</a>&nbsp;&nbsp;&nbsp;TIM_TIxExternalClockConfig
<LI><a href="#[13a]">&gt;&gt;</a>&nbsp;&nbsp;&nbsp;TIM_PWMIConfig
<LI><a href="#[131]">&gt;&gt;</a>&nbsp;&nbsp;&nbsp;TIM_ICInit
</UL>

<P><STRONG><a name="[132]"></a>TI1_Config(TIM_TypeDef*, unsigned short, unsigned short, unsigned short)</STRONG> (Thumb, 108 bytes, Stack size 20 bytes, stm32f10x_tim.o(.text), UNUSED)
<BR><BR>[Called By]<UL><LI><a href="#[13d]">&gt;&gt;</a>&nbsp;&nbsp;&nbsp;TIM_TIxExternalClockConfig
<LI><a href="#[13a]">&gt;&gt;</a>&nbsp;&nbsp;&nbsp;TIM_PWMIConfig
<LI><a href="#[131]">&gt;&gt;</a>&nbsp;&nbsp;&nbsp;TIM_ICInit
</UL>

<P><STRONG><a name="[14e]"></a>SetSysClockTo72()</STRONG> (Thumb, 214 bytes, Stack size 12 bytes, system_stm32f10x.o(.text))
<BR><BR>[Stack]<UL><LI>Max Depth = 12<LI>Call Chain = SetSysClockTo72()
</UL>
<BR>[Called By]<UL><LI><a href="#[14d]">&gt;&gt;</a>&nbsp;&nbsp;&nbsp;SetSysClock()
</UL>

<P><STRONG><a name="[14d]"></a>SetSysClock()</STRONG> (Thumb, 8 bytes, Stack size 8 bytes, system_stm32f10x.o(.text))
<BR><BR>[Stack]<UL><LI>Max Depth = 20<LI>Call Chain = SetSysClock() &rArr; SetSysClockTo72()
</UL>
<BR>[Calls]<UL><LI><a href="#[14e]">&gt;&gt;</a>&nbsp;&nbsp;&nbsp;SetSysClockTo72()
</UL>
<BR>[Called By]<UL><LI><a href="#[43]">&gt;&gt;</a>&nbsp;&nbsp;&nbsp;SystemInit
</UL>

<P><STRONG><a name="[166]"></a>_dadd1</STRONG> (Thumb, 0 bytes, Stack size unknown bytes, daddsub_clz.o(x$fpl$dadd), UNUSED)
<BR><BR>[Called By]<UL><LI><a href="#[165]">&gt;&gt;</a>&nbsp;&nbsp;&nbsp;_dsub
</UL>

<P><STRONG><a name="[161]"></a>_dsub1</STRONG> (Thumb, 0 bytes, Stack size unknown bytes, daddsub_clz.o(x$fpl$dsub), UNUSED)
<BR><BR>[Called By]<UL><LI><a href="#[160]">&gt;&gt;</a>&nbsp;&nbsp;&nbsp;_dadd
</UL>

<P><STRONG><a name="[175]"></a>_fadd1</STRONG> (Thumb, 0 bytes, Stack size unknown bytes, faddsub_clz.o(x$fpl$fadd), UNUSED)
<BR><BR>[Called By]<UL><LI><a href="#[176]">&gt;&gt;</a>&nbsp;&nbsp;&nbsp;_fsub
<LI><a href="#[174]">&gt;&gt;</a>&nbsp;&nbsp;&nbsp;_frsb
</UL>

<P><STRONG><a name="[16a]"></a>_fsub1</STRONG> (Thumb, 0 bytes, Stack size unknown bytes, faddsub_clz.o(x$fpl$fsub), UNUSED)
<BR><BR>[Called By]<UL><LI><a href="#[174]">&gt;&gt;</a>&nbsp;&nbsp;&nbsp;_frsb
<LI><a href="#[169]">&gt;&gt;</a>&nbsp;&nbsp;&nbsp;_fadd
</UL>
<P>
<H3>
Undefined Global Symbols
</H3><HR></body></html>
