Product: MDK-ARM Professional 5.10
Component: ARM Compiler 5.04 update 1 (build 49)
Tool: armlink [5040049]

==============================================================================

Section Cross References

    anoremoter.o(.text) refers to board.o(.text) for ANO_Remoter_board_Init()
    anoremoter.o(.text) refers to ano_param.o(.text) for ANO_Param::Init()
    anoremoter.o(.text) refers to ano_imu.o(.text) for ANO_IMU::Init()
    anoremoter.o(.text) refers to ano_scheduler.o(.text) for ANO_Loop()
    anoremoter.o(.text) refers to ano_param.o(.data) for param
    anoremoter.o(.text) refers to ano_imu.o(.bss) for imu
    anoremoter.o(.ARM.exidx) refers to anoremoter.o(.text) for .text
    ano_config.o(.text) refers to ano_config.o(.bss) for ano
    ano_config.o(.ARM.exidx) refers to ano_config.o(.text) for .text
    ano_config.o(.init_array) refers to ano_config.o(.text) for __sti___14_ANO_Config_cpp_ano
    ano_config.o(.init_array) refers to init_aeabi.o(.text) for __cpp_initialize__aeabi_
    ano_scheduler.o(.text) refers to ano_rc.o(.text) for ANO_RC::DataGet()
    ano_scheduler.o(.text) refers to ano_imu.o(.text) for ANO_IMU::updateSensor()
    ano_scheduler.o(.text) refers to ano_dt.o(.text) for ANO_DT::Data_Exchange()
    ano_scheduler.o(.text) refers to ano_rc.o(.bss) for rc
    ano_scheduler.o(.text) refers to ano_imu.o(.bss) for imu
    ano_scheduler.o(.text) refers to ano_dt.o(.bss) for dt
    ano_scheduler.o(.text) refers to ano_scheduler.o(.bss) for scheduler
    ano_scheduler.o(.ARM.exidx) refers to ano_scheduler.o(.text) for .text
    ano_scheduler.o(.init_array) refers to ano_scheduler.o(.text) for __sti___17_ANO_Scheduler_cpp_463cec18
    ano_scheduler.o(.init_array) refers to init_aeabi.o(.text) for __cpp_initialize__aeabi_
    ano_dt.o(.text) refers to ano_drv_nrf24l01.o(.text) for ANO_NRF::TxPacket_AP(unsigned char*, unsigned char)
    ano_dt.o(.text) refers to ano_drv_usart1.o(.data) for Rx_Ok0
    ano_dt.o(.text) refers to ano_drv_usart1.o(.bss) for Rx_Buf
    ano_dt.o(.text) refers to ano_drv_nrf24l01.o(.bss) for nrf
    ano_dt.o(.text) refers to ano_rc.o(.bss) for rc
    ano_dt.o(.text) refers to ano_dt.o(.data) for cnt
    ano_dt.o(.ARM.exidx) refers to ano_dt.o(.text) for .text
    ano_rc.o(.text) refers to fflt_clz.o(x$fpl$ffltu) for __aeabi_ui2f
    ano_rc.o(.text) refers to f2d.o(x$fpl$f2d) for __aeabi_f2d
    ano_rc.o(.text) refers to dmul.o(x$fpl$dmul) for __aeabi_dmul
    ano_rc.o(.text) refers to daddsub_clz.o(x$fpl$dadd) for __aeabi_dadd
    ano_rc.o(.text) refers to d2f.o(x$fpl$d2f) for __aeabi_d2f
    ano_rc.o(.text) refers to fdiv.o(x$fpl$fdiv) for __aeabi_fdiv
    ano_rc.o(.text) refers to faddsub_clz.o(x$fpl$frsb) for __aeabi_frsub
    ano_rc.o(.text) refers to faddsub_clz.o(x$fpl$fadd) for __aeabi_fadd
    ano_rc.o(.text) refers to ffixu.o(x$fpl$ffixu) for __aeabi_f2uiz
    ano_rc.o(.text) refers to dflt_clz.o(x$fpl$dflt) for __aeabi_i2d
    ano_rc.o(.text) refers to dfixu.o(x$fpl$dfixu) for __aeabi_d2uiz
    ano_rc.o(.text) refers to fmul.o(x$fpl$fmul) for __aeabi_fmul
    ano_rc.o(.text) refers to ffix.o(x$fpl$ffix) for __aeabi_f2iz
    ano_rc.o(.text) refers to ano_math.o(.text) for constrain_int16(short, short, short)
    ano_rc.o(.text) refers to ano_param.o(.text) for ANO_Param::SAVE_RC_OFFSET()
    ano_rc.o(.text) refers to ano_drv_adc.o(.bss) for ADC_ConvertedValue
    ano_rc.o(.text) refers to ano_config.o(.bss) for ano
    ano_rc.o(.text) refers to ano_imu.o(.bss) for imu
    ano_rc.o(.text) refers to ano_rc.o(.data) for timeDelayFlag
    ano_rc.o(.text) refers to ano_param.o(.data) for param
    ano_rc.o(.text) refers to ano_rc.o(.bss) for rc
    ano_rc.o(.ARM.exidx) refers to ano_rc.o(.text) for .text
    ano_rc.o(.init_array) refers to ano_rc.o(.text) for __sti___10_ANO_RC_cpp_rc
    ano_rc.o(.init_array) refers to init_aeabi.o(.text) for __cpp_initialize__aeabi_
    ano_param.o(.text) refers to ano_drv_eeprom.o(.text) for EE_ReadVariable(unsigned short, unsigned short*)
    ano_param.o(.text) refers to ano_drv_eeprom.o(.constdata) for VirtAddVarTab
    ano_param.o(.text) refers to ano_rc.o(.bss) for rc
    ano_param.o(.ARM.exidx) refers to ano_param.o(.text) for .text
    ano_filter.o(.text) refers to fmul.o(x$fpl$fmul) for __aeabi_fmul
    ano_filter.o(.text) refers to fdiv.o(x$fpl$fdiv) for __aeabi_fdiv
    ano_filter.o(.text) refers to faddsub_clz.o(x$fpl$fadd) for __aeabi_fadd
    ano_filter.o(.text) refers to ano_vector3.o(t._ZNK7Vector3IfEmlEf) for Vector3<float>::operator *(float) const
    ano_filter.o(.text) refers to faddsub_clz.o(x$fpl$fsub) for __aeabi_fsub
    ano_filter.o(.text) refers to ano_vector3.o(t._ZNK7Vector3IfEplERKS0_) for Vector3<float>::operator +(const Vector3<float>&) const
    ano_filter.o(.text) refers to ano_vector3.o(t._ZNK7Vector3IfEmiERKS0_) for Vector3<float>::operator -(const Vector3<float>&) const
    ano_filter.o(.ARM.exidx) refers to ano_filter.o(.text) for .text
[...]
    __sti___19_ANO_Drv_MPU6050_cpp_mpu6050   0x08002a29   Thumb Code    10  ano_drv_mpu6050.o(.text)
    .text                                    0x08002a54   Section        0  misc.o(.text)
    .text                                    0x08002b30   Section        0  stm32f10x_gpio.o(.text)
    .text                                    0x08002e8c   Section        0  stm32f10x_rcc.o(.text)
    .text                                    0x08003230   Section        0  stm32f10x_usart.o(.text)
    .text                                    0x08003638   Section        0  stm32f10x_flash.o(.text)
    .text                                    0x08003bf4   Section        0  system_stm32f10x.o(.text)
    SetSysClockTo72()                        0x08003bf5   Thumb Code   214  system_stm32f10x.o(.text)
    SetSysClock()                            0x08003ccb   Thumb Code     8  system_stm32f10x.o(.text)
    .text                                    0x08003dd4   Section       64  startup_stm32f10x_md.o(.text)
    .text                                    0x08003e14   Section        0  stm32f10x_spi.o(.text)
    .text                                    0x08004120   Section        0  stm32f10x_adc.o(.text)
    .text                                    0x08004570   Section        0  stm32f10x_dma.o(.text)
    .text                                    0x080047c4   Section        0  heapauxi.o(.text)
    .text                                    0x080047cc   Section        0  init_aeabi.o(.text)
    .text                                    0x080047f0   Section        0  _rserrno.o(.text)
    .text                                    0x08004808   Section        8  rt_errno_addr_intlibspace.o(.text)
    .text                                    0x08004810   Section        8  libspace.o(.text)
    .text                                    0x08004818   Section       74  sys_stackheap_outer.o(.text)
    .text                                    0x08004862   Section        0  exit.o(.text)
    .text                                    0x0800486e   Section        2  use_no_semi.o(.text)
    .text                                    0x08004870   Section        0  sys_exit.o(.text)
    .text                                    0x08004870   Section        0  indicate_semi.o(.text)
    i.__ARM_fpclassifyf                      0x0800487c   Section        0  fpclassifyf.o(i.__ARM_fpclassifyf)
    i.__ARM_isnanf                           0x080048a2   Section        0  ano_math.o(i.__ARM_isnanf)
    i.__cxa_guard_acquire                    0x080048b0   Section        0  cxa_guard_acquire.o(i.__cxa_guard_acquire)
    i.__mathlib_flt_underflow                0x080048c0   Section        0  funder.o(i.__mathlib_flt_underflow)
    i.__mathlib_rredf2                       0x080048cc   Section        0  rredf.o(i.__mathlib_rredf2)
    i.asinf                                  0x08004a24   Section        0  asinf.o(i.asinf)
    i.atan2f                                 0x08004b4c   Section        0  atan2f.o(i.atan2f)
    i.cosf                                   0x08004da8   Section        0  cosf.o(i.cosf)
    i.sinf                                   0x08004f2c   Section        0  sinf.o(i.sinf)
    i.sqrtf                                  0x080050b8   Section        0  sqrtf.o(i.sqrtf)
    t._ZN7Matrix3IfE10from_eulerERK7Vector3IfE 0x080050e4   Section        0  ano_matrix3.o(t._ZN7Matrix3IfE10from_eulerERK7Vector3IfE)
    t._ZN7Vector3IfE13get_rollpitchERS0_     0x080051ec   Section        0  ano_vector3.o(t._ZN7Vector3IfE13get_rollpitchERS0_)
    t._ZN7Vector3IfEC1Efff                   0x08005262   Section        0  ano_vector3.o(t._ZN7Vector3IfEC1Efff)
    t._ZN7Vector3IfEC1Ev                     0x0800526a   Section        0  ano_imu.o(t._ZN7Vector3IfEC1Ev)
    t._ZN7Vector3IfEclEfff                   0x08005274   Section        0  ano_drv_mpu6050.o(t._ZN7Vector3IfEclEfff)
    t._ZN7Vector3IfEpLERKS0_                 0x0800527c   Section        0  ano_vector3.o(t._ZN7Vector3IfEpLERKS0_)
    t._ZN7Vector3IsEC1Ev                     0x080052a4   Section        0  ano_drv_mpu6050.o(t._ZN7Vector3IsEC1Ev)
    t._ZN7Vector3IsEclEsss                   0x080052ae   Section        0  ano_drv_mpu6050.o(t._ZN7Vector3IsEclEsss)
    t._ZNK7Matrix3IfEmlERK7Vector3IfE        0x080052b6   Section        0  ano_matrix3.o(t._ZNK7Matrix3IfEmlERK7Vector3IfE)
    t._ZNK7Vector3IfEmiERKS0_                0x0800535a   Section        0  ano_vector3.o(t._ZNK7Vector3IfEmiERKS0_)
    t._ZNK7Vector3IfEmlEf                    0x08005392   Section        0  ano_vector3.o(t._ZNK7Vector3IfEmlEf)
    t._ZNK7Vector3IfEplERKS0_                0x080053ca   Section        0  ano_vector3.o(t._ZNK7Vector3IfEplERKS0_)
    x$fpl$d2f                                0x08005404   Section       98  d2f.o(x$fpl$d2f)
    x$fpl$dadd                               0x08005468   Section      336  daddsub_clz.o(x$fpl$dadd)
    _dadd1                                   0x08005479   Thumb Code     0  daddsub_clz.o(x$fpl$dadd)
    x$fpl$dfixu                              0x080055b8   Section       90  dfixu.o(x$fpl$dfixu)
    x$fpl$dflt                               0x08005612   Section       46  dflt_clz.o(x$fpl$dflt)
    x$fpl$dmul                               0x08005640   Section      340  dmul.o(x$fpl$dmul)
    x$fpl$dnaninf                            0x08005794   Section      156  dnaninf.o(x$fpl$dnaninf)
    x$fpl$dretinf                            0x08005830   Section       12  dretinf.o(x$fpl$dretinf)
    x$fpl$dsub                               0x0800583c   Section      468  daddsub_clz.o(x$fpl$dsub)
    _dsub1                                   0x0800584d   Thumb Code     0  daddsub_clz.o(x$fpl$dsub)
    x$fpl$f2d                                0x08005a10   Section       86  f2d.o(x$fpl$f2d)
    x$fpl$fadd                               0x08005a68   Section      196  faddsub_clz.o(x$fpl$fadd)
    _fadd1                                   0x08005a77   Thumb Code     0  faddsub_clz.o(x$fpl$fadd)
    x$fpl$fcheck1                            0x08005b2c   Section       12  fcheck1.o(x$fpl$fcheck1)
    x$fpl$fcmpinf                            0x08005b38   Section       24  fcmpi.o(x$fpl$fcmpinf)
    x$fpl$fdiv                               0x08005b50   Section      388  fdiv.o(x$fpl$fdiv)
    _fdiv1                                   0x08005b51   Thumb Code     0  fdiv.o(x$fpl$fdiv)
    x$fpl$ffix                               0x08005cd4   Section       54  ffix.o(x$fpl$ffix)
    x$fpl$ffixu                              0x08005d0c   Section       62  ffixu.o(x$fpl$ffixu)
    x$fpl$fflt                               0x08005d4c   Section       48  fflt_clz.o(x$fpl$fflt)
    x$fpl$ffltu                              0x08005d7c   Section       38  fflt_clz.o(x$fpl$ffltu)
    x$fpl$fleqf                              0x08005da4   Section      104  fleqf.o(x$fpl$fleqf)
    x$fpl$fmul                               0x08005e0c   Section      258  fmul.o(x$fpl$fmul)
    x$fpl$fnaninf                            0x08005f0e   Section      140  fnaninf.o(x$fpl$fnaninf)
    x$fpl$fretinf                            0x08005f9a   Section       10  fretinf.o(x$fpl$fretinf)
    x$fpl$frleqf                             0x08005fa4   Section       98  frleqf.o(x$fpl$frleqf)
    x$fpl$frnd                               0x08006008   Section       96  frnd.o(x$fpl$frnd)
    x$fpl$frsb                               0x08006068   Section       20  faddsub_clz.o(x$fpl$frsb)
    x$fpl$fsqrt                              0x0800607c   Section      272  fsqrt.o(x$fpl$fsqrt)
    x$fpl$fsub                               0x0800618c   Section      234  faddsub_clz.o(x$fpl$fsub)
    _fsub1                                   0x0800619b   Thumb Code     0  faddsub_clz.o(x$fpl$fsub)
    x$fpl$retnan                             0x08006276   Section      100  retnan.o(x$fpl$retnan)
    x$fpl$scalbnf                            0x080062da   Section       76  scalbnf.o(x$fpl$scalbnf)
    x$fpl$trapveneer                         0x08006326   Section       48  trapv.o(x$fpl$trapveneer)
    .constdata                               0x08006356   Section       32  ano_drv_eeprom.o(.constdata)
    x$fpl$usenofp                            0x08006356   Section        0  usenofp.o(x$fpl$usenofp)
    .constdata                               0x08006378   Section       32  rredf.o(.constdata)
    twooverpi                                0x08006378   Data          32  rredf.o(.constdata)
    .init_array                              0x080063b8   Section        4  ano_config.o(.init_array)
    .init_array                              0x080063bc   Section        4  ano_scheduler.o(.init_array)
    .init_array                              0x080063c0   Section        4  ano_rc.o(.init_array)
    .init_array                              0x080063c4   Section        4  ano_imu.o(.init_array)
    .init_array                              0x080063c8   Section        4  ano_drv_mpu6050.o(.init_array)
    .init_array                              0x080063cc   Section        0  init_aeabi.o(.init_array)
    .data                                    0x20000000   Section        1  ano_dt.o(.data)
    cnt                                      0x20000000   Data           1  ano_dt.o(.data)
    .data                                    0x20000001   Section        3  ano_rc.o(.data)
    keyFlagL                                 0x20000001   Data           1  ano_rc.o(.data)
    keyFlagR                                 0x20000002   Data           1  ano_rc.o(.data)
    timeDelayFlag                            0x20000003   Data           1  ano_rc.o(.data)
    .data                                    0x20000004   Section        1  ano_param.o(.data)
    .data                                    0x20000008   Section       12  ano_imu.o(.data)
    _ZGVVector_G                             0x20000008   Data           4  ano_imu.o(.data)
    _ZGVLastGyro                             0x2000000c   Data           4  ano_imu.o(.data)
    _ZGVdeltaGyroAngle                       0x20000010   Data           4  ano_imu.o(.data)
    .data                                    0x20000014   Section       10  ano_drv_nrf24l01.o(.data)
    .data                                    0x20000020   Section        8  ano_drv_eeprom.o(.data)
    .data                                    0x20000028   Section       10  ano_drv_usart1.o(.data)
    TxCounter                                0x2000002c   Data           1  ano_drv_usart1.o(.data)
    count                                    0x2000002d   Data           1  ano_drv_usart1.o(.data)
    Rx_Act                                   0x2000002e   Data           1  ano_drv_usart1.o(.data)
    Rx_Adr                                   0x2000002f   Data           1  ano_drv_usart1.o(.data)
    .data                                    0x20000034   Section       14  ano_drv_mpu6050.o(.data)
    _ZGVtempAcc                              0x20000034   Data           4  ano_drv_mpu6050.o(.data)
    cnt_a                                    0x20000038   Data           2  ano_drv_mpu6050.o(.data)
    _ZGVtempGyro                             0x2000003c   Data           4  ano_drv_mpu6050.o(.data)
    cnt_g                                    0x20000040   Data           2  ano_drv_mpu6050.o(.data)
    .data                                    0x20000042   Section       20  stm32f10x_rcc.o(.data)
    APBAHBPrescTable                         0x20000042   Data          16  stm32f10x_rcc.o(.data)
    ADCPrescTable                            0x20000052   Data           4  stm32f10x_rcc.o(.data)
    .data                                    0x20000058   Section       20  system_stm32f10x.o(.data)
    .bss                                     0x2000006c   Section       12  ano_config.o(.bss)
    .bss                                     0x20000078   Section       10  ano_scheduler.o(.bss)
    .bss                                     0x20000082   Section       51  ano_dt.o(.bss)
    .bss                                     0x200000b8   Section       76  ano_rc.o(.bss)
    .bss                                     0x20000104   Section       84  ano_imu.o(.bss)
    deltaGyroAngle                           0x20000134   Data          12  ano_imu.o(.bss)
    LastGyro                                 0x20000140   Data          12  ano_imu.o(.bss)
    Vector_G                                 0x2000014c   Data          12  ano_imu.o(.bss)
    .bss                                     0x20000158   Section      510  ano_drv_nrf24l01.o(.bss)
    .bss                                     0x20000356   Section      320  ano_drv_usart1.o(.bss)
    TxBuffer                                 0x20000356   Data         256  ano_drv_usart1.o(.bss)
    .bss                                     0x20000496   Section       14  ano_drv_adc.o(.bss)
    .bss                                     0x200004a4   Section       88  ano_drv_mpu6050.o(.bss)
    tempAcc                                  0x200004e4   Data          12  ano_drv_mpu6050.o(.bss)
    tempGyro                                 0x200004f0   Data          12  ano_drv_mpu6050.o(.bss)
    .bss                                     0x200004fc   Section       96  libspace.o(.bss)
    HEAP                                     0x20000560   Section      512  startup_stm32f10x_md.o(HEAP)
    Heap_Mem                                 0x20000560   Data         512  startup_stm32f10x_md.o(HEAP)
    STACK                                    0x20000760   Section     1024  startup_stm32f10x_md.o(STACK)
    Stack_Mem                                0x20000760   Data        1024  startup_stm32f10x_md.o(STACK)
    __initial_sp                             0x20000b60   Data           0  startup_stm32f10x_md.o(STACK)

    Global Symbols

    Symbol Name                              Value     Ov Type        Size  Object(Section)

    BuildAttributes$$THM_ISAv4$P$D$K$B$S$PE$A:L22UL41UL21$X:L11$S22US41US21$IEEE1$IW$USESV6$~STKCKD$USESV7$~SHL$OTIME$ROPI$IEEEX$EBA8$UX$STANDARDLIB$REQ8$PRES8$EABIv2 0x00000000   Number         0  anon$$obj.o ABSOLUTE
    __ARM_use_no_argv                        0x00000000   Number         0  anoremoter.o ABSOLUTE
    __ARM_exceptions_init                     - Undefined Weak Reference
    __alloca_initialize                       - Undefined Weak Reference
    __cxa_finalize                            - Undefined Weak Reference
    __rt_locale                               - Undefined Weak Reference
    __sigvec_lookup                           - Undefined Weak Reference
    _atexit_init                              - Undefined Weak Reference
    _call_atexit_fns                          - Undefined Weak Reference
    _clock_init                               - Undefined Weak Reference
    _fp_trap_init                             - Undefined Weak Reference
    _fp_trap_shutdown                         - Undefined Weak Reference
    _get_lc_collate                           - Undefined Weak Reference
    _get_lc_ctype                             - Undefined Weak Reference
    _get_lc_monetary                          - Undefined Weak Reference
    _get_lc_numeric                           - Undefined Weak Reference
    _get_lc_time                              - Undefined Weak Reference
    _getenv_init                              - Undefined Weak Reference
    _handle_redirection                       - Undefined Weak Reference
    _init_alloc                               - Undefined Weak Reference
    _init_user_alloc                          - Undefined Weak Reference
    _initio                                   - Undefined Weak Reference
    _rand_init                                - Undefined Weak Reference
    _signal_finish                            - Undefined Weak Reference
    _signal_init                              - Undefined Weak Reference
    _terminate_alloc                          - Undefined Weak Reference
    _terminate_user_alloc                     - Undefined Weak Reference
    _terminateio                              - Undefined Weak Reference
    __Vectors_Size                           0x000000ec   Number         0  startup_stm32f10x_md.o ABSOLUTE
    __Vectors                                0x08000000   Data           4  startup_stm32f10x_md.o(RESET)
    __Vectors_End                            0x080000ec   Data           0  startup_stm32f10x_md.o(RESET)
    __main                                   0x080000ed   Thumb Code     8  __main.o(!!!main)
    __scatterload                            0x080000f5   Thumb Code     0  __scatter.o(!!!scatter)
    __scatterload_rt2                        0x080000f5   Thumb Code    44  __scatter.o(!!!scatter)
    __scatterload_rt2_thumb_only             0x080000f5   Thumb Code     0  __scatter.o(!!!scatter)
    __scatterload_null                       0x08000103   Thumb Code     0  __scatter.o(!!!scatter)
    __scatterload_copy                       0x08000129   Thumb Code    26  __scatter_copy.o(!!handler_copy)
    __scatterload_zeroinit                   0x08000145   Thumb Code    28  __scatter_zi.o(!!handler_zi)
    __rt_lib_init                            0x08000161   Thumb Code     0  libinit.o(.ARM.Collect$$libinit$$00000000)
    __rt_lib_init_alloca_1                   0x08000163   Thumb Code     0  libinit2.o(.ARM.Collect$$libinit$$0000002C)
    __rt_lib_init_argv_1                     0x08000163   Thumb Code     0  libinit2.o(.ARM.Collect$$libinit$$0000002A)
    __rt_lib_init_atexit_1                   0x08000163   Thumb Code     0  libinit2.o(.ARM.Collect$$libinit$$00000019)
    __rt_lib_init_clock_1                    0x08000163   Thumb Code     0  libinit2.o(.ARM.Collect$$libinit$$0000001F)
    __rt_lib_init_cpp_2                      0x08000163   Thumb Code     0  libinit2.o(.ARM.Collect$$libinit$$0000002F)
    __rt_lib_init_exceptions_1               0x08000163   Thumb Code     0  libinit2.o(.ARM.Collect$$libinit$$0000002E)
    __rt_lib_init_fp_1                       0x08000163   Thumb Code     0  libinit2.o(.ARM.Collect$$libinit$$00000002)
    __rt_lib_init_fp_trap_1                  0x08000163   Thumb Code     0  libinit2.o(.ARM.Collect$$libinit$$0000001D)
    __rt_lib_init_getenv_1                   0x08000163   Thumb Code     0  libinit2.o(.ARM.Collect$$libinit$$00000021)
    __rt_lib_init_heap_1                     0x08000163   Thumb Code     0  libinit2.o(.ARM.Collect$$libinit$$00000008)
    __rt_lib_init_lc_collate_1               0x08000163   Thumb Code     0  libinit2.o(.ARM.Collect$$libinit$$0000000F)
    __rt_lib_init_lc_ctype_1                 0x08000163   Thumb Code     0  libinit2.o(.ARM.Collect$$libinit$$00000011)
    __rt_lib_init_lc_monetary_1              0x08000163   Thumb Code     0  libinit2.o(.ARM.Collect$$libinit$$00000013)
    __rt_lib_init_lc_numeric_1               0x08000163   Thumb Code     0  libinit2.o(.ARM.Collect$$libinit$$00000015)
    __rt_lib_init_lc_time_1                  0x08000163   Thumb Code     0  libinit2.o(.ARM.Collect$$libinit$$00000017)
    __rt_lib_init_rand_1                     0x08000163   Thumb Code     0  libinit2.o(.ARM.Collect$$libinit$$0000000C)
    __rt_lib_init_signal_1                   0x08000163   Thumb Code     0  libinit2.o(.ARM.Collect$$libinit$$0000001B)
    __rt_lib_init_stdio_1                    0x08000163   Thumb Code     0  libinit2.o(.ARM.Collect$$libinit$$00000023)
    __rt_lib_init_user_alloc_1               0x08000163   Thumb Code     0  libinit2.o(.ARM.Collect$$libinit$$0000000A)
    __rt_lib_init_cpp_1                      0x08000167   Thumb Code     0  libinit2.o(.ARM.Collect$$libinit$$00000030)
    __rt_lib_init_return                     0x08000167   Thumb Code     0  libinit2.o(.ARM.Collect$$libinit$$00000031)
    __rt_lib_shutdown                        0x08000169   Thumb Code     0  libshutdown.o(.ARM.Collect$$libshutdown$$00000000)
    __rt_lib_shutdown_fp_trap_1              0x0800016b   Thumb Code     0  libshutdown2.o(.ARM.Collect$$libshutdown$$00000006)
    __rt_lib_shutdown_heap_1                 0x0800016b   Thumb Code     0  libshutdown2.o(.ARM.Collect$$libshutdown$$0000000E)
    __rt_lib_shutdown_return                 0x0800016b   Thumb Code     0  libshutdown2.o(.ARM.Collect$$libshutdown$$0000000F)
    __rt_lib_shutdown_signal_1               0x0800016b   Thumb Code     0  libshutdown2.o(.ARM.Collect$$libshutdown$$00000009)
    __rt_lib_shutdown_stdio_1                0x0800016b   Thumb Code     0  libshutdown2.o(.ARM.Collect$$libshutdown$$00000003)
    __rt_lib_shutdown_user_alloc_1           0x0800016b   Thumb Code     0  libshutdown2.o(.ARM.Collect$$libshutdown$$0000000B)
    __rt_entry                               0x0800016d   Thumb Code     0  rtentry.o(.ARM.Collect$$rtentry$$00000000)
    __rt_entry_presh_1                       0x0800016d   Thumb Code     0  rtentry2.o(.ARM.Collect$$rtentry$$00000002)
    __rt_entry_sh                            0x0800016d   Thumb Code     0  rtentry4.o(.ARM.Collect$$rtentry$$00000004)
    __rt_entry_li                            0x08000173   Thumb Code     0  rtentry2.o(.ARM.Collect$$rtentry$$0000000A)
    __rt_entry_postsh_1                      0x08000173   Thumb Code     0  rtentry2.o(.ARM.Collect$$rtentry$$00000009)
    __rt_entry_main                          0x08000177   Thumb Code     0  rtentry2.o(.ARM.Collect$$rtentry$$0000000D)
    __rt_entry_postli_1                      0x08000177   Thumb Code     0  rtentry2.o(.ARM.Collect$$rtentry$$0000000C)
    __rt_exit                                0x0800017f   Thumb Code     0  rtexit.o(.ARM.Collect$$rtexit$$00000000)
    __rt_exit_ls                             0x08000181   Thumb Code     0  rtexit2.o(.ARM.Collect$$rtexit$$00000003)
    __rt_exit_prels_1                        0x08000181   Thumb Code     0  rtexit2.o(.ARM.Collect$$rtexit$$00000002)
    __rt_exit_exit                           0x08000185   Thumb Code     0  rtexit2.o(.ARM.Collect$$rtexit$$00000004)
    main                                     0x0800018d   Thumb Code    24  anoremoter.o(.text)
    ANO_Config::ANO_Config()                 0x080001ad   Thumb Code     6  ano_config.o(.text)
    ANO_Config::ANO_Config__sub_object()     0x080001ad   Thumb Code     0  ano_config.o(.text)
    ANO_Loop()                               0x080001f9   Thumb Code   100  ano_scheduler.o(.text)
    ANO_Scheduler::ANO_Scheduler()           0x0800025d   Thumb Code    14  ano_scheduler.o(.text)
    ANO_Scheduler::ANO_Scheduler__sub_object() 0x0800025d   Thumb Code     0  ano_scheduler.o(.text)
    ANO_DT::Check_Event()                    0x08000285   Thumb Code    72  ano_dt.o(.text)
    ANO_DT::Send_Data(unsigned char*, unsigned char) 0x080002cd   Thumb Code    20  ano_dt.o(.text)
    ANO_DT::Send_RCData()                    0x080002e1   Thumb Code   304  ano_dt.o(.text)
    ANO_DT::Data_Exchange()                  0x08000411   Thumb Code    48  ano_dt.o(.text)
    ANO_RC::Init()                           0x08000459   Thumb Code    12  ano_rc.o(.text)
    ANO_RC::ANO_RC()                         0x08000465   Thumb Code    14  ano_rc.o(.text)
    ANO_RC::ANO_RC__sub_object()             0x08000465   Thumb Code     0  ano_rc.o(.text)
    ANO_RC::DataGet()                        0x08000473   Thumb Code   286  ano_rc.o(.text)
    ANO_RC::DataCalculate()                  0x08000591   Thumb Code   518  ano_rc.o(.text)
    ANO_RC::KeyCheck()                       0x08000797   Thumb Code  1076  ano_rc.o(.text)
    ANO_Param::READ_RC_OFFSET()              0x08000bed   Thumb Code    74  ano_param.o(.text)
    ANO_Param::READ_CONF()                   0x08000c37   Thumb Code    12  ano_param.o(.text)
    ANO_Param::Init()                        0x08000c43   Thumb Code    12  ano_param.o(.text)
    ANO_Param::SAVE_RC_OFFSET()              0x08000c4f   Thumb Code    70  ano_param.o(.text)
    ANO_Filter::LPF_1st_Factor_Cal(float, float) 0x08000c9d   Thumb Code    52  ano_filter.o(.text)
    ANO_Filter::LPF_2nd_Factor_Cal(ANO_Filter::LPF2ndData_t*) 0x08000cd1   Thumb Code    14  ano_filter.o(.text)
    ANO_Filter::CF_Factor_Cal(float, float)  0x08000cdf   Thumb Code    32  ano_filter.o(.text)
    ANO_Filter::LPF_1st(Vector3<float>, Vector3<float>, float) 0x08000cff   Thumb Code    78  ano_filter.o(.text)
    ANO_Filter::LPF_2nd(ANO_Filter::LPF2ndData_t*, Vector3<float>) 0x08000d4d   Thumb Code   156  ano_filter.o(.text)
    ANO_Filter::CF_1st(Vector3<float>, Vector3<float>, float) 0x08000de9   Thumb Code    78  ano_filter.o(.text)
    ANO_IMU::ANO_IMU()                       0x08000e49   Thumb Code    58  ano_imu.o(.text)
    ANO_IMU::ANO_IMU__sub_object()           0x08000e49   Thumb Code     0  ano_imu.o(.text)
    ANO_IMU::sensor_Init()                   0x08000e83   Thumb Code    18  ano_imu.o(.text)
    ANO_IMU::filter_Init()                   0x08000e95   Thumb Code    34  ano_imu.o(.text)
    ANO_IMU::Init()                          0x08000eb7   Thumb Code    18  ano_imu.o(.text)
    ANO_IMU::updateSensor()                  0x08000ec9   Thumb Code    54  ano_imu.o(.text)
    ANO_IMU::DCM_CF(Vector3<float>, Vector3<float>, float) 0x08000eff   Thumb Code   288  ano_imu.o(.text)
    ANO_IMU::getAttitude()                   0x0800101f   Thumb Code    80  ano_imu.o(.text)
    safe_asin(float)                         0x080010a9   Thumb Code    54  ano_math.o(.text)
    constrain_float(float, float, float)     0x080010df   Thumb Code    72  ano_math.o(.text)
    constrain_int16(short, short, short)     0x08001127   Thumb Code    22  ano_math.o(.text)
    constrain_uint16(unsigned short, unsigned short, unsigned short) 0x0800113d   Thumb Code    22  ano_math.o(.text)
    constrain_int32(int, int, int)           0x08001153   Thumb Code    22  ano_math.o(.text)
    radians(float)                           0x08001169   Thumb Code    14  ano_math.o(.text)
    degrees(float)                           0x08001177   Thumb Code    14  ano_math.o(.text)
    sq(float)                                0x08001185   Thumb Code    14  ano_math.o(.text)
    pythagorous2(float, float)               0x08001193   Thumb Code    40  ano_math.o(.text)
    pythagorous3(float, float, float)        0x080011bb   Thumb Code    58  ano_math.o(.text)
    pythagorous4(float, float, float, float) 0x080011f5   Thumb Code    76  ano_math.o(.text)
    SysTick_IRQ()                            0x08001255   Thumb Code    44  board.o(.text)
    ANO_Remoter_board_Init()                 0x08001281   Thumb Code   126  board.o(.text)
    NMI_Handler                              0x08001319   Thumb Code     2  stm32f10x_it.o(.text)
    MemManage_Handler                        0x0800131b   Thumb Code     4  stm32f10x_it.o(.text)
    BusFault_Handler                         0x0800131f   Thumb Code     4  stm32f10x_it.o(.text)
    UsageFault_Handler                       0x08001323   Thumb Code     4  stm32f10x_it.o(.text)
    SVC_Handler                              0x08001327   Thumb Code     2  stm32f10x_it.o(.text)
    DebugMon_Handler                         0x08001329   Thumb Code     2  stm32f10x_it.o(.text)
    SysTick_Handler                          0x0800132b   Thumb Code     8  stm32f10x_it.o(.text)
    USART1_IRQHandler                        0x08001333   Thumb Code     8  stm32f10x_it.o(.text)
    ANO_SPI2::Init()                         0x0800133d   Thumb Code   194  ano_drv_spi2.o(.text)
    ANO_SPI2::RW(unsigned char)              0x080013ff   Thumb Code    52  ano_drv_spi2.o(.text)
    ANO_SPI2::CE_H()                         0x08001433   Thumb Code    14  ano_drv_spi2.o(.text)
    ANO_SPI2::CE_L()                         0x08001441   Thumb Code    14  ano_drv_spi2.o(.text)
    ANO_SPI2::CSN_H()                        0x0800144f   Thumb Code    16  ano_drv_spi2.o(.text)
    ANO_SPI2::CSN_L()                        0x0800145f   Thumb Code    16  ano_drv_spi2.o(.text)
    ANO_NRF::Write_Reg(unsigned char, unsigned char) 0x08001479   Thumb Code    46  ano_drv_nrf24l01.o(.text)
    ANO_NRF::Write_Buf(unsigned char, unsigned char*, unsigned char) 0x080014a7   Thumb Code    60  ano_drv_nrf24l01.o(.text)
    ANO_NRF::Init(unsigned char, unsigned char) 0x080014e3   Thumb Code   286  ano_drv_nrf24l01.o(.text)
    ANO_NRF::TxPacket(unsigned char*, unsigned char) 0x08001601   Thumb Code    46  ano_drv_nrf24l01.o(.text)
    ANO_NRF::TxPacket_AP(unsigned char*, unsigned char) 0x0800162f   Thumb Code    34  ano_drv_nrf24l01.o(.text)
    ANO_NRF::Read_Buf(unsigned char, unsigned char*, unsigned char) 0x08001651   Thumb Code    62  ano_drv_nrf24l01.o(.text)
    ANO_NRF::Check()                         0x0800168f   Thumb Code    68  ano_drv_nrf24l01.o(.text)
    ANO_NRF::Read_Reg(unsigned char)         0x080016d3   Thumb Code    40  ano_drv_nrf24l01.o(.text)
    ANO_NRF::Check_Event()                   0x080016fb   Thumb Code    96  ano_drv_nrf24l01.o(.text)
    InitCurrWrAddress()                      0x080017b5   Thumb Code    92  ano_drv_eeprom.o(.text)
    EE_ReadVariable(unsigned short, unsigned short*) 0x080018bf   Thumb Code    88  ano_drv_eeprom.o(.text)
    __EE_Init()                              0x08001917   Thumb Code   488  ano_drv_eeprom.o(.text)
    EE_Init()                                0x08001aff   Thumb Code    16  ano_drv_eeprom.o(.text)
    EE_WriteVariable(unsigned short, unsigned short) 0x08001c09   Thumb Code    36  ano_drv_eeprom.o(.text)
    Uart1_Init(unsigned)                     0x08001c3d   Thumb Code   198  ano_drv_usart1.o(.text)
    Uart1_IRQ()                              0x08001d03   Thumb Code   326  ano_drv_usart1.o(.text)
    Uart1_Put_Char(unsigned char)            0x08001e49   Thumb Code    48  ano_drv_usart1.o(.text)
    Uart1_Put_Int16(unsigned short)          0x08001e79   Thumb Code    86  ano_drv_usart1.o(.text)
    Uart1_Put_Float(float)                   0x08001ecf   Thumb Code   144  ano_drv_usart1.o(.text)
    Uart1_Put_String(unsigned char*)         0x08001f5f   Thumb Code    46  ano_drv_usart1.o(.text)
    Usart1_Send_Buf(unsigned char*, unsigned char) 0x08001f8d   Thumb Code    62  ano_drv_usart1.o(.text)
    ADC1_Init()                              0x08002157   Thumb Code    12  ano_drv_adc.o(.text)
    ANO_I2C_Soft::ANO_I2C_Soft()             0x08002179   Thumb Code     2  ano_drv_i2c_soft.o(.text)
    ANO_I2C_Soft::ANO_I2C_Soft__sub_object() 0x08002179   Thumb Code     0  ano_drv_i2c_soft.o(.text)
    ANO_I2C_Soft::Init()                     0x0800217b   Thumb Code    68  ano_drv_i2c_soft.o(.text)
    ANO_I2C_Soft::I2C_delay()                0x080021bf   Thumb Code     2  ano_drv_i2c_soft.o(.text)
    ANO_I2C_Soft::I2C_Stop()                 0x080021c1   Thumb Code    70  ano_drv_i2c_soft.o(.text)
    ANO_I2C_Soft::I2C_WaitAck()              0x08002207   Thumb Code   104  ano_drv_i2c_soft.o(.text)
    ANO_I2C_Soft::I2C_SendByte(unsigned char) 0x0800226f   Thumb Code    96  ano_drv_i2c_soft.o(.text)
    ANO_I2C_Soft::I2C_Start()                0x080022cf   Thumb Code   100  ano_drv_i2c_soft.o(.text)
    ANO_I2C_Soft::I2C_Single_Write(unsigned char, unsigned char, unsigned char) 0x08002333   Thumb Code    86  ano_drv_i2c_soft.o(.text)
    ANO_I2C_Soft::I2C_NoAck()                0x08002389   Thumb Code    70  ano_drv_i2c_soft.o(.text)
    ANO_I2C_Soft::I2C_ReadByte()             0x080023cf   Thumb Code    90  ano_drv_i2c_soft.o(.text)
    ANO_I2C_Soft::I2C_Single_Read(unsigned char, unsigned char) 0x08002429   Thumb Code   106  ano_drv_i2c_soft.o(.text)
    ANO_I2C_Soft::I2C_Ack()                  0x08002493   Thumb Code    70  ano_drv_i2c_soft.o(.text)
    ANO_I2C_Soft::I2C_Mult_Read(unsigned char, unsigned char, unsigned char*, unsigned char) 0x080024d9   Thumb Code   160  ano_drv_i2c_soft.o(.text)
    ANO_MPU6050::ANO_MPU6050()               0x08002579   Thumb Code    72  ano_drv_mpu6050.o(.text)
    ANO_MPU6050::ANO_MPU6050__sub_object()   0x08002579   Thumb Code     0  ano_drv_mpu6050.o(.text)
    ANO_MPU6050::delayms(unsigned short)     0x080025c1   Thumb Code    32  ano_drv_mpu6050.o(.text)
    ANO_MPU6050::Init(unsigned short, unsigned short) 0x080025e1   Thumb Code   190  ano_drv_mpu6050.o(.text)
    ANO_MPU6050::CalOffset_Acc()             0x0800269f   Thumb Code   226  ano_drv_mpu6050.o(.text)
    ANO_MPU6050::Read_Acc_Data()             0x08002781   Thumb Code   186  ano_drv_mpu6050.o(.text)
    ANO_MPU6050::CalOffset_Gyro()            0x0800283b   Thumb Code   214  ano_drv_mpu6050.o(.text)
    ANO_MPU6050::Read_Gyro_Data()            0x08002911   Thumb Code   186  ano_drv_mpu6050.o(.text)
    ANO_MPU6050::Get_Acc()                   0x080029cb   Thumb Code    14  ano_drv_mpu6050.o(.text)
    ANO_MPU6050::Get_Gyro()                  0x080029d9   Thumb Code    14  ano_drv_mpu6050.o(.text)
    ANO_MPU6050::Get_Gyro_in_dps()           0x080029e7   Thumb Code    66  ano_drv_mpu6050.o(.text)
    NVIC_PriorityGroupConfig                 0x08002a55   Thumb Code    10  misc.o(.text)
    NVIC_Init                                0x08002a5f   Thumb Code   100  misc.o(.text)
    NVIC_SetVectorTable                      0x08002ac3   Thumb Code    14  misc.o(.text)
    NVIC_SystemLPConfig                      0x08002ad1   Thumb Code    34  misc.o(.text)
    SysTick_CLKSourceConfig                  0x08002af3   Thumb Code    40  misc.o(.text)
    GPIO_DeInit                              0x08002b31   Thumb Code   172  stm32f10x_gpio.o(.text)
    GPIO_AFIODeInit                          0x08002bdd   Thumb Code    20  stm32f10x_gpio.o(.text)
    GPIO_Init                                0x08002bf1   Thumb Code   278  stm32f10x_gpio.o(.text)
    GPIO_StructInit                          0x08002d07   Thumb Code    16  stm32f10x_gpio.o(.text)
    GPIO_ReadInputDataBit                    0x08002d17   Thumb Code    18  stm32f10x_gpio.o(.text)
    GPIO_ReadInputData                       0x08002d29   Thumb Code     8  stm32f10x_gpio.o(.text)
    GPIO_ReadOutputDataBit                   0x08002d31   Thumb Code    18  stm32f10x_gpio.o(.text)
    GPIO_ReadOutputData                      0x08002d43   Thumb Code     8  stm32f10x_gpio.o(.text)
    GPIO_SetBits                             0x08002d4b   Thumb Code     4  stm32f10x_gpio.o(.text)
    GPIO_ResetBits                           0x08002d4f   Thumb Code     4  stm32f10x_gpio.o(.text)
    GPIO_WriteBit                            0x08002d53   Thumb Code    10  stm32f10x_gpio.o(.text)
    GPIO_Write                               0x08002d5d   Thumb Code     4  stm32f10x_gpio.o(.text)
    GPIO_PinLockConfig                       0x08002d61   Thumb Code    18  stm32f10x_gpio.o(.text)
    GPIO_EventOutputConfig                   0x08002d73   Thumb Code    26  stm32f10x_gpio.o(.text)
    GPIO_EventOutputCmd                      0x08002d8d   Thumb Code     6  stm32f10x_gpio.o(.text)
    GPIO_PinRemapConfig                      0x08002d93   Thumb Code   138  stm32f10x_gpio.o(.text)
    GPIO_EXTILineConfig                      0x08002e1d   Thumb Code    66  stm32f10x_gpio.o(.text)
    GPIO_ETH_MediaInterfaceConfig            0x08002e5f   Thumb Code     8  stm32f10x_gpio.o(.text)
    RCC_DeInit                               0x08002e8d   Thumb Code    64  stm32f10x_rcc.o(.text)
    RCC_HSEConfig                            0x08002ecd   Thumb Code    70  stm32f10x_rcc.o(.text)
    RCC_GetFlagStatus                        0x08002f13   Thumb Code    56  stm32f10x_rcc.o(.text)
    RCC_WaitForHSEStartUp                    0x08002f4b   Thumb Code    56  stm32f10x_rcc.o(.text)
    RCC_AdjustHSICalibrationValue            0x08002f83   Thumb Code    20  stm32f10x_rcc.o(.text)
    RCC_HSICmd                               0x08002f97   Thumb Code     6  stm32f10x_rcc.o(.text)
    RCC_PLLConfig                            0x08002f9d   Thumb Code    24  stm32f10x_rcc.o(.text)
    RCC_PLLCmd                               0x08002fb5   Thumb Code     6  stm32f10x_rcc.o(.text)
    RCC_SYSCLKConfig                         0x08002fbb   Thumb Code    18  stm32f10x_rcc.o(.text)
    RCC_GetSYSCLKSource                      0x08002fcd   Thumb Code    10  stm32f10x_rcc.o(.text)
    RCC_HCLKConfig                           0x08002fd7   Thumb Code    18  stm32f10x_rcc.o(.text)
    RCC_PCLK1Config                          0x08002fe9   Thumb Code    18  stm32f10x_rcc.o(.text)
    RCC_PCLK2Config                          0x08002ffb   Thumb Code    20  stm32f10x_rcc.o(.text)
    RCC_ITConfig                             0x0800300f   Thumb Code    26  stm32f10x_rcc.o(.text)
    RCC_USBCLKConfig                         0x08003029   Thumb Code     8  stm32f10x_rcc.o(.text)
    RCC_ADCCLKConfig                         0x08003031   Thumb Code    18  stm32f10x_rcc.o(.text)
    RCC_LSEConfig                            0x08003043   Thumb Code    50  stm32f10x_rcc.o(.text)
    RCC_LSICmd                               0x08003075   Thumb Code     6  stm32f10x_rcc.o(.text)
    RCC_RTCCLKConfig                         0x0800307b   Thumb Code    12  stm32f10x_rcc.o(.text)
    RCC_RTCCLKCmd                            0x08003087   Thumb Code     8  stm32f10x_rcc.o(.text)
    RCC_GetClocksFreq                        0x0800308f   Thumb Code   192  stm32f10x_rcc.o(.text)
    RCC_AHBPeriphClockCmd                    0x0800314f   Thumb Code    26  stm32f10x_rcc.o(.text)
    RCC_APB2PeriphClockCmd                   0x08003169   Thumb Code    26  stm32f10x_rcc.o(.text)
    RCC_APB1PeriphClockCmd                   0x08003183   Thumb Code    26  stm32f10x_rcc.o(.text)
    RCC_APB2PeriphResetCmd                   0x0800319d   Thumb Code    26  stm32f10x_rcc.o(.text)
    RCC_APB1PeriphResetCmd                   0x080031b7   Thumb Code    26  stm32f10x_rcc.o(.text)
    RCC_BackupResetCmd                       0x080031d1   Thumb Code     8  stm32f10x_rcc.o(.text)
    RCC_ClockSecuritySystemCmd               0x080031d9   Thumb Code     6  stm32f10x_rcc.o(.text)
    RCC_MCOConfig                            0x080031df   Thumb Code     6  stm32f10x_rcc.o(.text)
    RCC_ClearFlag                            0x080031e5   Thumb Code    14  stm32f10x_rcc.o(.text)
    RCC_GetITStatus                          0x080031f3   Thumb Code    20  stm32f10x_rcc.o(.text)
    RCC_ClearITPendingBit                    0x08003207   Thumb Code     6  stm32f10x_rcc.o(.text)
    USART_DeInit                             0x08003231   Thumb Code   134  stm32f10x_usart.o(.text)
    USART_Init                               0x080032b7   Thumb Code   210  stm32f10x_usart.o(.text)
    USART_StructInit                         0x08003389   Thumb Code    24  stm32f10x_usart.o(.text)
    USART_ClockInit                          0x080033a1   Thumb Code    34  stm32f10x_usart.o(.text)
    USART_ClockStructInit                    0x080033c3   Thumb Code    12  stm32f10x_usart.o(.text)
    USART_Cmd                                0x080033cf   Thumb Code    24  stm32f10x_usart.o(.text)
    USART_ITConfig                           0x080033e7   Thumb Code    74  stm32f10x_usart.o(.text)
    USART_DMACmd                             0x08003431   Thumb Code    18  stm32f10x_usart.o(.text)
    USART_SetAddress                         0x08003443   Thumb Code    18  stm32f10x_usart.o(.text)
    USART_WakeUpConfig                       0x08003455   Thumb Code    18  stm32f10x_usart.o(.text)
    USART_ReceiverWakeUpCmd                  0x08003467   Thumb Code    24  stm32f10x_usart.o(.text)
    USART_LINBreakDetectLengthConfig         0x0800347f   Thumb Code    18  stm32f10x_usart.o(.text)
    USART_LINCmd                             0x08003491   Thumb Code    24  stm32f10x_usart.o(.text)
    USART_SendData                           0x080034a9   Thumb Code     8  stm32f10x_usart.o(.text)
    USART_ReceiveData                        0x080034b1   Thumb Code    10  stm32f10x_usart.o(.text)
    USART_SendBreak                          0x080034bb   Thumb Code    10  stm32f10x_usart.o(.text)
    USART_SetGuardTime                       0x080034c5   Thumb Code    16  stm32f10x_usart.o(.text)
    USART_SetPrescaler                       0x080034d5   Thumb Code    16  stm32f10x_usart.o(.text)
    USART_SmartCardCmd                       0x080034e5   Thumb Code    24  stm32f10x_usart.o(.text)
    USART_SmartCardNACKCmd                   0x080034fd   Thumb Code    24  stm32f10x_usart.o(.text)
    USART_HalfDuplexCmd                      0x08003515   Thumb Code    24  stm32f10x_usart.o(.text)
    USART_OverSampling8Cmd                   0x0800352d   Thumb Code    22  stm32f10x_usart.o(.text)
    USART_OneBitMethodCmd                    0x08003543   Thumb Code    24  stm32f10x_usart.o(.text)
    USART_IrDAConfig                         0x0800355b   Thumb Code    18  stm32f10x_usart.o(.text)
    USART_IrDACmd                            0x0800356d   Thumb Code    24  stm32f10x_usart.o(.text)
    USART_GetFlagStatus                      0x08003585   Thumb Code    26  stm32f10x_usart.o(.text)
    USART_ClearFlag                          0x0800359f   Thumb Code    18  stm32f10x_usart.o(.text)
    USART_GetITStatus                        0x080035b1   Thumb Code    84  stm32f10x_usart.o(.text)
    USART_ClearITPendingBit                  0x08003605   Thumb Code    52  stm32f10x_usart.o(.text)
    FLASH_SetLatency                         0x08003639   Thumb Code    18  stm32f10x_flash.o(.text)
    FLASH_HalfCycleAccessCmd                 0x0800364b   Thumb Code    22  stm32f10x_flash.o(.text)
    FLASH_PrefetchBufferCmd                  0x08003661   Thumb Code    22  stm32f10x_flash.o(.text)
    FLASH_Unlock                             0x08003677   Thumb Code    12  stm32f10x_flash.o(.text)
    FLASH_UnlockBank1                        0x08003683   Thumb Code    12  stm32f10x_flash.o(.text)
    FLASH_Lock                               0x0800368f   Thumb Code    14  stm32f10x_flash.o(.text)
    FLASH_LockBank1                          0x0800369d   Thumb Code    14  stm32f10x_flash.o(.text)
    FLASH_GetBank1Status                     0x080036ab   Thumb Code    48  stm32f10x_flash.o(.text)
    FLASH_WaitForLastOperation               0x080036db   Thumb Code    38  stm32f10x_flash.o(.text)
    FLASH_ErasePage                          0x08003701   Thumb Code    72  stm32f10x_flash.o(.text)
    FLASH_EraseAllPages                      0x08003749   Thumb Code    68  stm32f10x_flash.o(.text)
    FLASH_WaitForLastBank1Operation          0x0800378d   Thumb Code    38  stm32f10x_flash.o(.text)
    FLASH_EraseAllBank1Pages                 0x080037b3   Thumb Code    68  stm32f10x_flash.o(.text)
    FLASH_GetReadOutProtectionStatus         0x080037f7   Thumb Code    20  stm32f10x_flash.o(.text)
    FLASH_EraseOptionBytes                   0x0800380b   Thumb Code   150  stm32f10x_flash.o(.text)
    FLASH_ProgramWord                        0x080038a1   Thumb Code   102  stm32f10x_flash.o(.text)
    FLASH_ProgramHalfWord                    0x08003907   Thumb Code    60  stm32f10x_flash.o(.text)
    FLASH_ProgramOptionByteData              0x08003943   Thumb Code    72  stm32f10x_flash.o(.text)
    FLASH_EnableWriteProtection              0x0800398b   Thumb Code   200  stm32f10x_flash.o(.text)
    FLASH_ReadOutProtection                  0x08003a53   Thumb Code   156  stm32f10x_flash.o(.text)
    FLASH_UserOptionByteConfig               0x08003aef   Thumb Code    88  stm32f10x_flash.o(.text)
    FLASH_GetUserOptionByte                  0x08003b47   Thumb Code     8  stm32f10x_flash.o(.text)
    FLASH_GetWriteProtectionOptionByte       0x08003b4f   Thumb Code     6  stm32f10x_flash.o(.text)
    FLASH_GetPrefetchBufferStatus            0x08003b55   Thumb Code    20  stm32f10x_flash.o(.text)
    FLASH_ITConfig                           0x08003b69   Thumb Code    26  stm32f10x_flash.o(.text)
    FLASH_GetFlagStatus                      0x08003b83   Thumb Code    42  stm32f10x_flash.o(.text)
    FLASH_ClearFlag                          0x08003bad   Thumb Code     6  stm32f10x_flash.o(.text)
    FLASH_GetStatus                          0x08003bb3   Thumb Code    48  stm32f10x_flash.o(.text)
    SystemInit                               0x08003cd3   Thumb Code    78  system_stm32f10x.o(.text)
    SystemCoreClockUpdate                    0x08003d21   Thumb Code   142  system_stm32f10x.o(.text)
    Reset_Handler                            0x08003dd5   Thumb Code     8  startup_stm32f10x_md.o(.text)
    HardFault_Handler                        0x08003ddf   Thumb Code     2  startup_stm32f10x_md.o(.text)
    PendSV_Handler                           0x08003deb   Thumb Code     2  startup_stm32f10x_md.o(.text)
    ADC1_2_IRQHandler                        0x08003def   Thumb Code     0  startup_stm32f10x_md.o(.text)
    CAN1_RX1_IRQHandler                      0x08003def   Thumb Code     0  startup_stm32f10x_md.o(.text)
    CAN1_SCE_IRQHandler                      0x08003def   Thumb Code     0  startup_stm32f10x_md.o(.text)
    DMA1_Channel1_IRQHandler                 0x08003def   Thumb Code     0  startup_stm32f10x_md.o(.text)
    DMA1_Channel2_IRQHandler                 0x08003def   Thumb Code     0  startup_stm32f10x_md.o(.text)
    DMA1_Channel3_IRQHandler                 0x08003def   Thumb Code     0  startup_stm32f10x_md.o(.text)
    DMA1_Channel4_IRQHandler                 0x08003def   Thumb Code     0  startup_stm32f10x_md.o(.text)
    DMA1_Channel5_IRQHandler                 0x08003def   Thumb Code     0  startup_stm32f10x_md.o(.text)
    DMA1_Channel6_IRQHandler                 0x08003def   Thumb Code     0  startup_stm32f10x_md.o(.text)
    DMA1_Channel7_IRQHandler                 0x08003def   Thumb Code     0  startup_stm32f10x_md.o(.text)
    EXTI0_IRQHandler                         0x08003def   Thumb Code     0  startup_stm32f10x_md.o(.text)
    EXTI15_10_IRQHandler                     0x08003def   Thumb Code     0  startup_stm32f10x_md.o(.text)
    EXTI1_IRQHandler                         0x08003def   Thumb Code     0  startup_stm32f10x_md.o(.text)
    EXTI2_IRQHandler                         0x08003def   Thumb Code     0  startup_stm32f10x_md.o(.text)
    EXTI3_IRQHandler                         0x08003def   Thumb Code     0  startup_stm32f10x_md.o(.text)
    EXTI4_IRQHandler                         0x08003def   Thumb Code     0  startup_stm32f10x_md.o(.text)
    EXTI9_5_IRQHandler                       0x08003def   Thumb Code     0  startup_stm32f10x_md.o(.text)
    FLASH_IRQHandler                         0x08003def   Thumb Code     0  startup_stm32f10x_md.o(.text)
    I2C1_ER_IRQHandler                       0x08003def   Thumb Code     0  startup_stm32f10x_md.o(.text)
    I2C1_EV_IRQHandler                       0x08003def   Thumb Code     0  startup_stm32f10x_md.o(.text)
    I2C2_ER_IRQHandler                       0x08003def   Thumb Code     0  startup_stm32f10x_md.o(.text)
    I2C2_EV_IRQHandler                       0x08003def   Thumb Code     0  startup_stm32f10x_md.o(.text)
    PVD_IRQHandler                           0x08003def   Thumb Code     0  startup_stm32f10x_md.o(.text)
    RCC_IRQHandler                           0x08003def   Thumb Code     0  startup_stm32f10x_md.o(.text)
    RTCAlarm_IRQHandler                      0x08003def   Thumb Code     0  startup_stm32f10x_md.o(.text)
    RTC_IRQHandler                           0x08003def   Thumb Code     0  startup_stm32f10x_md.o(.text)
    SPI1_IRQHandler                          0x08003def   Thumb Code     0  startup_stm32f10x_md.o(.text)
    SPI2_IRQHandler                          0x08003def   Thumb Code     0  startup_stm32f10x_md.o(.text)
    TAMPER_IRQHandler                        0x08003def   Thumb Code     0  startup_stm32f10x_md.o(.text)
    TIM1_BRK_IRQHandler                      0x08003def   Thumb Code     0  startup_stm32f10x_md.o(.text)
    TIM1_CC_IRQHandler                       0x08003def   Thumb Code     0  startup_stm32f10x_md.o(.text)
    TIM1_TRG_COM_IRQHandler                  0x08003def   Thumb Code     0  startup_stm32f10x_md.o(.text)
    TIM1_UP_IRQHandler                       0x08003def   Thumb Code     0  startup_stm32f10x_md.o(.text)
    TIM2_IRQHandler                          0x08003def   Thumb Code     0  startup_stm32f10x_md.o(.text)
    TIM3_IRQHandler                          0x08003def   Thumb Code     0  startup_stm32f10x_md.o(.text)
    TIM4_IRQHandler                          0x08003def   Thumb Code     0  startup_stm32f10x_md.o(.text)
    USART2_IRQHandler                        0x08003def   Thumb Code     0  startup_stm32f10x_md.o(.text)
    USART3_IRQHandler                        0x08003def   Thumb Code     0  startup_stm32f10x_md.o(.text)
    USBWakeUp_IRQHandler                     0x08003def   Thumb Code     0  startup_stm32f10x_md.o(.text)
    USB_HP_CAN1_TX_IRQHandler                0x08003def   Thumb Code     0  startup_stm32f10x_md.o(.text)
    USB_LP_CAN1_RX0_IRQHandler               0x08003def   Thumb Code     0  startup_stm32f10x_md.o(.text)
    WWDG_IRQHandler                          0x08003def   Thumb Code     0  startup_stm32f10x_md.o(.text)
    __user_initial_stackheap                 0x08003df1   Thumb Code     0  startup_stm32f10x_md.o(.text)
    SPI_I2S_DeInit                           0x08003e15   Thumb Code    76  stm32f10x_spi.o(.text)
    SPI_Init                                 0x08003e61   Thumb Code    60  stm32f10x_spi.o(.text)
    I2S_Init                                 0x08003e9d   Thumb Code   226  stm32f10x_spi.o(.text)
    SPI_StructInit                           0x08003f7f   Thumb Code    24  stm32f10x_spi.o(.text)
    I2S_StructInit                           0x08003f97   Thumb Code    20  stm32f10x_spi.o(.text)
    SPI_Cmd                                  0x08003fab   Thumb Code    24  stm32f10x_spi.o(.text)
    I2S_Cmd                                  0x08003fc3   Thumb Code    24  stm32f10x_spi.o(.text)
    SPI_I2S_ITConfig                         0x08003fdb   Thumb Code    32  stm32f10x_spi.o(.text)
    SPI_I2S_DMACmd                           0x08003ffb   Thumb Code    18  stm32f10x_spi.o(.text)
    SPI_I2S_SendData                         0x0800400d   Thumb Code     4  stm32f10x_spi.o(.text)
    SPI_I2S_ReceiveData                      0x08004011   Thumb Code     6  stm32f10x_spi.o(.text)
    SPI_NSSInternalSoftwareConfig            0x08004017   Thumb Code    30  stm32f10x_spi.o(.text)
    SPI_SSOutputCmd                          0x08004035   Thumb Code    24  stm32f10x_spi.o(.text)
    SPI_DataSizeConfig                       0x0800404d   Thumb Code    18  stm32f10x_spi.o(.text)
    SPI_TransmitCRC                          0x0800405f   Thumb Code    10  stm32f10x_spi.o(.text)
    SPI_CalculateCRC                         0x08004069   Thumb Code    24  stm32f10x_spi.o(.text)
    SPI_GetCRC                               0x08004081   Thumb Code    16  stm32f10x_spi.o(.text)
    SPI_GetCRCPolynomial                     0x08004091   Thumb Code     6  stm32f10x_spi.o(.text)
    SPI_BiDirectionalLineConfig              0x08004097   Thumb Code    28  stm32f10x_spi.o(.text)
    SPI_I2S_GetFlagStatus                    0x080040b3   Thumb Code    18  stm32f10x_spi.o(.text)
    SPI_I2S_ClearFlag                        0x080040c5   Thumb Code     6  stm32f10x_spi.o(.text)
    SPI_I2S_GetITStatus                      0x080040cb   Thumb Code    52  stm32f10x_spi.o(.text)
    SPI_I2S_ClearITPendingBit                0x080040ff   Thumb Code    20  stm32f10x_spi.o(.text)
    ADC_DeInit                               0x08004121   Thumb Code    78  stm32f10x_adc.o(.text)
    ADC_Init                                 0x0800416f   Thumb Code    70  stm32f10x_adc.o(.text)
    ADC_StructInit                           0x080041b5   Thumb Code    18  stm32f10x_adc.o(.text)
    ADC_Cmd                                  0x080041c7   Thumb Code    22  stm32f10x_adc.o(.text)
    ADC_DMACmd                               0x080041dd   Thumb Code    22  stm32f10x_adc.o(.text)
    ADC_ITConfig                             0x080041f3   Thumb Code    24  stm32f10x_adc.o(.text)
    ADC_ResetCalibration                     0x0800420b   Thumb Code    10  stm32f10x_adc.o(.text)
    ADC_GetResetCalibrationStatus            0x08004215   Thumb Code    20  stm32f10x_adc.o(.text)
    ADC_StartCalibration                     0x08004229   Thumb Code    10  stm32f10x_adc.o(.text)
    ADC_GetCalibrationStatus                 0x08004233   Thumb Code    20  stm32f10x_adc.o(.text)
    ADC_SoftwareStartConvCmd                 0x08004247   Thumb Code    22  stm32f10x_adc.o(.text)
    ADC_GetSoftwareStartConvStatus           0x0800425d   Thumb Code    20  stm32f10x_adc.o(.text)
    ADC_DiscModeChannelCountConfig           0x08004271   Thumb Code    24  stm32f10x_adc.o(.text)
    ADC_DiscModeCmd                          0x08004289   Thumb Code    22  stm32f10x_adc.o(.text)
    ADC_RegularChannelConfig                 0x0800429f   Thumb Code   184  stm32f10x_adc.o(.text)
    ADC_ExternalTrigConvCmd                  0x08004357   Thumb Code    22  stm32f10x_adc.o(.text)
    ADC_GetConversionValue                   0x0800436d   Thumb Code     8  stm32f10x_adc.o(.text)
    ADC_GetDualModeConversionValue           0x08004375   Thumb Code     8  stm32f10x_adc.o(.text)
    ADC_AutoInjectedConvCmd                  0x0800437d   Thumb Code    22  stm32f10x_adc.o(.text)
    ADC_InjectedDiscModeCmd                  0x08004393   Thumb Code    22  stm32f10x_adc.o(.text)
    ADC_ExternalTrigInjectedConvConfig       0x080043a9   Thumb Code    16  stm32f10x_adc.o(.text)
    ADC_ExternalTrigInjectedConvCmd          0x080043b9   Thumb Code    22  stm32f10x_adc.o(.text)
    ADC_SoftwareStartInjectedConvCmd         0x080043cf   Thumb Code    22  stm32f10x_adc.o(.text)
    ADC_GetSoftwareStartInjectedConvCmdStatus 0x080043e5   Thumb Code    20  stm32f10x_adc.o(.text)
    ADC_InjectedChannelConfig                0x080043f9   Thumb Code   130  stm32f10x_adc.o(.text)
    ADC_InjectedSequencerLengthConfig        0x0800447b   Thumb Code    24  stm32f10x_adc.o(.text)
    ADC_SetInjectedOffset                    0x08004493   Thumb Code    20  stm32f10x_adc.o(.text)
    ADC_GetInjectedConversionValue           0x080044a7   Thumb Code    28  stm32f10x_adc.o(.text)
    ADC_AnalogWatchdogCmd                    0x080044c3   Thumb Code    16  stm32f10x_adc.o(.text)
    ADC_AnalogWatchdogThresholdsConfig       0x080044d3   Thumb Code     6  stm32f10x_adc.o(.text)
    ADC_AnalogWatchdogSingleChannelConfig    0x080044d9   Thumb Code    16  stm32f10x_adc.o(.text)
    ADC_TempSensorVrefintCmd                 0x080044e9   Thumb Code    64  stm32f10x_adc.o(.text)
    ADC_GetFlagStatus                        0x08004529   Thumb Code    18  stm32f10x_adc.o(.text)
    ADC_ClearFlag                            0x0800453b   Thumb Code     6  stm32f10x_adc.o(.text)
    ADC_GetITStatus                          0x08004541   Thumb Code    36  stm32f10x_adc.o(.text)
    ADC_ClearITPendingBit                    0x08004565   Thumb Code    10  stm32f10x_adc.o(.text)
    DMA_DeInit                               0x08004571   Thumb Code   324  stm32f10x_dma.o(.text)
    DMA_Init                                 0x080046b5   Thumb Code    60  stm32f10x_dma.o(.text)
    DMA_StructInit                           0x080046f1   Thumb Code    26  stm32f10x_dma.o(.text)
    DMA_Cmd                                  0x0800470b   Thumb Code    24  stm32f10x_dma.o(.text)
    DMA_ITConfig                             0x08004723   Thumb Code    18  stm32f10x_dma.o(.text)
    DMA_SetCurrDataCounter                   0x08004735   Thumb Code     4  stm32f10x_dma.o(.text)
    DMA_GetCurrDataCounter                   0x08004739   Thumb Code     8  stm32f10x_dma.o(.text)
    DMA_GetFlagStatus                        0x08004741   Thumb Code    40  stm32f10x_dma.o(.text)
    DMA_ClearFlag                            0x08004769   Thumb Code    22  stm32f10x_dma.o(.text)
    DMA_GetITStatus                          0x0800477f   Thumb Code    40  stm32f10x_dma.o(.text)
    DMA_ClearITPendingBit                    0x080047a7   Thumb Code    22  stm32f10x_dma.o(.text)
    __use_two_region_memory                  0x080047c5   Thumb Code     2  heapauxi.o(.text)
    __rt_heap_escrow$2region                 0x080047c7   Thumb Code     2  heapauxi.o(.text)
    __rt_heap_expand$2region                 0x080047c9   Thumb Code     2  heapauxi.o(.text)
    __cpp_initialize__aeabi_                 0x080047cd   Thumb Code    26  init_aeabi.o(.text)
    __read_errno                             0x080047f1   Thumb Code    10  _rserrno.o(.text)
    __set_errno                              0x080047fb   Thumb Code    12  _rserrno.o(.text)
    __aeabi_errno_addr                       0x08004809   Thumb Code     8  rt_errno_addr_intlibspace.o(.text)
    __errno$intlibspace                      0x08004809   Thumb Code     0  rt_errno_addr_intlibspace.o(.text)
    __rt_errno_addr$intlibspace              0x08004809   Thumb Code     0  rt_errno_addr_intlibspace.o(.text)
    __user_libspace                          0x08004811   Thumb Code     8  libspace.o(.text)
    __user_perproc_libspace                  0x08004811   Thumb Code     0  libspace.o(.text)
    __user_perthread_libspace                0x08004811   Thumb Code     0  libspace.o(.text)
    __user_setup_stackheap                   0x08004819   Thumb Code    74  sys_stackheap_outer.o(.text)
    exit                                     0x08004863   Thumb Code    12  exit.o(.text)
    __I$use$semihosting                      0x0800486f   Thumb Code     0  use_no_semi.o(.text)
    __use_no_semihosting_swi                 0x0800486f   Thumb Code     2  use_no_semi.o(.text)
    __semihosting_library_function           0x08004871   Thumb Code     0  indicate_semi.o(.text)
    _sys_exit                                0x08004871   Thumb Code     8  sys_exit.o(.text)
    __ARM_fpclassifyf                        0x0800487d   Thumb Code    38  fpclassifyf.o(i.__ARM_fpclassifyf)
    __ARM_isnanf                             0x080048a3   Thumb Code    14  ano_math.o(i.__ARM_isnanf)
    __cxa_guard_acquire                      0x080048b1   Thumb Code    16  cxa_guard_acquire.o(i.__cxa_guard_acquire)
    __mathlib_flt_underflow                  0x080048c1   Thumb Code    10  funder.o(i.__mathlib_flt_underflow)
    __mathlib_rredf2                         0x080048cd   Thumb Code   326  rredf.o(i.__mathlib_rredf2)
    asinf                                    0x08004a25   Thumb Code   260  asinf.o(i.asinf)
    atan2f                                   0x08004b4d   Thumb Code   528  atan2f.o(i.atan2f)
    cosf                                     0x08004da9   Thumb Code   334  cosf.o(i.cosf)
    sinf                                     0x08004f2d   Thumb Code   344  sinf.o(i.sinf)
    sqrtf                                    0x080050b9   Thumb Code    44  sqrtf.o(i.sqrtf)
    Matrix3<float>::from_euler(const Vector3<float>&) 0x080050e5   Thumb Code   264  ano_matrix3.o(t._ZN7Matrix3IfE10from_eulerERK7Vector3IfE)
    Vector3<float>::get_rollpitch(Vector3<float>&) 0x080051ed   Thumb Code   118  ano_vector3.o(t._ZN7Vector3IfE13get_rollpitchERS0_)
    Vector3<float>::Vector3(float, float, float) 0x08005263   Thumb Code     8  ano_vector3.o(t._ZN7Vector3IfEC1Efff)
    Vector3<float>::Vector3__sub_object(float, float, float) 0x08005263   Thumb Code     0  ano_vector3.o(t._ZN7Vector3IfEC1Efff)
    Vector3<float>::Vector3()                0x0800526b   Thumb Code    10  ano_imu.o(t._ZN7Vector3IfEC1Ev)
    Vector3<float>::Vector3__sub_object()    0x0800526b   Thumb Code     0  ano_imu.o(t._ZN7Vector3IfEC1Ev)
    Vector3<float>::operator ()(float, float, float) 0x08005275   Thumb Code     8  ano_drv_mpu6050.o(t._ZN7Vector3IfEclEfff)
    Vector3<float>::operator +=(const Vector3<float>&) 0x0800527d   Thumb Code    40  ano_vector3.o(t._ZN7Vector3IfEpLERKS0_)
    Vector3<short>::Vector3()                0x080052a5   Thumb Code    10  ano_drv_mpu6050.o(t._ZN7Vector3IsEC1Ev)
    Vector3<short>::Vector3__sub_object()    0x080052a5   Thumb Code     0  ano_drv_mpu6050.o(t._ZN7Vector3IsEC1Ev)
    Vector3<short>::operator ()(short, short, short) 0x080052af   Thumb Code     8  ano_drv_mpu6050.o(t._ZN7Vector3IsEclEsss)
    Matrix3<float>::operator *(const Vector3<float>&) const 0x080052b7   Thumb Code   164  ano_matrix3.o(t._ZNK7Matrix3IfEmlERK7Vector3IfE)
    Vector3<float>::operator -(const Vector3<float>&) const 0x0800535b   Thumb Code    56  ano_vector3.o(t._ZNK7Vector3IfEmiERKS0_)
    Vector3<float>::operator *(float) const  0x08005393   Thumb Code    56  ano_vector3.o(t._ZNK7Vector3IfEmlEf)
    Vector3<float>::operator +(const Vector3<float>&) const 0x080053cb   Thumb Code    56  ano_vector3.o(t._ZNK7Vector3IfEplERKS0_)
    __aeabi_d2f                              0x08005405   Thumb Code     0  d2f.o(x$fpl$d2f)
    _d2f                                     0x08005405   Thumb Code    98  d2f.o(x$fpl$d2f)
    __aeabi_dadd                             0x08005469   Thumb Code     0  daddsub_clz.o(x$fpl$dadd)
    _dadd                                    0x08005469   Thumb Code   332  daddsub_clz.o(x$fpl$dadd)
    __aeabi_d2uiz                            0x080055b9   Thumb Code     0  dfixu.o(x$fpl$dfixu)
    _dfixu                                   0x080055b9   Thumb Code    90  dfixu.o(x$fpl$dfixu)
    __aeabi_i2d                              0x08005613   Thumb Code     0  dflt_clz.o(x$fpl$dflt)
    _dflt                                    0x08005613   Thumb Code    46  dflt_clz.o(x$fpl$dflt)
    __aeabi_dmul                             0x08005641   Thumb Code     0  dmul.o(x$fpl$dmul)
    _dmul                                    0x08005641   Thumb Code   332  dmul.o(x$fpl$dmul)
    __fpl_dnaninf                            0x08005795   Thumb Code   156  dnaninf.o(x$fpl$dnaninf)
    __fpl_dretinf                            0x08005831   Thumb Code    12  dretinf.o(x$fpl$dretinf)
    __aeabi_dsub                             0x0800583d   Thumb Code     0  daddsub_clz.o(x$fpl$dsub)
    _dsub                                    0x0800583d   Thumb Code   464  daddsub_clz.o(x$fpl$dsub)
    __aeabi_f2d                              0x08005a11   Thumb Code     0  f2d.o(x$fpl$f2d)
    _f2d                                     0x08005a11   Thumb Code    86  f2d.o(x$fpl$f2d)
    __aeabi_fadd                             0x08005a69   Thumb Code     0  faddsub_clz.o(x$fpl$fadd)
    _fadd                                    0x08005a69   Thumb Code   196  faddsub_clz.o(x$fpl$fadd)
    __fpl_fcheck_NaN1                        0x08005b2d   Thumb Code     6  fcheck1.o(x$fpl$fcheck1)
    __fpl_fcmp_Inf                           0x08005b39   Thumb Code    24  fcmpi.o(x$fpl$fcmpinf)
    __aeabi_fdiv                             0x08005b51   Thumb Code     0  fdiv.o(x$fpl$fdiv)
    _fdiv                                    0x08005b51   Thumb Code   384  fdiv.o(x$fpl$fdiv)
    __aeabi_f2iz                             0x08005cd5   Thumb Code     0  ffix.o(x$fpl$ffix)
    _ffix                                    0x08005cd5   Thumb Code    54  ffix.o(x$fpl$ffix)
    __aeabi_f2uiz                            0x08005d0d   Thumb Code     0  ffixu.o(x$fpl$ffixu)
    _ffixu                                   0x08005d0d   Thumb Code    62  ffixu.o(x$fpl$ffixu)
    __aeabi_i2f                              0x08005d4d   Thumb Code     0  fflt_clz.o(x$fpl$fflt)
    _fflt                                    0x08005d4d   Thumb Code    48  fflt_clz.o(x$fpl$fflt)
    __aeabi_ui2f                             0x08005d7d   Thumb Code     0  fflt_clz.o(x$fpl$ffltu)
    _ffltu                                   0x08005d7d   Thumb Code    38  fflt_clz.o(x$fpl$ffltu)
    __aeabi_cfcmple                          0x08005da5   Thumb Code     0  fleqf.o(x$fpl$fleqf)
    _fcmple                                  0x08005da5   Thumb Code   104  fleqf.o(x$fpl$fleqf)
    __fpl_fcmple_InfNaN                      0x08005df7   Thumb Code     0  fleqf.o(x$fpl$fleqf)
    __aeabi_fmul                             0x08005e0d   Thumb Code     0  fmul.o(x$fpl$fmul)
    _fmul                                    0x08005e0d   Thumb Code   258  fmul.o(x$fpl$fmul)
    __fpl_fnaninf                            0x08005f0f   Thumb Code   140  fnaninf.o(x$fpl$fnaninf)
    __fpl_fretinf                            0x08005f9b   Thumb Code    10  fretinf.o(x$fpl$fretinf)
    __aeabi_cfrcmple                         0x08005fa5   Thumb Code     0  frleqf.o(x$fpl$frleqf)
    _frcmple                                 0x08005fa5   Thumb Code    98  frleqf.o(x$fpl$frleqf)
    _frnd                                    0x08006009   Thumb Code    96  frnd.o(x$fpl$frnd)
    __aeabi_frsub                            0x08006069   Thumb Code     0  faddsub_clz.o(x$fpl$frsb)
    _frsb                                    0x08006069   Thumb Code    20  faddsub_clz.o(x$fpl$frsb)
    _fsqrt                                   0x0800607d   Thumb Code   272  fsqrt.o(x$fpl$fsqrt)
    __aeabi_fsub                             0x0800618d   Thumb Code     0  faddsub_clz.o(x$fpl$fsub)
    _fsub                                    0x0800618d   Thumb Code   234  faddsub_clz.o(x$fpl$fsub)
    __fpl_return_NaN                         0x08006277   Thumb Code   100  retnan.o(x$fpl$retnan)
    __ARM_scalbnf                            0x080062db   Thumb Code    76  scalbnf.o(x$fpl$scalbnf)
    __fpl_cmpreturn                          0x08006327   Thumb Code    48  trapv.o(x$fpl$trapveneer)
    VirtAddVarTab                            0x08006356   Data          32  ano_drv_eeprom.o(.constdata)
    __I$use$fp                               0x08006356   Number         0  usenofp.o(x$fpl$usenofp)
    Region$$Table$$Base                      0x08006398   Number         0  anon$$obj.o(Region$$Table)
    Region$$Table$$Limit                     0x080063b8   Number         0  anon$$obj.o(Region$$Table)
    SHT$$INIT_ARRAY$$Base                    0x080063b8   Number         0  ano_config.o(.init_array)
    SHT$$INIT_ARRAY$$Limit                   0x080063cc   Number         0  init_aeabi.o(.init_array)
    param                                    0x20000004   Data           1  ano_param.o(.data)
    TX_ADDRESS                               0x20000014   Data           5  ano_drv_nrf24l01.o(.data)
    RX_ADDRESS                               0x20000019   Data           5  ano_drv_nrf24l01.o(.data)
    DataVar                                  0x20000020   Data           2  ano_drv_eeprom.o(.data)
    CurWrAddress                             0x20000024   Data           4  ano_drv_eeprom.o(.data)
    floattobyte                              0x20000028   Data           4  ano_drv_usart1.o(.data)
    Rx_Ok0                                   0x20000030   Data           1  ano_drv_usart1.o(.data)
    Rx_Ok1                                   0x20000031   Data           1  ano_drv_usart1.o(.data)
    SystemCoreClock                          0x20000058   Data           4  system_stm32f10x.o(.data)
    AHBPrescTable                            0x2000005c   Data          16  system_stm32f10x.o(.data)
    ano                                      0x2000006c   Data          12  ano_config.o(.bss)
    scheduler                                0x20000078   Data          10  ano_scheduler.o(.bss)
    dt                                       0x20000082   Data          51  ano_dt.o(.bss)
    rc                                       0x200000b8   Data          76  ano_rc.o(.bss)
    imu                                      0x20000104   Data          48  ano_imu.o(.bss)
    nrf                                      0x20000158   Data         510  ano_drv_nrf24l01.o(.bss)
    Rx_Buf                                   0x20000456   Data          64  ano_drv_usart1.o(.bss)
    ADC_ConvertedValue                       0x20000496   Data          14  ano_drv_adc.o(.bss)
    mpu6050                                  0x200004a4   Data          64  ano_drv_mpu6050.o(.bss)
    __libspace_start                         0x200004fc   Data          96  libspace.o(.bss)
    __temporary_stack_top$libspace           0x2000055c   Data           0  libspace.o(.bss)



==============================================================================

Memory Map of the image

  Image Entry point : 0x080000ed

  Load Region LR_IROM1 (Base: 0x08000000, Size: 0x00006438, Max: 0x00010000, ABSOLUTE)

    Execution Region ER_IROM1 (Base: 0x08000000, Size: 0x000063cc, Max: 0x00010000, ABSOLUTE)

    Base Addr    Size         Type   Attr      Idx    E Section Name        Object

    0x08000000   0x000000ec   Data   RO         1137    RESET               startup_stm32f10x_md.o
    0x080000ec   0x00000008   Code   RO         1211  * !!!main             c_w.l(__main.o)
    0x080000f4   0x00000034   Code   RO         1516    !!!scatter          c_w.l(__scatter.o)
    0x08000128   0x0000001a   Code   RO         1518    !!handler_copy      c_w.l(__scatter_copy.o)
    0x08000142   0x00000002   PAD
    0x08000144   0x0000001c   Code   RO         1520    !!handler_zi        c_w.l(__scatter_zi.o)
    0x08000160   0x00000002   Code   RO         1439    .ARM.Collect$$libinit$$00000000  c_w.l(libinit.o)
    0x08000162   0x00000000   Code   RO         1331    .ARM.Collect$$libinit$$00000002  c_w.l(libinit2.o)
    0x08000162   0x00000000   Code   RO         1334    .ARM.Collect$$libinit$$00000008  c_w.l(libinit2.o)
    0x08000162   0x00000000   Code   RO         1336    .ARM.Collect$$libinit$$0000000A  c_w.l(libinit2.o)
    0x08000162   0x00000000   Code   RO         1338    .ARM.Collect$$libinit$$0000000C  c_w.l(libinit2.o)
    0x08000162   0x00000000   Code   RO         1341    .ARM.Collect$$libinit$$0000000F  c_w.l(libinit2.o)
    0x08000162   0x00000000   Code   RO         1343    .ARM.Collect$$libinit$$00000011  c_w.l(libinit2.o)
    0x08000162   0x00000000   Code   RO         1345    .ARM.Collect$$libinit$$00000013  c_w.l(libinit2.o)
    0x08000162   0x00000000   Code   RO         1347    .ARM.Collect$$libinit$$00000015  c_w.l(libinit2.o)
    0x08000162   0x00000000   Code   RO         1349    .ARM.Collect$$libinit$$00000017  c_w.l(libinit2.o)
    0x08000162   0x00000000   Code   RO         1351    .ARM.Collect$$libinit$$00000019  c_w.l(libinit2.o)
    0x08000162   0x00000000   Code   RO         1353    .ARM.Collect$$libinit$$0000001B  c_w.l(libinit2.o)
    0x08000162   0x00000000   Code   RO         1355    .ARM.Collect$$libinit$$0000001D  c_w.l(libinit2.o)
    0x08000162   0x00000000   Code   RO         1357    .ARM.Collect$$libinit$$0000001F  c_w.l(libinit2.o)
    0x08000162   0x00000000   Code   RO         1359    .ARM.Collect$$libinit$$00000021  c_w.l(libinit2.o)
    0x08000162   0x00000000   Code   RO         1361    .ARM.Collect$$libinit$$00000023  c_w.l(libinit2.o)
    0x08000162   0x00000000   Code   RO         1365    .ARM.Collect$$libinit$$0000002A  c_w.l(libinit2.o)
    0x08000162   0x00000000   Code   RO         1367    .ARM.Collect$$libinit$$0000002C  c_w.l(libinit2.o)
    0x08000162   0x00000000   Code   RO         1369    .ARM.Collect$$libinit$$0000002E  c_w.l(libinit2.o)
    0x08000162   0x00000004   Code   RO         1370    .ARM.Collect$$libinit$$0000002F  c_w.l(libinit2.o)
    0x08000166   0x00000000   Code   RO         1371    .ARM.Collect$$libinit$$00000030  c_w.l(libinit2.o)
    0x08000166   0x00000002   Code   RO         1372    .ARM.Collect$$libinit$$00000031  c_w.l(libinit2.o)
    0x08000168   0x00000002   Code   RO         1478    .ARM.Collect$$libshutdown$$00000000  c_w.l(libshutdown.o)
    0x0800016a   0x00000000   Code   RO         1485    .ARM.Collect$$libshutdown$$00000003  c_w.l(libshutdown2.o)
    0x0800016a   0x00000000   Code   RO         1488    .ARM.Collect$$libshutdown$$00000006  c_w.l(libshutdown2.o)
    0x0800016a   0x00000000   Code   RO         1491    .ARM.Collect$$libshutdown$$00000009  c_w.l(libshutdown2.o)
    0x0800016a   0x00000000   Code   RO         1493    .ARM.Collect$$libshutdown$$0000000B  c_w.l(libshutdown2.o)
    0x0800016a   0x00000000   Code   RO         1496    .ARM.Collect$$libshutdown$$0000000E  c_w.l(libshutdown2.o)
    0x0800016a   0x00000002   Code   RO         1497    .ARM.Collect$$libshutdown$$0000000F  c_w.l(libshutdown2.o)
    0x0800016c   0x00000000   Code   RO         1327    .ARM.Collect$$rtentry$$00000000  c_w.l(rtentry.o)
    0x0800016c   0x00000000   Code   RO         1398    .ARM.Collect$$rtentry$$00000002  c_w.l(rtentry2.o)
    0x0800016c   0x00000006   Code   RO         1410    .ARM.Collect$$rtentry$$00000004  c_w.l(rtentry4.o)
    0x08000172   0x00000000   Code   RO         1400    .ARM.Collect$$rtentry$$00000009  c_w.l(rtentry2.o)
    0x08000172   0x00000004   Code   RO         1401    .ARM.Collect$$rtentry$$0000000A  c_w.l(rtentry2.o)
    0x08000176   0x00000000   Code   RO         1403    .ARM.Collect$$rtentry$$0000000C  c_w.l(rtentry2.o)
    0x08000176   0x00000008   Code   RO         1404    .ARM.Collect$$rtentry$$0000000D  c_w.l(rtentry2.o)
    0x0800017e   0x00000002   Code   RO         1444    .ARM.Collect$$rtexit$$00000000  c_w.l(rtexit.o)
    0x08000180   0x00000000   Code   RO         1458    .ARM.Collect$$rtexit$$00000002  c_w.l(rtexit2.o)
    0x08000180   0x00000004   Code   RO         1459    .ARM.Collect$$rtexit$$00000003  c_w.l(rtexit2.o)
    0x08000184   0x00000006   Code   RO         1460    .ARM.Collect$$rtexit$$00000004  c_w.l(rtexit2.o)
    0x0800018a   0x00000002   PAD
    0x0800018c   0x00000020   Code   RO            3    .text               anoremoter.o
    0x080001ac   0x00000014   Code   RO          169    .text               ano_config.o
    0x080001c0   0x000000c4   Code   RO          199    .text               ano_scheduler.o
    0x08000284   0x000001d4   Code   RO          250    .text               ano_dt.o
    0x08000458   0x00000794   Code   RO          277    .text               ano_rc.o
    0x08000bec   0x000000b0   Code   RO          305    .text               ano_param.o
    0x08000c9c   0x000001ac   Code   RO          329    .text               ano_filter.o
    0x08000e48   0x00000260   Code   RO          359    .text               ano_imu.o
    0x080010a8   0x000001ac   Code   RO          411    .text               ano_math.o
    0x08001254   0x000000c4   Code   RO          678    .text               board.o
    0x08001318   0x00000022   Code   RO          736    .text               stm32f10x_it.o
    0x0800133a   0x00000002   PAD
    0x0800133c   0x0000013c   Code   RO          760    .text               ano_drv_spi2.o
    0x08001478   0x000002ec   Code   RO          780    .text               ano_drv_nrf24l01.o
    0x08001764   0x000004d8   Code   RO          807    .text               ano_drv_eeprom.o
    0x08001c3c   0x000003bc   Code   RO          835    .text               ano_drv_usart1.o
    0x08001ff8   0x00000180   Code   RO          863    .text               ano_drv_adc.o
    0x08002178   0x00000400   Code   RO          890    .text               ano_drv_i2c_soft.o
    0x08002578   0x000004dc   Code   RO          910    .text               ano_drv_mpu6050.o
    0x08002a54   0x000000dc   Code   RO          969    .text               misc.o
    0x08002b30   0x0000035c   Code   RO          990    .text               stm32f10x_gpio.o
    0x08002e8c   0x000003a4   Code   RO         1011    .text               stm32f10x_rcc.o
    0x08003230   0x00000408   Code   RO         1055    .text               stm32f10x_usart.o
    0x08003638   0x000005bc   Code   RO         1076    .text               stm32f10x_flash.o
    0x08003bf4   0x000001e0   Code   RO         1097    .text               system_stm32f10x.o
    0x08003dd4   0x00000040   Code   RO         1138    .text               startup_stm32f10x_md.o
    0x08003e14   0x0000030c   Code   RO         1144    .text               stm32f10x_spi.o
    0x08004120   0x0000044e   Code   RO         1165    .text               stm32f10x_adc.o
    0x0800456e   0x00000002   PAD
    0x08004570   0x00000254   Code   RO         1186    .text               stm32f10x_dma.o
    0x080047c4   0x00000006   Code   RO         1209    .text               c_w.l(heapauxi.o)
    0x080047ca   0x00000002   PAD
    0x080047cc   0x00000024   Code   RO         1216    .text               c_w.l(init_aeabi.o)
    0x080047f0   0x00000016   Code   RO         1328    .text               c_w.l(_rserrno.o)
    0x08004806   0x00000002   PAD
    0x08004808   0x00000008   Code   RO         1415    .text               c_w.l(rt_errno_addr_intlibspace.o)
    0x08004810   0x00000008   Code   RO         1423    .text               c_w.l(libspace.o)
    0x08004818   0x0000004a   Code   RO         1426    .text               c_w.l(sys_stackheap_outer.o)
    0x08004862   0x0000000c   Code   RO         1428    .text               c_w.l(exit.o)
    0x0800486e   0x00000002   Code   RO         1454    .text               c_w.l(use_no_semi.o)
    0x08004870   0x00000000   Code   RO         1456    .text               c_w.l(indicate_semi.o)
    0x08004870   0x0000000c   Code   RO         1470    .text               c_w.l(sys_exit.o)
    0x0800487c   0x00000026   Code   RO         1390    i.__ARM_fpclassifyf  m_ws.l(fpclassifyf.o)
    0x080048a2   0x0000000e   Code   RO          421    i.__ARM_isnanf      ano_math.o
    0x080048b0   0x00000010   Code   RO         1219    i.__cxa_guard_acquire  cpprt_w.l(cxa_guard_acquire.o)
    0x080048c0   0x0000000a   Code   RO         1392    i.__mathlib_flt_underflow  m_ws.l(funder.o)
    0x080048ca   0x00000002   PAD
    0x080048cc   0x00000158   Code   RO         1394    i.__mathlib_rredf2  m_ws.l(rredf.o)
    0x08004a24   0x00000128   Code   RO         1288    i.asinf             m_ws.l(asinf.o)
    0x08004b4c   0x0000025c   Code   RO         1296    i.atan2f            m_ws.l(atan2f.o)
    0x08004da8   0x00000184   Code   RO         1304    i.cosf              m_ws.l(cosf.o)
    0x08004f2c   0x0000018c   Code   RO         1312    i.sinf              m_ws.l(sinf.o)
    0x080050b8   0x0000002c   Code   RO         1320    i.sqrtf             m_ws.l(sqrtf.o)
    0x080050e4   0x00000108   Code   RO          641    t._ZN7Matrix3IfE10from_eulerERK7Vector3IfE  ano_matrix3.o
    0x080051ec   0x00000076   Code   RO          486    t._ZN7Vector3IfE13get_rollpitchERS0_  ano_vector3.o
    0x08005262   0x00000008   Code   RO          576    t._ZN7Vector3IfEC1Efff  ano_vector3.o
    0x0800526a   0x0000000a   Code   RO          379    t._ZN7Vector3IfEC1Ev  ano_imu.o
    0x08005274   0x00000008   Code   RO          930    t._ZN7Vector3IfEclEfff  ano_drv_mpu6050.o
    0x0800527c   0x00000028   Code   RO          546    t._ZN7Vector3IfEpLERKS0_  ano_vector3.o
    0x080052a4   0x0000000a   Code   RO          936    t._ZN7Vector3IsEC1Ev  ano_drv_mpu6050.o
    0x080052ae   0x00000008   Code   RO          942    t._ZN7Vector3IsEclEsss  ano_drv_mpu6050.o
    0x080052b6   0x000000a4   Code   RO          611    t._ZNK7Matrix3IfEmlERK7Vector3IfE  ano_matrix3.o
    0x0800535a   0x00000038   Code   RO          552    t._ZNK7Vector3IfEmiERKS0_  ano_vector3.o
    0x08005392   0x00000038   Code   RO          510    t._ZNK7Vector3IfEmlEf  ano_vector3.o
    0x080053ca   0x00000038   Code   RO          540    t._ZNK7Vector3IfEplERKS0_  ano_vector3.o
    0x08005402   0x00000002   PAD
    0x08005404   0x00000062   Code   RO         1225    x$fpl$d2f           fz_ws.l(d2f.o)
    0x08005466   0x00000002   PAD
    0x08005468   0x00000150   Code   RO         1227    x$fpl$dadd          fz_ws.l(daddsub_clz.o)
    0x080055b8   0x0000005a   Code   RO         1233    x$fpl$dfixu         fz_ws.l(dfixu.o)
    0x08005612   0x0000002e   Code   RO         1238    x$fpl$dflt          fz_ws.l(dflt_clz.o)
    0x08005640   0x00000154   Code   RO         1243    x$fpl$dmul          fz_ws.l(dmul.o)
    0x08005794   0x0000009c   Code   RO         1373    x$fpl$dnaninf       fz_ws.l(dnaninf.o)
    0x08005830   0x0000000c   Code   RO         1375    x$fpl$dretinf       fz_ws.l(dretinf.o)
    0x0800583c   0x000001d4   Code   RO         1229    x$fpl$dsub          fz_ws.l(daddsub_clz.o)
    0x08005a10   0x00000056   Code   RO         1245    x$fpl$f2d           fz_ws.l(f2d.o)
    0x08005a66   0x00000002   PAD
    0x08005a68   0x000000c4   Code   RO         1247    x$fpl$fadd          fz_ws.l(faddsub_clz.o)
    0x08005b2c   0x0000000c   Code   RO         1419    x$fpl$fcheck1       fz_ws.l(fcheck1.o)
    0x08005b38   0x00000018   Code   RO         1377    x$fpl$fcmpinf       fz_ws.l(fcmpi.o)
    0x08005b50   0x00000184   Code   RO         1254    x$fpl$fdiv          fz_ws.l(fdiv.o)
    0x08005cd4   0x00000036   Code   RO         1259    x$fpl$ffix          fz_ws.l(ffix.o)
    0x08005d0a   0x00000002   PAD
    0x08005d0c   0x0000003e   Code   RO         1263    x$fpl$ffixu         fz_ws.l(ffixu.o)
    0x08005d4a   0x00000002   PAD
    0x08005d4c   0x00000030   Code   RO         1268    x$fpl$fflt          fz_ws.l(fflt_clz.o)
    0x08005d7c   0x00000026   Code   RO         1267    x$fpl$ffltu         fz_ws.l(fflt_clz.o)
    0x08005da2   0x00000002   PAD
    0x08005da4   0x00000068   Code   RO         1273    x$fpl$fleqf         fz_ws.l(fleqf.o)
    0x08005e0c   0x00000102   Code   RO         1275    x$fpl$fmul          fz_ws.l(fmul.o)
    0x08005f0e   0x0000008c   Code   RO         1379    x$fpl$fnaninf       fz_ws.l(fnaninf.o)
    0x08005f9a   0x0000000a   Code   RO         1381    x$fpl$fretinf       fz_ws.l(fretinf.o)
    0x08005fa4   0x00000062   Code   RO         1277    x$fpl$frleqf        fz_ws.l(frleqf.o)
    0x08006006   0x00000002   PAD
    0x08006008   0x00000060   Code   RO         1383    x$fpl$frnd          fz_ws.l(frnd.o)
    0x08006068   0x00000014   Code   RO         1248    x$fpl$frsb          fz_ws.l(faddsub_clz.o)
    0x0800607c   0x00000110   Code   RO         1385    x$fpl$fsqrt         fz_ws.l(fsqrt.o)
    0x0800618c   0x000000ea   Code   RO         1249    x$fpl$fsub          fz_ws.l(faddsub_clz.o)
    0x08006276   0x00000064   Code   RO         1440    x$fpl$retnan        fz_ws.l(retnan.o)
    0x080062da   0x0000004c   Code   RO         1387    x$fpl$scalbnf       fz_ws.l(scalbnf.o)
    0x08006326   0x00000030   Code   RO         1452    x$fpl$trapveneer    fz_ws.l(trapv.o)
    0x08006356   0x00000000   Code   RO         1389    x$fpl$usenofp       fz_ws.l(usenofp.o)
    0x08006356   0x00000020   Data   RO          809    .constdata          ano_drv_eeprom.o
    0x08006376   0x00000002   PAD
    0x08006378   0x00000020   Data   RO         1395    .constdata          m_ws.l(rredf.o)
    0x08006398   0x00000020   Data   RO         1514    Region$$Table       anon$$obj.o
    0x080063b8   0x00000004   Data   RO          172    .init_array         ano_config.o
    0x080063bc   0x00000004   Data   RO          202    .init_array         ano_scheduler.o
    0x080063c0   0x00000004   Data   RO          281    .init_array         ano_rc.o
    0x080063c4   0x00000004   Data   RO          363    .init_array         ano_imu.o
    0x080063c8   0x00000004   Data   RO          914    .init_array         ano_drv_mpu6050.o
    0x080063cc   0x00000000   Data   RO         1214    .init_array         c_w.l(init_aeabi.o)


    Execution Region RW_IRAM1 (Base: 0x20000000, Size: 0x00000b60, Max: 0x00005000, ABSOLUTE)

    Base Addr    Size         Type   Attr      Idx    E Section Name        Object

    0x20000000   0x00000001   Data   RW          253    .data               ano_dt.o
    0x20000001   0x00000003   Data   RW          280    .data               ano_rc.o
    0x20000004   0x00000001   Data   RW          307    .data               ano_param.o
    0x20000005   0x00000003   PAD
    0x20000008   0x0000000c   Data   RW          362    .data               ano_imu.o
    0x20000014   0x0000000a   Data   RW          783    .data               ano_drv_nrf24l01.o
    0x2000001e   0x00000002   PAD
    0x20000020   0x00000008   Data   RW          810    .data               ano_drv_eeprom.o
    0x20000028   0x0000000a   Data   RW          838    .data               ano_drv_usart1.o
    0x20000032   0x00000002   PAD
    0x20000034   0x0000000e   Data   RW          913    .data               ano_drv_mpu6050.o
    0x20000042   0x00000014   Data   RW         1013    .data               stm32f10x_rcc.o
    0x20000056   0x00000002   PAD
    0x20000058   0x00000014   Data   RW         1099    .data               system_stm32f10x.o
    0x2000006c   0x0000000c   Zero   RW          171    .bss                ano_config.o
    0x20000078   0x0000000a   Zero   RW          201    .bss                ano_scheduler.o
    0x20000082   0x00000033   Zero   RW          252    .bss                ano_dt.o
    0x200000b5   0x00000003   PAD
    0x200000b8   0x0000004c   Zero   RW          279    .bss                ano_rc.o
    0x20000104   0x00000054   Zero   RW          361    .bss                ano_imu.o
    0x20000158   0x000001fe   Zero   RW          782    .bss                ano_drv_nrf24l01.o
    0x20000356   0x00000140   Zero   RW          837    .bss                ano_drv_usart1.o
    0x20000496   0x0000000e   Zero   RW          865    .bss                ano_drv_adc.o
    0x200004a4   0x00000058   Zero   RW          912    .bss                ano_drv_mpu6050.o
    0x200004fc   0x00000060   Zero   RW         1424    .bss                c_w.l(libspace.o)
    0x2000055c   0x00000004   PAD
    0x20000560   0x00000200   Zero   RW         1136    HEAP                startup_stm32f10x_md.o
    0x20000760   0x00000400   Zero   RW         1135    STACK               startup_stm32f10x_md.o


==============================================================================

Image component sizes


      Code (inc. data)   RO Data    RW Data    ZI Data      Debug   Object Name

        20          4          4          0         12       1806   ano_config.o
       384         22          0          0         14       1885   ano_drv_adc.o
      1240         40         32          8          0       5448   ano_drv_eeprom.o
      1024          4          0          0          0       4056   ano_drv_i2c_soft.o
      1270         34          4         14         88      10150   ano_drv_mpu6050.o
       748         10          0         10        510       5376   ano_drv_nrf24l01.o
       316         10          0          0          0       1452   ano_drv_spi2.o
       956         46          0         10        320       3682   ano_drv_usart1.o
       468         24          0          1         51       2877   ano_dt.o
       428         18          0          0          0       4724   ano_filter.o
       618         48          4         12         84       7670   ano_imu.o
       442         20          0          0          0       6318   ano_math.o
       428          0          0          0          0       2804   ano_matrix3.o
       176          8          0          1          0       1948   ano_param.o
      1940         94          4          3         76       3145   ano_rc.o
       196         16          4          0         10       2291   ano_scheduler.o
       334          0          0          0          0       4212   ano_vector3.o
        32          8          0          0          0     271515   anoremoter.o
       196         26          0          0          0      24764   board.o
       220         22          0          0          0       2145   misc.o
        64         26        236          0       1536        944   startup_stm32f10x_md.o
      1102         26          0          0          0      11245   stm32f10x_adc.o
       596          8          0          0          0       4690   stm32f10x_dma.o
      1468         34          0          0          0       8394   stm32f10x_flash.o
       860         38          0          0          0       6013   stm32f10x_gpio.o
        34          0          0          0          0       1327   stm32f10x_it.o
       932         36          0         20          0       9320   stm32f10x_rcc.o
       780         14          0          0          0       6906   stm32f10x_spi.o
      1032         22          0          0          0       8764   stm32f10x_usart.o
       480         38          0         20          0       2383   system_stm32f10x.o

    ----------------------------------------------------------------------
     18790        696        322        108       2704     428254   Object Totals
         0          0         32          0          0          0   (incl. Generated)
         6          0          2          9          3          0   (incl. Padding)

    ----------------------------------------------------------------------

      Code (inc. data)   RO Data    RW Data    ZI Data      Debug   Library Member Name

         8          0          0          0          0         68   __main.o
        52          8          0          0          0          0   __scatter.o
        26          0          0          0          0          0   __scatter_copy.o
        28          0          0          0          0          0   __scatter_zi.o
        22          0          0          0          0        100   _rserrno.o
        12          0          0          0          0         72   exit.o
         6          0          0          0          0        152   heapauxi.o
         0          0          0          0          0          0   indicate_semi.o
        36         10          0          0          0         80   init_aeabi.o
         2          0          0          0          0          0   libinit.o
         6          0          0          0          0          0   libinit2.o
         2          0          0          0          0          0   libshutdown.o
         2          0          0          0          0          0   libshutdown2.o
         8          4          0          0         96         68   libspace.o
         8          4          0          0          0         68   rt_errno_addr_intlibspace.o
         0          0          0          0          0          0   rtentry.o
        12          0          0          0          0          0   rtentry2.o
         6          0          0          0          0          0   rtentry4.o
         2          0          0          0          0          0   rtexit.o
        10          0          0          0          0          0   rtexit2.o
        12          4          0          0          0         68   sys_exit.o
        74          0          0          0          0         80   sys_stackheap_outer.o
         2          0          0          0          0         68   use_no_semi.o
        16          0          0          0          0         68   cxa_guard_acquire.o
        98          4          0          0          0         92   d2f.o
       804         16          0          0          0        272   daddsub_clz.o
        90          4          0          0          0         92   dfixu.o
        46          0          0          0          0         68   dflt_clz.o
       340         12          0          0          0        104   dmul.o
       156          4          0          0          0         92   dnaninf.o
        12          0          0          0          0         68   dretinf.o
        86          4          0          0          0         84   f2d.o
       450          8          0          0          0        236   faddsub_clz.o
        12          4          0          0          0         68   fcheck1.o
        24          0          0          0          0         68   fcmpi.o
       388         76          0          0          0         96   fdiv.o
        54          4          0          0          0         84   ffix.o
        62          4          0          0          0         84   ffixu.o
        86          0          0          0          0        136   fflt_clz.o
       104          4          0          0          0         84   fleqf.o
       258          4          0          0          0         84   fmul.o
       140          4          0          0          0         84   fnaninf.o
        10          0          0          0          0         68   fretinf.o
        98          0          0          0          0         68   frleqf.o
        96          4          0          0          0         76   frnd.o
       272        100          0          0          0         88   fsqrt.o
       100          0          0          0          0         68   retnan.o
        76          0          0          0          0         68   scalbnf.o
        48          0          0          0          0         68   trapv.o
         0          0          0          0          0          0   usenofp.o
       296         36          0          0          0        120   asinf.o
       604         76          0          0          0        116   atan2f.o
       388         54          0          0          0        124   cosf.o
        38          0          0          0          0         68   fpclassifyf.o
        10          0          0          0          0         68   funder.o
       344         18         32          0          0         88   rredf.o
       396         52          0          0          0        124   sinf.o
        44          0          0          0          0         80   sqrtf.o

    ----------------------------------------------------------------------
      6404        522         32          0        100       4080   Library Totals
        22          0          0          0          4          0   (incl. Padding)

    ----------------------------------------------------------------------

      Code (inc. data)   RO Data    RW Data    ZI Data      Debug   Library Name

       336         30          0          0         96        824   c_w.l
        16          0          0          0          0         68   cpprt_w.l
      3910        256          0          0          0       2400   fz_ws.l
      2120        236         32          0          0        788   m_ws.l

    ----------------------------------------------------------------------
      6404        522         32          0        100       4080   Library Totals

    ----------------------------------------------------------------------

==============================================================================


      Code (inc. data)   RO Data    RW Data    ZI Data      Debug   

     25194       1218        354        108       2804     426818   Grand Totals
     25194       1218        354        108       2804     426818   ELF Image Totals
     25194       1218        354        108          0          0   ROM Totals

==============================================================================

    Total RO  Size (Code + RO Data)                25548 (  24.95kB)
    Total RW  Size (RW Data + ZI Data)              2912 (   2.84kB)
    Total ROM Size (Code + RO Data + RW Data)      25656 (  25.05kB)

==============================================================================

