Product: MDK-ARM Professional 5.10
Component: ARM Compiler 5.04 update 1 (build 49)
Tool: armlink [5040049]

==============================================================================

Section Cross References

    anocopter.o(.text) refers to board.o(.text) for ANO_Quadcopter_board_Init()
    anocopter.o(.text) refers to ano_param.o(.text) for ANO_Param::Init()
    anocopter.o(.text) refers to ano_imu.o(.text) for ANO_IMU::Init()
    anocopter.o(.text) refers to ano_scheduler.o(.text) for ANO_Loop()
    anocopter.o(.text) refers to ano_param.o(.data) for param
    anocopter.o(.text) refers to ano_imu.o(.bss) for imu
    anocopter.o(.ARM.exidx) refers to anocopter.o(.text) for .text
    ano_config.o(.text) refers to ano_drv_led.o(.text) for ANO_LED::ON()
    ano_config.o(.text) refers to ano_config.o(.data) for cnt
    ano_config.o(.text) refers to ano_drv_led.o(.data) for led
    ano_config.o(.text) refers to ano_config.o(.bss) for ano
    ano_config.o(.ARM.exidx) refers to ano_config.o(.text) for .text
    ano_config.o(.init_array) refers to ano_config.o(.text) for __sti___14_ANO_Config_cpp_ano
    ano_config.o(.init_array) refers to init_aeabi.o(.text) for __cpp_initialize__aeabi_
    ano_scheduler.o(.text) refers to ano_dt.o(.text) for ANO_DT::Check_Event()
    ano_scheduler.o(.text) refers to ano_imu.o(.text) for ANO_IMU::updateSensor()
    ano_scheduler.o(.text) refers to ano_flycontrol.o(.text) for ANO_FlyControl::Attitude_Inner_Loop()
    ano_scheduler.o(.text) refers to ano_rc.o(.text) for ANO_RC::Cal_Command()
    ano_scheduler.o(.text) refers to ano_config.o(.text) for ANO_Config::Pilot_Light()
    ano_scheduler.o(.text) refers to ano_dt.o(.bss) for dt
    ano_scheduler.o(.text) refers to ano_imu.o(.bss) for imu
    ano_scheduler.o(.text) refers to ano_flycontrol.o(.bss) for fc
    ano_scheduler.o(.text) refers to ano_rc.o(.bss) for rc
    ano_scheduler.o(.text) refers to ano_config.o(.bss) for ano
    ano_scheduler.o(.text) refers to ano_scheduler.o(.bss) for scheduler
    ano_scheduler.o(.ARM.exidx) refers to ano_scheduler.o(.text) for .text
    ano_scheduler.o(.init_array) refers to ano_scheduler.o(.text) for __sti___17_ANO_Scheduler_cpp_463cec18
    ano_scheduler.o(.init_array) refers to init_aeabi.o(.text) for __cpp_initialize__aeabi_
    ano_filter.o(.text) refers to fmul.o(x$fpl$fmul) for __aeabi_fmul
    ano_filter.o(.text) refers to fdiv.o(x$fpl$fdiv) for __aeabi_fdiv
    ano_filter.o(.text) refers to faddsub_clz.o(x$fpl$fadd) for __aeabi_fadd
    ano_filter.o(.text) refers to ano_vector3.o(t._ZNK7Vector3IfEmlEf) for Vector3<float>::operator *(float) const
    ano_filter.o(.text) refers to faddsub_clz.o(x$fpl$fsub) for __aeabi_fsub
    ano_filter.o(.text) refers to ano_vector3.o(t._ZNK7Vector3IfEplERKS0_) for Vector3<float>::operator +(const Vector3<float>&) const
    ano_filter.o(.text) refers to ano_vector3.o(t._ZNK7Vector3IfEmiERKS0_) for Vector3<float>::operator -(const Vector3<float>&) const
    ano_filter.o(.ARM.exidx) refers to ano_filter.o(.text) for .text
    ano_imu.o(.text) refers to ano_imu.o(t._ZN7Vector3IfEC1Ev) for Vector3<float>::Vector3()
    ano_imu.o(.text) refers to ano_drv_mpu6050.o(.text) for ANO_MPU6050::Init(unsigned short, unsigned short)
    ano_imu.o(.text) refers to ano_filter.o(.text) for ANO_Filter::LPF_1st_Factor_Cal(float, float)
    ano_imu.o(.text) refers to cxa_guard_acquire.o(i.__cxa_guard_acquire) for __cxa_guard_acquire
    ano_imu.o(.text) refers to ano_imu.o(t._ZN7Vector3IfEC1Efff) for Vector3<float>::Vector3(float, float, float)
    ano_imu.o(.text) refers to ano_vector3.o(t._ZNK7Vector3IfEplERKS0_) for Vector3<float>::operator +(const Vector3<float>&) const
    ano_imu.o(.text) refers to ano_vector3.o(t._ZNK7Vector3IfEmlEf) for Vector3<float>::operator *(float) const
    ano_imu.o(.text) refers to ano_matrix3.o(t._ZN7Matrix3IfE10from_eulerERK7Vector3IfE) for Matrix3<float>::from_euler(const Vector3<float>&)
    ano_imu.o(.text) refers to ano_matrix3.o(t._ZNK7Matrix3IfEmlERK7Vector3IfE) for Matrix3<float>::operator *(const Vector3<float>&) const
    ano_imu.o(.text) refers to ano_vector3.o(t._ZN7Vector3IfE13get_rollpitchERS0_) for Vector3<float>::get_rollpitch(Vector3<float>&)
    ano_imu.o(.text) refers to ano_vector3.o(t._ZN7Vector3IfE7get_yawERS0_) for Vector3<float>::get_yaw(Vector3<float>&)
    ano_imu.o(.text) refers to dflt_clz.o(x$fpl$dfltu) for __aeabi_ui2d
    ano_imu.o(.text) refers to dmul.o(x$fpl$dmul) for __aeabi_dmul
    ano_imu.o(.text) refers to d2f.o(x$fpl$d2f) for __aeabi_d2f
    ano_imu.o(.text) refers to board.o(.text) for GetSysTime_us()
    ano_imu.o(.text) refers to ano_vector3.o(t._ZNK7Vector3IfE6lengthEv) for Vector3<float>::length() const
    ano_imu.o(.text) refers to ano_vector3.o(t._ZN7Vector3IfEdVEf) for Vector3<float>::operator /=(float)
    ano_imu.o(.text) refers to ano_quaternion.o(.text) for Quaternion::vector_gravity(Vector3<float>&)
[...]
    stick_min_flag                           0x08007a42   Data           4  ano_rc.o(.constdata)
    stick_max_flag                           0x08007a46   Data           4  ano_rc.o(.constdata)
    .constdata                               0x08007a4a   Section       50  ano_drv_eeprom.o(.constdata)
    .constdata                               0x08007a7c   Section       32  rredf.o(.constdata)
    twooverpi                                0x08007a7c   Data          32  rredf.o(.constdata)
    .init_array                              0x08007abc   Section        4  ano_config.o(.init_array)
    .init_array                              0x08007ac0   Section        4  ano_scheduler.o(.init_array)
    .init_array                              0x08007ac4   Section        4  ano_imu.o(.init_array)
    .init_array                              0x08007ac8   Section        4  ano_rc.o(.init_array)
    .init_array                              0x08007acc   Section        4  ano_flycontrol.o(.init_array)
    .init_array                              0x08007ad0   Section        4  ano_drv_mpu6050.o(.init_array)
    .init_array                              0x08007ad4   Section        0  init_aeabi.o(.init_array)
    .data                                    0x20000000   Section        1  ano_config.o(.data)
    cnt                                      0x20000000   Data           1  ano_config.o(.data)
    .data                                    0x20000004   Section       20  ano_imu.o(.data)
    previousT                                0x20000004   Data           4  ano_imu.o(.data)
    _ZGVVector_M                             0x20000008   Data           4  ano_imu.o(.data)
    _ZGVVector_G                             0x2000000c   Data           4  ano_imu.o(.data)
    _ZGVLastGyro                             0x20000010   Data           4  ano_imu.o(.data)
    _ZGVdeltaGyroAngle                       0x20000014   Data           4  ano_imu.o(.data)
    .data                                    0x20000018   Section        2  ano_dt.o(.data)
    cnt                                      0x20000018   Data           1  ano_dt.o(.data)
    failsafeCnt                              0x20000019   Data           1  ano_dt.o(.data)
    .data                                    0x2000001a   Section        8  ano_motor.o(.data)
    .data                                    0x20000022   Section        2  ano_rc.o(.data)
    rcDelayCommand                           0x20000022   Data           1  ano_rc.o(.data)
    stick_flag                               0x20000023   Data           1  ano_rc.o(.data)
    .data                                    0x20000024   Section        4  ano_param.o(.data)
    .data                                    0x20000028   Section        8  board.o(.data)
    usTicks                                  0x20000028   Data           4  board.o(.data)
    sysTickUptime                            0x2000002c   Data           4  board.o(.data)
    .data                                    0x20000030   Section       14  ano_drv_mpu6050.o(.data)
    _ZGVtempAcc                              0x20000030   Data           4  ano_drv_mpu6050.o(.data)
    cnt_a                                    0x20000034   Data           2  ano_drv_mpu6050.o(.data)
    _ZGVtempGyro                             0x20000038   Data           4  ano_drv_mpu6050.o(.data)
    cnt_g                                    0x2000003c   Data           2  ano_drv_mpu6050.o(.data)
    .data                                    0x2000003e   Section       10  ano_drv_nrf24l01.o(.data)
    .data                                    0x20000048   Section        1  ano_drv_pwm.o(.data)
    .data                                    0x2000004c   Section        8  ano_drv_eeprom.o(.data)
    .data                                    0x20000054   Section        1  ano_drv_led.o(.data)
    .data                                    0x20000055   Section       20  stm32f10x_rcc.o(.data)
    APBAHBPrescTable                         0x20000055   Data          16  stm32f10x_rcc.o(.data)
    ADCPrescTable                            0x20000065   Data           4  stm32f10x_rcc.o(.data)
    .data                                    0x2000006c   Section       20  system_stm32f10x.o(.data)
    .bss                                     0x20000080   Section       12  ano_config.o(.bss)
    .bss                                     0x2000008c   Section       10  ano_scheduler.o(.bss)
    .bss                                     0x20000098   Section      152  ano_imu.o(.bss)
    deltaGyroAngle                           0x20000100   Data          12  ano_imu.o(.bss)
    LastGyro                                 0x2000010c   Data          12  ano_imu.o(.bss)
    Vector_G                                 0x20000118   Data          12  ano_imu.o(.bss)
    Vector_M                                 0x20000124   Data          12  ano_imu.o(.bss)
    .bss                                     0x20000130   Section       58  ano_dt.o(.bss)
    .bss                                     0x2000016a   Section       24  ano_rc.o(.bss)
    .bss                                     0x20000184   Section      136  ano_flycontrol.o(.bss)
    .bss                                     0x2000020c   Section       88  ano_drv_mpu6050.o(.bss)
    tempAcc                                  0x2000024c   Data          12  ano_drv_mpu6050.o(.bss)
    tempGyro                                 0x20000258   Data          12  ano_drv_mpu6050.o(.bss)
    .bss                                     0x20000264   Section      510  ano_drv_nrf24l01.o(.bss)
    .bss                                     0x20000464   Section       96  libspace.o(.bss)
    HEAP                                     0x200004c8   Section      512  startup_stm32f10x_md.o(HEAP)
    Heap_Mem                                 0x200004c8   Data         512  startup_stm32f10x_md.o(HEAP)
    STACK                                    0x200006c8   Section     1024  startup_stm32f10x_md.o(STACK)
    Stack_Mem                                0x200006c8   Data        1024  startup_stm32f10x_md.o(STACK)
    __initial_sp                             0x20000ac8   Data           0  startup_stm32f10x_md.o(STACK)

    Global Symbols

    Symbol Name                              Value     Ov Type        Size  Object(Section)

    BuildAttributes$$THM_ISAv4$P$D$K$B$S$PE$A:L22UL41UL21$X:L11$S22US41US21$IEEE1$IW$USESV6$~STKCKD$USESV7$~SHL$OTIME$ROPI$IEEEX$EBA8$UX$STANDARDLIB$REQ8$PRES8$EABIv2 0x00000000   Number         0  anon$$obj.o ABSOLUTE
    __ARM_use_no_argv                        0x00000000   Number         0  anocopter.o ABSOLUTE
    SHT$$ARM_EXIDX$$Base                      - Undefined Reference
    SHT$$ARM_EXIDX$$Limit                     - Undefined Reference
    __ARM_exceptions_init                     - Undefined Weak Reference
    __aeabi_unwind_cpp_pr1                    - Undefined Weak Reference
    __aeabi_unwind_cpp_pr2                    - Undefined Weak Reference
    __alloca_initialize                       - Undefined Weak Reference
    __cxa_begin_cleanup                       - Undefined Weak Reference
    __cxa_call_unexpected                     - Undefined Weak Reference
    __cxa_finalize                            - Undefined Weak Reference
    __cxa_type_match                          - Undefined Weak Reference
    __rt_locale                               - Undefined Weak Reference
    __sigvec_lookup                           - Undefined Weak Reference
    __user_heap_extent                        - Undefined Weak Reference
    _atexit_init                              - Undefined Weak Reference
    _call_atexit_fns                          - Undefined Weak Reference
    _clock_init                               - Undefined Weak Reference
    _fp_trap_init                             - Undefined Weak Reference
    _fp_trap_shutdown                         - Undefined Weak Reference
    _get_lc_collate                           - Undefined Weak Reference
    _get_lc_ctype                             - Undefined Weak Reference
    _get_lc_monetary                          - Undefined Weak Reference
    _get_lc_numeric                           - Undefined Weak Reference
    _get_lc_time                              - Undefined Weak Reference
    _getenv_init                              - Undefined Weak Reference
    _handle_redirection                       - Undefined Weak Reference
    _initio                                   - Undefined Weak Reference
    _mutex_acquire                            - Undefined Weak Reference
    _mutex_free                               - Undefined Weak Reference
    _mutex_release                            - Undefined Weak Reference
    _rand_init                                - Undefined Weak Reference
    _signal_finish                            - Undefined Weak Reference
    _signal_init                              - Undefined Weak Reference
    _terminateio                              - Undefined Weak Reference
    __Vectors_Size                           0x000000ec   Number         0  startup_stm32f10x_md.o ABSOLUTE
    __Vectors                                0x08000000   Data           4  startup_stm32f10x_md.o(RESET)
    __Vectors_End                            0x080000ec   Data           0  startup_stm32f10x_md.o(RESET)
    __main                                   0x080000ed   Thumb Code     8  __main.o(!!!main)
    __scatterload                            0x080000f5   Thumb Code     0  __scatter.o(!!!scatter)
    __scatterload_rt2                        0x080000f5   Thumb Code    44  __scatter.o(!!!scatter)
    __scatterload_rt2_thumb_only             0x080000f5   Thumb Code     0  __scatter.o(!!!scatter)
    __scatterload_null                       0x08000103   Thumb Code     0  __scatter.o(!!!scatter)
    __scatterload_copy                       0x08000129   Thumb Code    26  __scatter_copy.o(!!handler_copy)
    __scatterload_zeroinit                   0x08000145   Thumb Code    28  __scatter_zi.o(!!handler_zi)
    __rt_lib_init                            0x08000161   Thumb Code     0  libinit.o(.ARM.Collect$$libinit$$00000000)
    __rt_lib_init_alloca_1                   0x08000163   Thumb Code     0  libinit2.o(.ARM.Collect$$libinit$$0000002C)
    __rt_lib_init_argv_1                     0x08000163   Thumb Code     0  libinit2.o(.ARM.Collect$$libinit$$0000002A)
    __rt_lib_init_atexit_1                   0x08000163   Thumb Code     0  libinit2.o(.ARM.Collect$$libinit$$00000019)
    __rt_lib_init_clock_1                    0x08000163   Thumb Code     0  libinit2.o(.ARM.Collect$$libinit$$0000001F)
    __rt_lib_init_cpp_2                      0x08000163   Thumb Code     0  libinit2.o(.ARM.Collect$$libinit$$0000002F)
    __rt_lib_init_exceptions_1               0x08000163   Thumb Code     0  libinit2.o(.ARM.Collect$$libinit$$0000002E)
    __rt_lib_init_fp_1                       0x08000163   Thumb Code     0  libinit2.o(.ARM.Collect$$libinit$$00000002)
    __rt_lib_init_fp_trap_1                  0x08000163   Thumb Code     0  libinit2.o(.ARM.Collect$$libinit$$0000001D)
    __rt_lib_init_getenv_1                   0x08000163   Thumb Code     0  libinit2.o(.ARM.Collect$$libinit$$00000021)
    __rt_lib_init_heap_1                     0x08000163   Thumb Code     0  libinit2.o(.ARM.Collect$$libinit$$00000008)
    __rt_lib_init_lc_collate_1               0x08000163   Thumb Code     0  libinit2.o(.ARM.Collect$$libinit$$0000000F)
    __rt_lib_init_lc_ctype_1                 0x08000163   Thumb Code     0  libinit2.o(.ARM.Collect$$libinit$$00000011)
    __rt_lib_init_lc_monetary_1              0x08000163   Thumb Code     0  libinit2.o(.ARM.Collect$$libinit$$00000013)
    __rt_lib_init_lc_numeric_1               0x08000163   Thumb Code     0  libinit2.o(.ARM.Collect$$libinit$$00000015)
    __rt_lib_init_lc_time_1                  0x08000163   Thumb Code     0  libinit2.o(.ARM.Collect$$libinit$$00000017)
    __rt_lib_init_rand_1                     0x08000163   Thumb Code     0  libinit2.o(.ARM.Collect$$libinit$$0000000C)
    __rt_lib_init_signal_1                   0x08000163   Thumb Code     0  libinit2.o(.ARM.Collect$$libinit$$0000001B)
    __rt_lib_init_stdio_1                    0x08000163   Thumb Code     0  libinit2.o(.ARM.Collect$$libinit$$00000023)
    __rt_lib_init_user_alloc_1               0x08000163   Thumb Code     0  libinit2.o(.ARM.Collect$$libinit$$0000000A)
    __rt_lib_init_cpp_1                      0x08000167   Thumb Code     0  libinit2.o(.ARM.Collect$$libinit$$00000030)
    __rt_lib_init_return                     0x08000167   Thumb Code     0  libinit2.o(.ARM.Collect$$libinit$$00000031)
    __rt_lib_shutdown                        0x08000169   Thumb Code     0  libshutdown.o(.ARM.Collect$$libshutdown$$00000000)
    __rt_lib_shutdown_fp_trap_1              0x0800016b   Thumb Code     0  libshutdown2.o(.ARM.Collect$$libshutdown$$00000006)
    __rt_lib_shutdown_heap_1                 0x0800016b   Thumb Code     0  libshutdown2.o(.ARM.Collect$$libshutdown$$0000000E)
    __rt_lib_shutdown_return                 0x0800016b   Thumb Code     0  libshutdown2.o(.ARM.Collect$$libshutdown$$0000000F)
    __rt_lib_shutdown_signal_1               0x0800016b   Thumb Code     0  libshutdown2.o(.ARM.Collect$$libshutdown$$00000009)
    __rt_lib_shutdown_stdio_1                0x0800016b   Thumb Code     0  libshutdown2.o(.ARM.Collect$$libshutdown$$00000003)
    __rt_lib_shutdown_user_alloc_1           0x0800016b   Thumb Code     0  libshutdown2.o(.ARM.Collect$$libshutdown$$0000000B)
    __rt_entry                               0x0800016d   Thumb Code     0  rtentry.o(.ARM.Collect$$rtentry$$00000000)
    __rt_entry_presh_1                       0x0800016d   Thumb Code     0  rtentry2.o(.ARM.Collect$$rtentry$$00000002)
    __rt_entry_sh                            0x0800016d   Thumb Code     0  rtentry4.o(.ARM.Collect$$rtentry$$00000004)
    __rt_entry_li                            0x08000173   Thumb Code     0  rtentry2.o(.ARM.Collect$$rtentry$$0000000A)
    __rt_entry_postsh_1                      0x08000173   Thumb Code     0  rtentry2.o(.ARM.Collect$$rtentry$$00000009)
    __rt_entry_main                          0x08000177   Thumb Code     0  rtentry2.o(.ARM.Collect$$rtentry$$0000000D)
    __rt_entry_postli_1                      0x08000177   Thumb Code     0  rtentry2.o(.ARM.Collect$$rtentry$$0000000C)
    __rt_exit                                0x0800017f   Thumb Code     0  rtexit.o(.ARM.Collect$$rtexit$$00000000)
    __rt_exit_ls                             0x08000181   Thumb Code     0  rtexit2.o(.ARM.Collect$$rtexit$$00000003)
    __rt_exit_prels_1                        0x08000181   Thumb Code     0  rtexit2.o(.ARM.Collect$$rtexit$$00000002)
    __rt_exit_exit                           0x08000185   Thumb Code     0  rtexit2.o(.ARM.Collect$$rtexit$$00000004)
    main                                     0x0800018d   Thumb Code    24  anocopter.o(.text)
    ANO_Config::ANO_Config()                 0x080001ad   Thumb Code     2  ano_config.o(.text)
    ANO_Config::ANO_Config__sub_object()     0x080001ad   Thumb Code     0  ano_config.o(.text)
    ANO_Config::Pilot_Light()                0x080001af   Thumb Code    70  ano_config.o(.text)
    ANO_Loop()                               0x0800025d   Thumb Code    94  ano_scheduler.o(.text)
    ANO_Scheduler::ANO_Scheduler()           0x080002bb   Thumb Code    14  ano_scheduler.o(.text)
    ANO_Scheduler::ANO_Scheduler__sub_object() 0x080002bb   Thumb Code     0  ano_scheduler.o(.text)
    ANO_Filter::LPF_1st_Factor_Cal(float, float) 0x080002ed   Thumb Code    52  ano_filter.o(.text)
    ANO_Filter::LPF_2nd_Factor_Cal(ANO_Filter::LPF2ndData_t*) 0x08000321   Thumb Code    14  ano_filter.o(.text)
    ANO_Filter::CF_Factor_Cal(float, float)  0x0800032f   Thumb Code    32  ano_filter.o(.text)
    ANO_Filter::LPF_1st(Vector3<float>, Vector3<float>, float) 0x0800034f   Thumb Code    78  ano_filter.o(.text)
    ANO_Filter::LPF_2nd(ANO_Filter::LPF2ndData_t*, Vector3<float>) 0x0800039d   Thumb Code   156  ano_filter.o(.text)
    ANO_Filter::CF_1st(Vector3<float>, Vector3<float>, float) 0x08000439   Thumb Code    78  ano_filter.o(.text)
    ANO_IMU::ANO_IMU()                       0x08000499   Thumb Code   108  ano_imu.o(.text)
    ANO_IMU::ANO_IMU__sub_object()           0x08000499   Thumb Code     0  ano_imu.o(.text)
    ANO_IMU::sensor_Init()                   0x08000505   Thumb Code    18  ano_imu.o(.text)
    ANO_IMU::filter_Init()                   0x08000517   Thumb Code    44  ano_imu.o(.text)
    ANO_IMU::Init()                          0x08000543   Thumb Code    18  ano_imu.o(.text)
    ANO_IMU::updateSensor()                  0x08000555   Thumb Code    54  ano_imu.o(.text)
    ANO_IMU::DCM_CF(Vector3<float>, Vector3<float>, float) 0x0800058b   Thumb Code   346  ano_imu.o(.text)
    ANO_IMU::getDeltaT(unsigned)             0x080006e5   Thumb Code    46  ano_imu.o(.text)
    ANO_IMU::getAttitude()                   0x08000713   Thumb Code    82  ano_imu.o(.text)
    ANO_IMU::Quaternion_CF(Vector3<float>, Vector3<float>, float) 0x08000765   Thumb Code   190  ano_imu.o(.text)
    ANO_DT::Send_Data(unsigned char*, unsigned char) 0x08000879   Thumb Code    22  ano_dt.o(.text)
    ANO_DT::Send_Check(unsigned short)       0x0800088f   Thumb Code    76  ano_dt.o(.text)
    ANO_DT::Data_Receive_Anl(unsigned char*, unsigned char) 0x080008db   Thumb Code   574  ano_dt.o(.text)
    ANO_DT::Check_Event()                    0x08000b19   Thumb Code    12  ano_dt.o(.text)
    ANO_DT::Send_PID2()                      0x08000b25   Thumb Code   480  ano_dt.o(.text)
    ANO_DT::Send_PID1()                      0x08000d05   Thumb Code   440  ano_dt.o(.text)
    ANO_DT::Send_MotoPWM()                   0x08000ebd   Thumb Code   336  ano_dt.o(.text)
    ANO_DT::Send_RCData()                    0x0800100d   Thumb Code   354  ano_dt.o(.text)
    ANO_DT::Send_Senser()                    0x0800116f   Thumb Code   462  ano_dt.o(.text)
    ANO_DT::Send_Status()                    0x0800133d   Thumb Code   308  ano_dt.o(.text)
    ANO_DT::Data_Exchange()                  0x08001471   Thumb Code   190  ano_dt.o(.text)
    ANO_DT::Failsafe_Check()                 0x0800152f   Thumb Code    46  ano_dt.o(.text)
    ANO_Motor::writeMotor(unsigned short, int, int, int) 0x08001569   Thumb Code   140  ano_motor.o(.text)
    ANO_Motor::getPWM(unsigned short*)       0x080015f5   Thumb Code    18  ano_motor.o(.text)
    ANO_RC::Init()                           0x08001615   Thumb Code     2  ano_rc.o(.text)
    ANO_RC::ANO_RC()                         0x08001617   Thumb Code    14  ano_rc.o(.text)
    ANO_RC::ANO_RC__sub_object()             0x08001617   Thumb Code     0  ano_rc.o(.text)
    ANO_RC::Cal_Command()                    0x08001625   Thumb Code   252  ano_rc.o(.text)
    ANO_RC::check_sticks()                   0x08001721   Thumb Code   206  ano_rc.o(.text)
    ANO_PID::get_d(int, unsigned short)      0x08001825   Thumb Code    66  ano_pid.o(.text)
    ANO_PID::get_i(int, unsigned short)      0x08001867   Thumb Code    64  ano_pid.o(.text)
    ANO_PID::get_p(int)                      0x080018a7   Thumb Code    18  ano_pid.o(.text)
    ANO_PID::get_pid(int, unsigned short)    0x080018b9   Thumb Code    48  ano_pid.o(.text)
    ANO_PID::get_pi(int, unsigned short)     0x080018e9   Thumb Code    36  ano_pid.o(.text)
    ANO_PID::reset_I()                       0x0800190d   Thumb Code     6  ano_pid.o(.text)
    ANO_FlyControl::PID_Reset()              0x08001915   Thumb Code    96  ano_flycontrol.o(.text)
    ANO_FlyControl::ANO_FlyControl()         0x08001975   Thumb Code    34  ano_flycontrol.o(.text)
    ANO_FlyControl::ANO_FlyControl__sub_object() 0x08001975   Thumb Code     0  ano_flycontrol.o(.text)
    ANO_FlyControl::Attitude_Outter_Loop()   0x08001997   Thumb Code   272  ano_flycontrol.o(.text)
    ANO_FlyControl::Attitude_Inner_Loop()    0x08001aa7   Thumb Code   162  ano_flycontrol.o(.text)
    ANO_Param::SAVE_FirstInitFlag()          0x08001b79   Thumb Code    18  ano_param.o(.text)
    ANO_Param::READ_GYRO_OFFSET()            0x08001b8b   Thumb Code    68  ano_param.o(.text)
    ANO_Param::READ_ACC_OFFSET()             0x08001bcf   Thumb Code    68  ano_param.o(.text)
    ANO_Param::READ_PID()                    0x08001c13   Thumb Code   344  ano_param.o(.text)
    ANO_Param::READ_CONF()                   0x08001d6b   Thumb Code    24  ano_param.o(.text)
    ANO_Param::SAVE_PID()                    0x08001d83   Thumb Code   272  ano_param.o(.text)
    ANO_Param::READ_FirstInitFlag()          0x08001e93   Thumb Code    20  ano_param.o(.text)
    ANO_Param::Init()                        0x08001ea7   Thumb Code    38  ano_param.o(.text)
    ANO_Param::SAVE_ACC_OFFSET()             0x08001ecd   Thumb Code    48  ano_param.o(.text)
    ANO_Param::SAVE_GYRO_OFFSET()            0x08001efd   Thumb Code    48  ano_param.o(.text)
    safe_asin(float)                         0x08001f3d   Thumb Code    54  ano_math.o(.text)
    constrain_float(float, float, float)     0x08001f73   Thumb Code    72  ano_math.o(.text)
    constrain_int16(short, short, short)     0x08001fbb   Thumb Code    22  ano_math.o(.text)
    constrain_uint16(unsigned short, unsigned short, unsigned short) 0x08001fd1   Thumb Code    22  ano_math.o(.text)
    constrain_int32(int, int, int)           0x08001fe7   Thumb Code    22  ano_math.o(.text)
    radians(float)                           0x08001ffd   Thumb Code    14  ano_math.o(.text)
    degrees(float)                           0x0800200b   Thumb Code    14  ano_math.o(.text)
    sq(float)                                0x08002019   Thumb Code    14  ano_math.o(.text)
    pythagorous2(float, float)               0x08002027   Thumb Code    40  ano_math.o(.text)
    pythagorous3(float, float, float)        0x0800204f   Thumb Code    58  ano_math.o(.text)
    pythagorous4(float, float, float, float) 0x08002089   Thumb Code    76  ano_math.o(.text)
    Quaternion::normalize()                  0x080020e9   Thumb Code    56  ano_quaternion.o(.text)
    Quaternion::rotation_matrix(Matrix3<float>&) 0x08002121   Thumb Code   316  ano_quaternion.o(.text)
    Quaternion::vector_gravity(Vector3<float>&) 0x0800225d   Thumb Code   136  ano_quaternion.o(.text)
    Quaternion::earth_to_body(Vector3<float>&) 0x080022e5   Thumb Code    90  ano_quaternion.o(.text)
    Quaternion::Runge_Kutta_1st(Vector3<float>&, float) 0x0800233f   Thumb Code   500  ano_quaternion.o(.text)
    Quaternion::from_euler(float, float, float) 0x08002533   Thumb Code   304  ano_quaternion.o(.text)
    Quaternion::to_euler(float*, float*, float*) 0x08002663   Thumb Code   278  ano_quaternion.o(.text)
    SysTick_IRQ()                            0x08002793   Thumb Code    54  board.o(.text)
    GetSysTime_us()                          0x080027c9   Thumb Code    58  board.o(.text)
    ANO_Quadcopter_board_Init()              0x08002803   Thumb Code   138  board.o(.text)
    NMI_Handler                              0x080028b1   Thumb Code     2  stm32f10x_it.o(.text)
    MemManage_Handler                        0x080028b3   Thumb Code     4  stm32f10x_it.o(.text)
    BusFault_Handler                         0x080028b7   Thumb Code     4  stm32f10x_it.o(.text)
    UsageFault_Handler                       0x080028bb   Thumb Code     4  stm32f10x_it.o(.text)
    SVC_Handler                              0x080028bf   Thumb Code     2  stm32f10x_it.o(.text)
    DebugMon_Handler                         0x080028c1   Thumb Code     2  stm32f10x_it.o(.text)
    SysTick_Handler                          0x080028c3   Thumb Code     8  stm32f10x_it.o(.text)
    USART1_IRQHandler                        0x080028cb   Thumb Code     2  stm32f10x_it.o(.text)
    ANO_I2C_Soft::ANO_I2C_Soft()             0x080028cd   Thumb Code     2  ano_drv_i2c_soft.o(.text)
    ANO_I2C_Soft::ANO_I2C_Soft__sub_object() 0x080028cd   Thumb Code     0  ano_drv_i2c_soft.o(.text)
    ANO_I2C_Soft::Init()                     0x080028cf   Thumb Code    68  ano_drv_i2c_soft.o(.text)
    ANO_I2C_Soft::I2C_delay()                0x08002913   Thumb Code     2  ano_drv_i2c_soft.o(.text)
    ANO_I2C_Soft::I2C_Stop()                 0x08002915   Thumb Code    70  ano_drv_i2c_soft.o(.text)
    ANO_I2C_Soft::I2C_WaitAck()              0x0800295b   Thumb Code   104  ano_drv_i2c_soft.o(.text)
    ANO_I2C_Soft::I2C_SendByte(unsigned char) 0x080029c3   Thumb Code    96  ano_drv_i2c_soft.o(.text)
    ANO_I2C_Soft::I2C_Start()                0x08002a23   Thumb Code   100  ano_drv_i2c_soft.o(.text)
    ANO_I2C_Soft::I2C_Single_Write(unsigned char, unsigned char, unsigned char) 0x08002a87   Thumb Code    86  ano_drv_i2c_soft.o(.text)
    ANO_I2C_Soft::I2C_NoAck()                0x08002add   Thumb Code    70  ano_drv_i2c_soft.o(.text)
    ANO_I2C_Soft::I2C_ReadByte()             0x08002b23   Thumb Code    90  ano_drv_i2c_soft.o(.text)
    ANO_I2C_Soft::I2C_Single_Read(unsigned char, unsigned char) 0x08002b7d   Thumb Code   106  ano_drv_i2c_soft.o(.text)
    ANO_I2C_Soft::I2C_Ack()                  0x08002be7   Thumb Code    70  ano_drv_i2c_soft.o(.text)
    ANO_I2C_Soft::I2C_Mult_Read(unsigned char, unsigned char, unsigned char*, unsigned char) 0x08002c2d   Thumb Code   160  ano_drv_i2c_soft.o(.text)
    ANO_MPU6050::ANO_MPU6050()               0x08002ccd   Thumb Code    72  ano_drv_mpu6050.o(.text)
    ANO_MPU6050::ANO_MPU6050__sub_object()   0x08002ccd   Thumb Code     0  ano_drv_mpu6050.o(.text)
    ANO_MPU6050::delayms(unsigned short)     0x08002d15   Thumb Code    32  ano_drv_mpu6050.o(.text)
    ANO_MPU6050::Init(unsigned short, unsigned short) 0x08002d35   Thumb Code   190  ano_drv_mpu6050.o(.text)
    ANO_MPU6050::CalOffset_Acc()             0x08002df3   Thumb Code   232  ano_drv_mpu6050.o(.text)
    ANO_MPU6050::Read_Acc_Data()             0x08002edb   Thumb Code   188  ano_drv_mpu6050.o(.text)
    ANO_MPU6050::CalOffset_Gyro()            0x08002f97   Thumb Code   220  ano_drv_mpu6050.o(.text)
    ANO_MPU6050::Read_Gyro_Data()            0x08003073   Thumb Code   188  ano_drv_mpu6050.o(.text)
    ANO_MPU6050::Get_Acc()                   0x0800312f   Thumb Code    14  ano_drv_mpu6050.o(.text)
    ANO_MPU6050::Get_Gyro()                  0x0800313d   Thumb Code    14  ano_drv_mpu6050.o(.text)
    ANO_MPU6050::Get_Gyro_in_dps()           0x0800314b   Thumb Code    66  ano_drv_mpu6050.o(.text)
    ANO_NRF::Write_Reg(unsigned char, unsigned char) 0x080031bd   Thumb Code    46  ano_drv_nrf24l01.o(.text)
    ANO_NRF::Write_Buf(unsigned char, unsigned char*, unsigned char) 0x080031eb   Thumb Code    60  ano_drv_nrf24l01.o(.text)
    ANO_NRF::Init(unsigned char, unsigned char) 0x08003227   Thumb Code   286  ano_drv_nrf24l01.o(.text)
    ANO_NRF::TxPacket(unsigned char*, unsigned char) 0x08003345   Thumb Code    46  ano_drv_nrf24l01.o(.text)
    ANO_NRF::TxPacket_AP(unsigned char*, unsigned char) 0x08003373   Thumb Code    34  ano_drv_nrf24l01.o(.text)
    ANO_NRF::Read_Buf(unsigned char, unsigned char*, unsigned char) 0x08003395   Thumb Code    62  ano_drv_nrf24l01.o(.text)
    ANO_NRF::Check()                         0x080033d3   Thumb Code    68  ano_drv_nrf24l01.o(.text)
    ANO_NRF::Read_Reg(unsigned char)         0x08003417   Thumb Code    40  ano_drv_nrf24l01.o(.text)
    ANO_NRF::Check_Event()                   0x0800343f   Thumb Code   104  ano_drv_nrf24l01.o(.text)
    ANO_PWM::out_Init(unsigned short)        0x080034b5   Thumb Code   312  ano_drv_pwm.o(.text)
    ANO_PWM::SetPwm(unsigned short*)         0x080035ed   Thumb Code    98  ano_drv_pwm.o(.text)
    InitCurrWrAddress()                      0x080036b1   Thumb Code    92  ano_drv_eeprom.o(.text)
    EE_ReadVariable(unsigned short, unsigned short*) 0x080037bb   Thumb Code    88  ano_drv_eeprom.o(.text)
    __EE_Init()                              0x08003813   Thumb Code   488  ano_drv_eeprom.o(.text)
    EE_Init()                                0x080039fb   Thumb Code    16  ano_drv_eeprom.o(.text)
    EE_WriteVariable(unsigned short, unsigned short) 0x08003b05   Thumb Code    36  ano_drv_eeprom.o(.text)
    ANO_LED::Init()                          0x08003b39   Thumb Code    56  ano_drv_led.o(.text)
    ANO_LED::ON()                            0x08003b71   Thumb Code    16  ano_drv_led.o(.text)
    ANO_LED::OFF()                           0x08003b81   Thumb Code    16  ano_drv_led.o(.text)
    ANO_SPI::Init()                          0x08003b99   Thumb Code   188  ano_drv_spi.o(.text)
    ANO_SPI::RW(unsigned char)               0x08003c55   Thumb Code    52  ano_drv_spi.o(.text)
    ANO_SPI::CE_H()                          0x08003c89   Thumb Code    14  ano_drv_spi.o(.text)
    ANO_SPI::CE_L()                          0x08003c97   Thumb Code    14  ano_drv_spi.o(.text)
    ANO_SPI::CSN_H()                         0x08003ca5   Thumb Code    14  ano_drv_spi.o(.text)
    ANO_SPI::CSN_L()                         0x08003cb3   Thumb Code    14  ano_drv_spi.o(.text)
    NVIC_PriorityGroupConfig                 0x08003ccd   Thumb Code    10  misc.o(.text)
    NVIC_Init                                0x08003cd7   Thumb Code   100  misc.o(.text)
    NVIC_SetVectorTable                      0x08003d3b   Thumb Code    14  misc.o(.text)
    NVIC_SystemLPConfig                      0x08003d49   Thumb Code    34  misc.o(.text)
    SysTick_CLKSourceConfig                  0x08003d6b   Thumb Code    40  misc.o(.text)
    GPIO_DeInit                              0x08003da9   Thumb Code   172  stm32f10x_gpio.o(.text)
    GPIO_AFIODeInit                          0x08003e55   Thumb Code    20  stm32f10x_gpio.o(.text)
    GPIO_Init                                0x08003e69   Thumb Code   278  stm32f10x_gpio.o(.text)
    GPIO_StructInit                          0x08003f7f   Thumb Code    16  stm32f10x_gpio.o(.text)
    GPIO_ReadInputDataBit                    0x08003f8f   Thumb Code    18  stm32f10x_gpio.o(.text)
    GPIO_ReadInputData                       0x08003fa1   Thumb Code     8  stm32f10x_gpio.o(.text)
    GPIO_ReadOutputDataBit                   0x08003fa9   Thumb Code    18  stm32f10x_gpio.o(.text)
    GPIO_ReadOutputData                      0x08003fbb   Thumb Code     8  stm32f10x_gpio.o(.text)
    GPIO_SetBits                             0x08003fc3   Thumb Code     4  stm32f10x_gpio.o(.text)
    GPIO_ResetBits                           0x08003fc7   Thumb Code     4  stm32f10x_gpio.o(.text)
    GPIO_WriteBit                            0x08003fcb   Thumb Code    10  stm32f10x_gpio.o(.text)
    GPIO_Write                               0x08003fd5   Thumb Code     4  stm32f10x_gpio.o(.text)
    GPIO_PinLockConfig                       0x08003fd9   Thumb Code    18  stm32f10x_gpio.o(.text)
    GPIO_EventOutputConfig                   0x08003feb   Thumb Code    26  stm32f10x_gpio.o(.text)
    GPIO_EventOutputCmd                      0x08004005   Thumb Code     6  stm32f10x_gpio.o(.text)
    GPIO_PinRemapConfig                      0x0800400b   Thumb Code   138  stm32f10x_gpio.o(.text)
    GPIO_EXTILineConfig                      0x08004095   Thumb Code    66  stm32f10x_gpio.o(.text)
    GPIO_ETH_MediaInterfaceConfig            0x080040d7   Thumb Code     8  stm32f10x_gpio.o(.text)
    RCC_DeInit                               0x08004105   Thumb Code    64  stm32f10x_rcc.o(.text)
    RCC_HSEConfig                            0x08004145   Thumb Code    70  stm32f10x_rcc.o(.text)
    RCC_GetFlagStatus                        0x0800418b   Thumb Code    56  stm32f10x_rcc.o(.text)
    RCC_WaitForHSEStartUp                    0x080041c3   Thumb Code    56  stm32f10x_rcc.o(.text)
    RCC_AdjustHSICalibrationValue            0x080041fb   Thumb Code    20  stm32f10x_rcc.o(.text)
    RCC_HSICmd                               0x0800420f   Thumb Code     6  stm32f10x_rcc.o(.text)
    RCC_PLLConfig                            0x08004215   Thumb Code    24  stm32f10x_rcc.o(.text)
    RCC_PLLCmd                               0x0800422d   Thumb Code     6  stm32f10x_rcc.o(.text)
    RCC_SYSCLKConfig                         0x08004233   Thumb Code    18  stm32f10x_rcc.o(.text)
    RCC_GetSYSCLKSource                      0x08004245   Thumb Code    10  stm32f10x_rcc.o(.text)
    RCC_HCLKConfig                           0x0800424f   Thumb Code    18  stm32f10x_rcc.o(.text)
    RCC_PCLK1Config                          0x08004261   Thumb Code    18  stm32f10x_rcc.o(.text)
    RCC_PCLK2Config                          0x08004273   Thumb Code    20  stm32f10x_rcc.o(.text)
    RCC_ITConfig                             0x08004287   Thumb Code    26  stm32f10x_rcc.o(.text)
    RCC_USBCLKConfig                         0x080042a1   Thumb Code     8  stm32f10x_rcc.o(.text)
    RCC_ADCCLKConfig                         0x080042a9   Thumb Code    18  stm32f10x_rcc.o(.text)
    RCC_LSEConfig                            0x080042bb   Thumb Code    50  stm32f10x_rcc.o(.text)
    RCC_LSICmd                               0x080042ed   Thumb Code     6  stm32f10x_rcc.o(.text)
    RCC_RTCCLKConfig                         0x080042f3   Thumb Code    12  stm32f10x_rcc.o(.text)
    RCC_RTCCLKCmd                            0x080042ff   Thumb Code     8  stm32f10x_rcc.o(.text)
    RCC_GetClocksFreq                        0x08004307   Thumb Code   192  stm32f10x_rcc.o(.text)
    RCC_AHBPeriphClockCmd                    0x080043c7   Thumb Code    26  stm32f10x_rcc.o(.text)
    RCC_APB2PeriphClockCmd                   0x080043e1   Thumb Code    26  stm32f10x_rcc.o(.text)
    RCC_APB1PeriphClockCmd                   0x080043fb   Thumb Code    26  stm32f10x_rcc.o(.text)
    RCC_APB2PeriphResetCmd                   0x08004415   Thumb Code    26  stm32f10x_rcc.o(.text)
    RCC_APB1PeriphResetCmd                   0x0800442f   Thumb Code    26  stm32f10x_rcc.o(.text)
    RCC_BackupResetCmd                       0x08004449   Thumb Code     8  stm32f10x_rcc.o(.text)
    RCC_ClockSecuritySystemCmd               0x08004451   Thumb Code     6  stm32f10x_rcc.o(.text)
    RCC_MCOConfig                            0x08004457   Thumb Code     6  stm32f10x_rcc.o(.text)
    RCC_ClearFlag                            0x0800445d   Thumb Code    14  stm32f10x_rcc.o(.text)
    RCC_GetITStatus                          0x0800446b   Thumb Code    20  stm32f10x_rcc.o(.text)
    RCC_ClearITPendingBit                    0x0800447f   Thumb Code     6  stm32f10x_rcc.o(.text)
    TIM_DeInit                               0x080044a9   Thumb Code   424  stm32f10x_tim.o(.text)
    TIM_TimeBaseInit                         0x08004651   Thumb Code   122  stm32f10x_tim.o(.text)
    TIM_OC1Init                              0x080046cb   Thumb Code   132  stm32f10x_tim.o(.text)
    TIM_OC2Init                              0x0800474f   Thumb Code   154  stm32f10x_tim.o(.text)
    TIM_OC3Init                              0x080047e9   Thumb Code   150  stm32f10x_tim.o(.text)
    TIM_OC4Init                              0x0800487f   Thumb Code   182  stm32f10x_tim.o(.text)
    TIM_SetIC4Prescaler                      0x08004935   Thumb Code    26  stm32f10x_tim.o(.text)
    TIM_SetIC3Prescaler                      0x080049d1   Thumb Code    18  stm32f10x_tim.o(.text)
    TIM_SetIC2Prescaler                      0x08004a5d   Thumb Code    26  stm32f10x_tim.o(.text)
    TIM_SetIC1Prescaler                      0x08004af9   Thumb Code    18  stm32f10x_tim.o(.text)
    TIM_ICInit                               0x08004b77   Thumb Code   150  stm32f10x_tim.o(.text)
    TIM_PWMIConfig                           0x08004c0d   Thumb Code   124  stm32f10x_tim.o(.text)
    TIM_BDTRConfig                           0x08004c89   Thumb Code    32  stm32f10x_tim.o(.text)
    TIM_TimeBaseStructInit                   0x08004ca9   Thumb Code    18  stm32f10x_tim.o(.text)
    TIM_OCStructInit                         0x08004cbb   Thumb Code    20  stm32f10x_tim.o(.text)
    TIM_ICStructInit                         0x08004ccf   Thumb Code    18  stm32f10x_tim.o(.text)
    TIM_BDTRStructInit                       0x08004ce1   Thumb Code    40  stm32f10x_tim.o(.text)
    TIM_Cmd                                  0x08004d09   Thumb Code    24  stm32f10x_tim.o(.text)
    TIM_CtrlPWMOutputs                       0x08004d21   Thumb Code    30  stm32f10x_tim.o(.text)
    TIM_ITConfig                             0x08004d3f   Thumb Code    18  stm32f10x_tim.o(.text)
    TIM_GenerateEvent                        0x08004d51   Thumb Code     4  stm32f10x_tim.o(.text)
    TIM_DMAConfig                            0x08004d55   Thumb Code    10  stm32f10x_tim.o(.text)
    TIM_DMACmd                               0x08004d5f   Thumb Code    18  stm32f10x_tim.o(.text)
    TIM_InternalClockConfig                  0x08004d71   Thumb Code    12  stm32f10x_tim.o(.text)
    TIM_SelectInputTrigger                   0x08004d7d   Thumb Code    18  stm32f10x_tim.o(.text)
    TIM_ITRxExternalClockConfig              0x08004d8f   Thumb Code    24  stm32f10x_tim.o(.text)
    TIM_TIxExternalClockConfig               0x08004da7   Thumb Code    62  stm32f10x_tim.o(.text)
    TIM_ETRConfig                            0x08004de5   Thumb Code    28  stm32f10x_tim.o(.text)
    TIM_ETRClockMode1Config                  0x08004e01   Thumb Code    54  stm32f10x_tim.o(.text)
    TIM_ETRClockMode2Config                  0x08004e37   Thumb Code    32  stm32f10x_tim.o(.text)
    TIM_PrescalerConfig                      0x08004e57   Thumb Code     6  stm32f10x_tim.o(.text)
    TIM_CounterModeConfig                    0x08004e5d   Thumb Code    18  stm32f10x_tim.o(.text)
    TIM_EncoderInterfaceConfig               0x08004e6f   Thumb Code    66  stm32f10x_tim.o(.text)
    TIM_ForcedOC1Config                      0x08004eb1   Thumb Code    18  stm32f10x_tim.o(.text)
    TIM_ForcedOC2Config                      0x08004ec3   Thumb Code    26  stm32f10x_tim.o(.text)
    TIM_ForcedOC3Config                      0x08004edd   Thumb Code    18  stm32f10x_tim.o(.text)
    TIM_ForcedOC4Config                      0x08004eef   Thumb Code    26  stm32f10x_tim.o(.text)
    TIM_ARRPreloadConfig                     0x08004f09   Thumb Code    24  stm32f10x_tim.o(.text)
    TIM_SelectCOM                            0x08004f21   Thumb Code    24  stm32f10x_tim.o(.text)
    TIM_SelectCCDMA                          0x08004f39   Thumb Code    24  stm32f10x_tim.o(.text)
    TIM_CCPreloadControl                     0x08004f51   Thumb Code    24  stm32f10x_tim.o(.text)
    TIM_OC1PreloadConfig                     0x08004f69   Thumb Code    18  stm32f10x_tim.o(.text)
    TIM_OC2PreloadConfig                     0x08004f7b   Thumb Code    26  stm32f10x_tim.o(.text)
    TIM_OC3PreloadConfig                     0x08004f95   Thumb Code    18  stm32f10x_tim.o(.text)
    TIM_OC4PreloadConfig                     0x08004fa7   Thumb Code    26  stm32f10x_tim.o(.text)
    TIM_OC1FastConfig                        0x08004fc1   Thumb Code    18  stm32f10x_tim.o(.text)
    TIM_OC2FastConfig                        0x08004fd3   Thumb Code    26  stm32f10x_tim.o(.text)
    TIM_OC3FastConfig                        0x08004fed   Thumb Code    18  stm32f10x_tim.o(.text)
    TIM_OC4FastConfig                        0x08004fff   Thumb Code    26  stm32f10x_tim.o(.text)
    TIM_ClearOC1Ref                          0x08005019   Thumb Code    18  stm32f10x_tim.o(.text)
    TIM_ClearOC2Ref                          0x0800502b   Thumb Code    24  stm32f10x_tim.o(.text)
    TIM_ClearOC3Ref                          0x08005043   Thumb Code    18  stm32f10x_tim.o(.text)
    TIM_ClearOC4Ref                          0x08005055   Thumb Code    24  stm32f10x_tim.o(.text)
    TIM_OC1PolarityConfig                    0x0800506d   Thumb Code    18  stm32f10x_tim.o(.text)
    TIM_OC1NPolarityConfig                   0x0800507f   Thumb Code    18  stm32f10x_tim.o(.text)
    TIM_OC2PolarityConfig                    0x08005091   Thumb Code    26  stm32f10x_tim.o(.text)
    TIM_OC2NPolarityConfig                   0x080050ab   Thumb Code    26  stm32f10x_tim.o(.text)
    TIM_OC3PolarityConfig                    0x080050c5   Thumb Code    26  stm32f10x_tim.o(.text)
    TIM_OC3NPolarityConfig                   0x080050df   Thumb Code    26  stm32f10x_tim.o(.text)
    TIM_OC4PolarityConfig                    0x080050f9   Thumb Code    26  stm32f10x_tim.o(.text)
    TIM_CCxCmd                               0x08005113   Thumb Code    30  stm32f10x_tim.o(.text)
    TIM_CCxNCmd                              0x08005131   Thumb Code    30  stm32f10x_tim.o(.text)
    TIM_SelectOCxM                           0x0800514f   Thumb Code    82  stm32f10x_tim.o(.text)
    TIM_UpdateDisableConfig                  0x080051a1   Thumb Code    24  stm32f10x_tim.o(.text)
    TIM_UpdateRequestConfig                  0x080051b9   Thumb Code    24  stm32f10x_tim.o(.text)
    TIM_SelectHallSensor                     0x080051d1   Thumb Code    24  stm32f10x_tim.o(.text)
    TIM_SelectOnePulseMode                   0x080051e9   Thumb Code    18  stm32f10x_tim.o(.text)
    TIM_SelectOutputTrigger                  0x080051fb   Thumb Code    18  stm32f10x_tim.o(.text)
    TIM_SelectSlaveMode                      0x0800520d   Thumb Code    18  stm32f10x_tim.o(.text)
    TIM_SelectMasterSlaveMode                0x0800521f   Thumb Code    18  stm32f10x_tim.o(.text)
    TIM_SetCounter                           0x08005231   Thumb Code     4  stm32f10x_tim.o(.text)
    TIM_SetAutoreload                        0x08005235   Thumb Code     4  stm32f10x_tim.o(.text)
    TIM_SetCompare1                          0x08005239   Thumb Code     4  stm32f10x_tim.o(.text)
    TIM_SetCompare2                          0x0800523d   Thumb Code     4  stm32f10x_tim.o(.text)
    TIM_SetCompare3                          0x08005241   Thumb Code     4  stm32f10x_tim.o(.text)
    TIM_SetCompare4                          0x08005245   Thumb Code     6  stm32f10x_tim.o(.text)
    TIM_SetClockDivision                     0x0800524b   Thumb Code    18  stm32f10x_tim.o(.text)
    TIM_GetCapture1                          0x0800525d   Thumb Code     6  stm32f10x_tim.o(.text)
    TIM_GetCapture2                          0x08005263   Thumb Code     6  stm32f10x_tim.o(.text)
    TIM_GetCapture3                          0x08005269   Thumb Code     6  stm32f10x_tim.o(.text)
    TIM_GetCapture4                          0x0800526f   Thumb Code     8  stm32f10x_tim.o(.text)
    TIM_GetCounter                           0x08005277   Thumb Code     6  stm32f10x_tim.o(.text)
    TIM_GetPrescaler                         0x0800527d   Thumb Code     6  stm32f10x_tim.o(.text)
    TIM_GetFlagStatus                        0x08005283   Thumb Code    18  stm32f10x_tim.o(.text)
    TIM_ClearFlag                            0x08005295   Thumb Code     6  stm32f10x_tim.o(.text)
    TIM_GetITStatus                          0x0800529b   Thumb Code    34  stm32f10x_tim.o(.text)
    TIM_ClearITPendingBit                    0x080052bd   Thumb Code     6  stm32f10x_tim.o(.text)
    FLASH_SetLatency                         0x080052c5   Thumb Code    18  stm32f10x_flash.o(.text)
    FLASH_HalfCycleAccessCmd                 0x080052d7   Thumb Code    22  stm32f10x_flash.o(.text)
    FLASH_PrefetchBufferCmd                  0x080052ed   Thumb Code    22  stm32f10x_flash.o(.text)
    FLASH_Unlock                             0x08005303   Thumb Code    12  stm32f10x_flash.o(.text)
    FLASH_UnlockBank1                        0x0800530f   Thumb Code    12  stm32f10x_flash.o(.text)
    FLASH_Lock                               0x0800531b   Thumb Code    14  stm32f10x_flash.o(.text)
    FLASH_LockBank1                          0x08005329   Thumb Code    14  stm32f10x_flash.o(.text)
    FLASH_GetBank1Status                     0x08005337   Thumb Code    48  stm32f10x_flash.o(.text)
    FLASH_WaitForLastOperation               0x08005367   Thumb Code    38  stm32f10x_flash.o(.text)
    FLASH_ErasePage                          0x0800538d   Thumb Code    72  stm32f10x_flash.o(.text)
    FLASH_EraseAllPages                      0x080053d5   Thumb Code    68  stm32f10x_flash.o(.text)
    FLASH_WaitForLastBank1Operation          0x08005419   Thumb Code    38  stm32f10x_flash.o(.text)
    FLASH_EraseAllBank1Pages                 0x0800543f   Thumb Code    68  stm32f10x_flash.o(.text)
    FLASH_GetReadOutProtectionStatus         0x08005483   Thumb Code    20  stm32f10x_flash.o(.text)
    FLASH_EraseOptionBytes                   0x08005497   Thumb Code   150  stm32f10x_flash.o(.text)
    FLASH_ProgramWord                        0x0800552d   Thumb Code   102  stm32f10x_flash.o(.text)
    FLASH_ProgramHalfWord                    0x08005593   Thumb Code    60  stm32f10x_flash.o(.text)
    FLASH_ProgramOptionByteData              0x080055cf   Thumb Code    72  stm32f10x_flash.o(.text)
    FLASH_EnableWriteProtection              0x08005617   Thumb Code   200  stm32f10x_flash.o(.text)
    FLASH_ReadOutProtection                  0x080056df   Thumb Code   156  stm32f10x_flash.o(.text)
    FLASH_UserOptionByteConfig               0x0800577b   Thumb Code    88  stm32f10x_flash.o(.text)
    FLASH_GetUserOptionByte                  0x080057d3   Thumb Code     8  stm32f10x_flash.o(.text)
    FLASH_GetWriteProtectionOptionByte       0x080057db   Thumb Code     6  stm32f10x_flash.o(.text)
    FLASH_GetPrefetchBufferStatus            0x080057e1   Thumb Code    20  stm32f10x_flash.o(.text)
    FLASH_ITConfig                           0x080057f5   Thumb Code    26  stm32f10x_flash.o(.text)
    FLASH_GetFlagStatus                      0x0800580f   Thumb Code    42  stm32f10x_flash.o(.text)
    FLASH_ClearFlag                          0x08005839   Thumb Code     6  stm32f10x_flash.o(.text)
    FLASH_GetStatus                          0x0800583f   Thumb Code    48  stm32f10x_flash.o(.text)
    SystemInit                               0x0800595f   Thumb Code    78  system_stm32f10x.o(.text)
    SystemCoreClockUpdate                    0x080059ad   Thumb Code   142  system_stm32f10x.o(.text)
    Reset_Handler                            0x08005a61   Thumb Code     8  startup_stm32f10x_md.o(.text)
    HardFault_Handler                        0x08005a6b   Thumb Code     2  startup_stm32f10x_md.o(.text)
    PendSV_Handler                           0x08005a77   Thumb Code     2  startup_stm32f10x_md.o(.text)
    ADC1_2_IRQHandler                        0x08005a7b   Thumb Code     0  startup_stm32f10x_md.o(.text)
    CAN1_RX1_IRQHandler                      0x08005a7b   Thumb Code     0  startup_stm32f10x_md.o(.text)
    CAN1_SCE_IRQHandler                      0x08005a7b   Thumb Code     0  startup_stm32f10x_md.o(.text)
    DMA1_Channel1_IRQHandler                 0x08005a7b   Thumb Code     0  startup_stm32f10x_md.o(.text)
    DMA1_Channel2_IRQHandler                 0x08005a7b   Thumb Code     0  startup_stm32f10x_md.o(.text)
    DMA1_Channel3_IRQHandler                 0x08005a7b   Thumb Code     0  startup_stm32f10x_md.o(.text)
    DMA1_Channel4_IRQHandler                 0x08005a7b   Thumb Code     0  startup_stm32f10x_md.o(.text)
    DMA1_Channel5_IRQHandler                 0x08005a7b   Thumb Code     0  startup_stm32f10x_md.o(.text)
    DMA1_Channel6_IRQHandler                 0x08005a7b   Thumb Code     0  startup_stm32f10x_md.o(.text)
    DMA1_Channel7_IRQHandler                 0x08005a7b   Thumb Code     0  startup_stm32f10x_md.o(.text)
    EXTI0_IRQHandler                         0x08005a7b   Thumb Code     0  startup_stm32f10x_md.o(.text)
    EXTI15_10_IRQHandler                     0x08005a7b   Thumb Code     0  startup_stm32f10x_md.o(.text)
    EXTI1_IRQHandler                         0x08005a7b   Thumb Code     0  startup_stm32f10x_md.o(.text)
    EXTI2_IRQHandler                         0x08005a7b   Thumb Code     0  startup_stm32f10x_md.o(.text)
    EXTI3_IRQHandler                         0x08005a7b   Thumb Code     0  startup_stm32f10x_md.o(.text)
    EXTI4_IRQHandler                         0x08005a7b   Thumb Code     0  startup_stm32f10x_md.o(.text)
    EXTI9_5_IRQHandler                       0x08005a7b   Thumb Code     0  startup_stm32f10x_md.o(.text)
    FLASH_IRQHandler                         0x08005a7b   Thumb Code     0  startup_stm32f10x_md.o(.text)
    I2C1_ER_IRQHandler                       0x08005a7b   Thumb Code     0  startup_stm32f10x_md.o(.text)
    I2C1_EV_IRQHandler                       0x08005a7b   Thumb Code     0  startup_stm32f10x_md.o(.text)
    I2C2_ER_IRQHandler                       0x08005a7b   Thumb Code     0  startup_stm32f10x_md.o(.text)
    I2C2_EV_IRQHandler                       0x08005a7b   Thumb Code     0  startup_stm32f10x_md.o(.text)
    PVD_IRQHandler                           0x08005a7b   Thumb Code     0  startup_stm32f10x_md.o(.text)
    RCC_IRQHandler                           0x08005a7b   Thumb Code     0  startup_stm32f10x_md.o(.text)
    RTCAlarm_IRQHandler                      0x08005a7b   Thumb Code     0  startup_stm32f10x_md.o(.text)
    RTC_IRQHandler                           0x08005a7b   Thumb Code     0  startup_stm32f10x_md.o(.text)
    SPI1_IRQHandler                          0x08005a7b   Thumb Code     0  startup_stm32f10x_md.o(.text)
    SPI2_IRQHandler                          0x08005a7b   Thumb Code     0  startup_stm32f10x_md.o(.text)
    TAMPER_IRQHandler                        0x08005a7b   Thumb Code     0  startup_stm32f10x_md.o(.text)
    TIM1_BRK_IRQHandler                      0x08005a7b   Thumb Code     0  startup_stm32f10x_md.o(.text)
    TIM1_CC_IRQHandler                       0x08005a7b   Thumb Code     0  startup_stm32f10x_md.o(.text)
    TIM1_TRG_COM_IRQHandler                  0x08005a7b   Thumb Code     0  startup_stm32f10x_md.o(.text)
    TIM1_UP_IRQHandler                       0x08005a7b   Thumb Code     0  startup_stm32f10x_md.o(.text)
    TIM2_IRQHandler                          0x08005a7b   Thumb Code     0  startup_stm32f10x_md.o(.text)
    TIM3_IRQHandler                          0x08005a7b   Thumb Code     0  startup_stm32f10x_md.o(.text)
    TIM4_IRQHandler                          0x08005a7b   Thumb Code     0  startup_stm32f10x_md.o(.text)
    USART2_IRQHandler                        0x08005a7b   Thumb Code     0  startup_stm32f10x_md.o(.text)
    USART3_IRQHandler                        0x08005a7b   Thumb Code     0  startup_stm32f10x_md.o(.text)
    USBWakeUp_IRQHandler                     0x08005a7b   Thumb Code     0  startup_stm32f10x_md.o(.text)
    USB_HP_CAN1_TX_IRQHandler                0x08005a7b   Thumb Code     0  startup_stm32f10x_md.o(.text)
    USB_LP_CAN1_RX0_IRQHandler               0x08005a7b   Thumb Code     0  startup_stm32f10x_md.o(.text)
    WWDG_IRQHandler                          0x08005a7b   Thumb Code     0  startup_stm32f10x_md.o(.text)
    __user_initial_stackheap                 0x08005a7d   Thumb Code     0  startup_stm32f10x_md.o(.text)
    SPI_I2S_DeInit                           0x08005aa1   Thumb Code    76  stm32f10x_spi.o(.text)
    SPI_Init                                 0x08005aed   Thumb Code    60  stm32f10x_spi.o(.text)
    I2S_Init                                 0x08005b29   Thumb Code   226  stm32f10x_spi.o(.text)
    SPI_StructInit                           0x08005c0b   Thumb Code    24  stm32f10x_spi.o(.text)
    I2S_StructInit                           0x08005c23   Thumb Code    20  stm32f10x_spi.o(.text)
    SPI_Cmd                                  0x08005c37   Thumb Code    24  stm32f10x_spi.o(.text)
    I2S_Cmd                                  0x08005c4f   Thumb Code    24  stm32f10x_spi.o(.text)
    SPI_I2S_ITConfig                         0x08005c67   Thumb Code    32  stm32f10x_spi.o(.text)
    SPI_I2S_DMACmd                           0x08005c87   Thumb Code    18  stm32f10x_spi.o(.text)
    SPI_I2S_SendData                         0x08005c99   Thumb Code     4  stm32f10x_spi.o(.text)
    SPI_I2S_ReceiveData                      0x08005c9d   Thumb Code     6  stm32f10x_spi.o(.text)
    SPI_NSSInternalSoftwareConfig            0x08005ca3   Thumb Code    30  stm32f10x_spi.o(.text)
    SPI_SSOutputCmd                          0x08005cc1   Thumb Code    24  stm32f10x_spi.o(.text)
    SPI_DataSizeConfig                       0x08005cd9   Thumb Code    18  stm32f10x_spi.o(.text)
    SPI_TransmitCRC                          0x08005ceb   Thumb Code    10  stm32f10x_spi.o(.text)
    SPI_CalculateCRC                         0x08005cf5   Thumb Code    24  stm32f10x_spi.o(.text)
    SPI_GetCRC                               0x08005d0d   Thumb Code    16  stm32f10x_spi.o(.text)
    SPI_GetCRCPolynomial                     0x08005d1d   Thumb Code     6  stm32f10x_spi.o(.text)
    SPI_BiDirectionalLineConfig              0x08005d23   Thumb Code    28  stm32f10x_spi.o(.text)
    SPI_I2S_GetFlagStatus                    0x08005d3f   Thumb Code    18  stm32f10x_spi.o(.text)
    SPI_I2S_ClearFlag                        0x08005d51   Thumb Code     6  stm32f10x_spi.o(.text)
    SPI_I2S_GetITStatus                      0x08005d57   Thumb Code    52  stm32f10x_spi.o(.text)
    SPI_I2S_ClearITPendingBit                0x08005d8b   Thumb Code    20  stm32f10x_spi.o(.text)
    __use_two_region_memory                  0x08005dad   Thumb Code     2  heapauxi.o(.text)
    __rt_heap_escrow                         0x08005daf   Thumb Code     2  heapauxi.o(.text)
    __rt_heap_expand                         0x08005db1   Thumb Code     2  heapauxi.o(.text)
    __cpp_initialize__aeabi_                 0x08005db5   Thumb Code    26  init_aeabi.o(.text)
    __read_errno                             0x08005dd9   Thumb Code    10  _rserrno.o(.text)
    __set_errno                              0x08005de3   Thumb Code    12  _rserrno.o(.text)
    __aeabi_errno_addr                       0x08005df1   Thumb Code     8  rt_errno_addr_intlibspace.o(.text)
    __errno$intlibspace                      0x08005df1   Thumb Code     0  rt_errno_addr_intlibspace.o(.text)
    __rt_errno_addr$intlibspace              0x08005df1   Thumb Code     0  rt_errno_addr_intlibspace.o(.text)
    __user_libspace                          0x08005df9   Thumb Code     8  libspace.o(.text)
    __user_perproc_libspace                  0x08005df9   Thumb Code     0  libspace.o(.text)
    __user_perthread_libspace                0x08005df9   Thumb Code     0  libspace.o(.text)
    __user_setup_stackheap                   0x08005e01   Thumb Code    74  sys_stackheap_outer.o(.text)
    exit                                     0x08005e4b   Thumb Code    12  exit.o(.text)
    _sys_exit                                0x08005e59   Thumb Code     8  sys_exit.o(.text)
    __I$use$semihosting                      0x08005e65   Thumb Code     0  use_no_semi.o(.text)
    __use_no_semihosting_swi                 0x08005e65   Thumb Code     2  use_no_semi.o(.text)
    ANO_PID::set_pid(unsigned short, unsigned short, unsigned short, unsigned) 0x08005e67   Thumb Code    14  ano_flycontrol.o(i._ZN7ANO_PID7set_pidEtttj)
    __semihosting_library_function           0x08005e67   Thumb Code     0  indicate_semi.o(.text)
    ANO_PID::ANO_PID()                       0x08005e75   Thumb Code    12  ano_flycontrol.o(i._ZN7ANO_PIDC1Ev)
    ANO_PID::ANO_PID__sub_object()           0x08005e75   Thumb Code     0  ano_flycontrol.o(i._ZN7ANO_PIDC1Ev)
    __ARM_fpclassifyf                        0x08005e81   Thumb Code    38  fpclassifyf.o(i.__ARM_fpclassifyf)
    __ARM_isnanf                             0x08005ea7   Thumb Code    14  ano_math.o(i.__ARM_isnanf)
    __aeabi_vec_ctor_nocookie_nodtor         0x08005eb5   Thumb Code    36  aeabi_vec_ctor_nocookie_nodtor.o(i.__aeabi_vec_ctor_nocookie_nodtor)
    __cxa_guard_acquire                      0x08005ed9   Thumb Code    16  cxa_guard_acquire.o(i.__cxa_guard_acquire)
    __mathlib_flt_underflow                  0x08005ee9   Thumb Code    10  funder.o(i.__mathlib_flt_underflow)
    __mathlib_rredf2                         0x08005ef5   Thumb Code   326  rredf.o(i.__mathlib_rredf2)
    asinf                                    0x0800604d   Thumb Code   260  asinf.o(i.asinf)
    atan2f                                   0x08006175   Thumb Code   528  atan2f.o(i.atan2f)
    cosf                                     0x080063d1   Thumb Code   334  cosf.o(i.cosf)
    sinf                                     0x08006555   Thumb Code   344  sinf.o(i.sinf)
    sqrtf                                    0x080066e1   Thumb Code    44  sqrtf.o(i.sqrtf)
    Matrix3<float>::from_euler(const Vector3<float>&) 0x0800670d   Thumb Code   264  ano_matrix3.o(t._ZN7Matrix3IfE10from_eulerERK7Vector3IfE)
    Vector3<float>::get_rollpitch(Vector3<float>&) 0x08006815   Thumb Code    84  ano_vector3.o(t._ZN7Vector3IfE13get_rollpitchERS0_)
    Vector3<float>::get_yaw(Vector3<float>&) 0x08006869   Thumb Code    24  ano_vector3.o(t._ZN7Vector3IfE7get_yawERS0_)
    Vector3<float>::Vector3(float, float, float) 0x08006881   Thumb Code     8  ano_imu.o(t._ZN7Vector3IfEC1Efff)
    Vector3<float>::Vector3__sub_object(float, float, float) 0x08006881   Thumb Code     0  ano_imu.o(t._ZN7Vector3IfEC1Efff)
    Vector3<float>::Vector3()                0x08006889   Thumb Code    10  ano_imu.o(t._ZN7Vector3IfEC1Ev)
    Vector3<float>::Vector3__sub_object()    0x08006889   Thumb Code     0  ano_imu.o(t._ZN7Vector3IfEC1Ev)
    Vector3<float>::operator ()(float, float, float) 0x08006893   Thumb Code     8  ano_drv_mpu6050.o(t._ZN7Vector3IfEclEfff)
    Vector3<float>::operator /=(float)       0x0800689b   Thumb Code    40  ano_vector3.o(t._ZN7Vector3IfEdVEf)
    Vector3<float>::operator +=(const Vector3<float>&) 0x080068c3   Thumb Code    40  ano_vector3.o(t._ZN7Vector3IfEpLERKS0_)
    Vector3<short>::Vector3()                0x080068eb   Thumb Code    10  ano_drv_mpu6050.o(t._ZN7Vector3IsEC1Ev)
    Vector3<short>::Vector3__sub_object()    0x080068eb   Thumb Code     0  ano_drv_mpu6050.o(t._ZN7Vector3IsEC1Ev)
    Vector3<short>::operator ()(short, short, short) 0x080068f5   Thumb Code     8  ano_drv_mpu6050.o(t._ZN7Vector3IsEclEsss)
    Matrix3<float>::operator *(const Vector3<float>&) const 0x080068fd   Thumb Code   164  ano_matrix3.o(t._ZNK7Matrix3IfEmlERK7Vector3IfE)
    Vector3<float>::length() const           0x080069a1   Thumb Code    14  ano_vector3.o(t._ZNK7Vector3IfE6lengthEv)
    Vector3<float>::operator /(float) const  0x080069af   Thumb Code    56  ano_vector3.o(t._ZNK7Vector3IfEdvEf)
    Vector3<float>::operator -(const Vector3<float>&) const 0x080069e7   Thumb Code    56  ano_vector3.o(t._ZNK7Vector3IfEmiERKS0_)
    Vector3<float>::operator *(float) const  0x08006a1f   Thumb Code    56  ano_vector3.o(t._ZNK7Vector3IfEmlEf)
    Vector3<float>::operator +(const Vector3<float>&) const 0x08006a57   Thumb Code    56  ano_vector3.o(t._ZNK7Vector3IfEplERKS0_)
    Vector3<float>::operator %(const Vector3<float>&) const 0x08006a8f   Thumb Code   118  ano_vector3.o(t._ZNK7Vector3IfErmERKS0_)
    __aeabi_d2f                              0x08006b05   Thumb Code     0  d2f.o(x$fpl$d2f)
    _d2f                                     0x08006b05   Thumb Code    98  d2f.o(x$fpl$d2f)
    __aeabi_dadd                             0x08006b69   Thumb Code     0  daddsub_clz.o(x$fpl$dadd)
    _dadd                                    0x08006b69   Thumb Code   332  daddsub_clz.o(x$fpl$dadd)
    __aeabi_d2iz                             0x08006cb9   Thumb Code     0  dfix.o(x$fpl$dfix)
    _dfix                                    0x08006cb9   Thumb Code    94  dfix.o(x$fpl$dfix)
    __aeabi_i2d                              0x08006d17   Thumb Code     0  dflt_clz.o(x$fpl$dflt)
    _dflt                                    0x08006d17   Thumb Code    46  dflt_clz.o(x$fpl$dflt)
    __aeabi_ui2d                             0x08006d45   Thumb Code     0  dflt_clz.o(x$fpl$dfltu)
    _dfltu                                   0x08006d45   Thumb Code    38  dflt_clz.o(x$fpl$dfltu)
    __aeabi_dmul                             0x08006d6d   Thumb Code     0  dmul.o(x$fpl$dmul)
    _dmul                                    0x08006d6d   Thumb Code   332  dmul.o(x$fpl$dmul)
    __fpl_dnaninf                            0x08006ec1   Thumb Code   156  dnaninf.o(x$fpl$dnaninf)
    __fpl_dretinf                            0x08006f5d   Thumb Code    12  dretinf.o(x$fpl$dretinf)
    __aeabi_dsub                             0x08006f69   Thumb Code     0  daddsub_clz.o(x$fpl$dsub)
    _dsub                                    0x08006f69   Thumb Code   464  daddsub_clz.o(x$fpl$dsub)
    __aeabi_f2d                              0x0800713d   Thumb Code     0  f2d.o(x$fpl$f2d)
    _f2d                                     0x0800713d   Thumb Code    86  f2d.o(x$fpl$f2d)
    __aeabi_fadd                             0x08007195   Thumb Code     0  faddsub_clz.o(x$fpl$fadd)
    _fadd                                    0x08007195   Thumb Code   196  faddsub_clz.o(x$fpl$fadd)
    __fpl_fcheck_NaN1                        0x08007259   Thumb Code     6  fcheck1.o(x$fpl$fcheck1)
    __fpl_fcmp_Inf                           0x08007265   Thumb Code    24  fcmpi.o(x$fpl$fcmpinf)
    __aeabi_fdiv                             0x0800727d   Thumb Code     0  fdiv.o(x$fpl$fdiv)
    _fdiv                                    0x0800727d   Thumb Code   384  fdiv.o(x$fpl$fdiv)
    __aeabi_f2iz                             0x08007401   Thumb Code     0  ffix.o(x$fpl$ffix)
    _ffix                                    0x08007401   Thumb Code    54  ffix.o(x$fpl$ffix)
    __aeabi_i2f                              0x08007439   Thumb Code     0  fflt_clz.o(x$fpl$fflt)
    _fflt                                    0x08007439   Thumb Code    48  fflt_clz.o(x$fpl$fflt)
    __aeabi_ui2f                             0x08007469   Thumb Code     0  fflt_clz.o(x$fpl$ffltu)
    _ffltu                                   0x08007469   Thumb Code    38  fflt_clz.o(x$fpl$ffltu)
    __aeabi_cfcmple                          0x08007491   Thumb Code     0  fleqf.o(x$fpl$fleqf)
    _fcmple                                  0x08007491   Thumb Code   104  fleqf.o(x$fpl$fleqf)
    __fpl_fcmple_InfNaN                      0x080074e3   Thumb Code     0  fleqf.o(x$fpl$fleqf)
    __aeabi_fmul                             0x080074f9   Thumb Code     0  fmul.o(x$fpl$fmul)
    _fmul                                    0x080074f9   Thumb Code   258  fmul.o(x$fpl$fmul)
    __fpl_fnaninf                            0x080075fb   Thumb Code   140  fnaninf.o(x$fpl$fnaninf)
    __fpl_fretinf                            0x08007687   Thumb Code    10  fretinf.o(x$fpl$fretinf)
    __aeabi_cfrcmple                         0x08007691   Thumb Code     0  frleqf.o(x$fpl$frleqf)
    _frcmple                                 0x08007691   Thumb Code    98  frleqf.o(x$fpl$frleqf)
    _frnd                                    0x080076f5   Thumb Code    96  frnd.o(x$fpl$frnd)
    __aeabi_frsub                            0x08007755   Thumb Code     0  faddsub_clz.o(x$fpl$frsb)
    _frsb                                    0x08007755   Thumb Code    20  faddsub_clz.o(x$fpl$frsb)
    _fsqrt                                   0x08007769   Thumb Code   272  fsqrt.o(x$fpl$fsqrt)
    __aeabi_fsub                             0x08007879   Thumb Code     0  faddsub_clz.o(x$fpl$fsub)
    _fsub                                    0x08007879   Thumb Code   234  faddsub_clz.o(x$fpl$fsub)
    __fpl_return_NaN                         0x08007963   Thumb Code   100  retnan.o(x$fpl$retnan)
    __ARM_scalbnf                            0x080079c7   Thumb Code    76  scalbnf.o(x$fpl$scalbnf)
    __fpl_cmpreturn                          0x08007a13   Thumb Code    48  trapv.o(x$fpl$trapveneer)
    __I$use$fp                               0x08007a42   Number         0  usenofp.o(x$fpl$usenofp)
    VirtAddVarTab                            0x08007a4a   Data          50  ano_drv_eeprom.o(.constdata)
    Region$$Table$$Base                      0x08007a9c   Number         0  anon$$obj.o(Region$$Table)
    Region$$Table$$Limit                     0x08007abc   Number         0  anon$$obj.o(Region$$Table)
    SHT$$INIT_ARRAY$$Base                    0x08007abc   Number         0  ano_config.o(.init_array)
    SHT$$INIT_ARRAY$$Limit                   0x08007ad4   Number         0  init_aeabi.o(.init_array)
    motor                                    0x2000001a   Data           8  ano_motor.o(.data)
    param                                    0x20000024   Data           1  ano_param.o(.data)
    FirstInitFlag                            0x20000026   Data           2  ano_param.o(.data)
    TX_ADDRESS                               0x2000003e   Data           5  ano_drv_nrf24l01.o(.data)
    RX_ADDRESS                               0x20000043   Data           5  ano_drv_nrf24l01.o(.data)
    pwm                                      0x20000048   Data           1  ano_drv_pwm.o(.data)
    DataVar                                  0x2000004c   Data           2  ano_drv_eeprom.o(.data)
    CurWrAddress                             0x20000050   Data           4  ano_drv_eeprom.o(.data)
    led                                      0x20000054   Data           1  ano_drv_led.o(.data)
    SystemCoreClock                          0x2000006c   Data           4  system_stm32f10x.o(.data)
    AHBPrescTable                            0x20000070   Data          16  system_stm32f10x.o(.data)
    ano                                      0x20000080   Data          12  ano_config.o(.bss)
    scheduler                                0x2000008c   Data          10  ano_scheduler.o(.bss)
    imu                                      0x20000098   Data         104  ano_imu.o(.bss)
    dt                                       0x20000130   Data          58  ano_dt.o(.bss)
    rc                                       0x2000016a   Data          24  ano_rc.o(.bss)
    fc                                       0x20000184   Data         136  ano_flycontrol.o(.bss)
    mpu6050                                  0x2000020c   Data          64  ano_drv_mpu6050.o(.bss)
    nrf                                      0x20000264   Data         510  ano_drv_nrf24l01.o(.bss)
    __libspace_start                         0x20000464   Data          96  libspace.o(.bss)
    __temporary_stack_top$libspace           0x200004c4   Data           0  libspace.o(.bss)



==============================================================================

Memory Map of the image

  Image Entry point : 0x080000ed

  Load Region LR_IROM1 (Base: 0x08000000, Size: 0x00007b54, Max: 0x00010000, ABSOLUTE)

    Execution Region ER_IROM1 (Base: 0x08000000, Size: 0x00007ad4, Max: 0x00010000, ABSOLUTE)

    Base Addr    Size         Type   Attr      Idx    E Section Name        Object

    0x08000000   0x000000ec   Data   RO         1307    RESET               startup_stm32f10x_md.o
    0x080000ec   0x00000008   Code   RO         1339  * !!!main             c_w.l(__main.o)
    0x080000f4   0x00000034   Code   RO         1767    !!!scatter          c_w.l(__scatter.o)
    0x08000128   0x0000001a   Code   RO         1769    !!handler_copy      c_w.l(__scatter_copy.o)
    0x08000142   0x00000002   PAD
    0x08000144   0x0000001c   Code   RO         1771    !!handler_zi        c_w.l(__scatter_zi.o)
    0x08000160   0x00000002   Code   RO         1570    .ARM.Collect$$libinit$$00000000  c_w.l(libinit.o)
    0x08000162   0x00000000   Code   RO         1458    .ARM.Collect$$libinit$$00000002  c_w.l(libinit2.o)
    0x08000162   0x00000000   Code   RO         1461    .ARM.Collect$$libinit$$00000008  c_w.l(libinit2.o)
    0x08000162   0x00000000   Code   RO         1463    .ARM.Collect$$libinit$$0000000A  c_w.l(libinit2.o)
    0x08000162   0x00000000   Code   RO         1465    .ARM.Collect$$libinit$$0000000C  c_w.l(libinit2.o)
    0x08000162   0x00000000   Code   RO         1468    .ARM.Collect$$libinit$$0000000F  c_w.l(libinit2.o)
    0x08000162   0x00000000   Code   RO         1470    .ARM.Collect$$libinit$$00000011  c_w.l(libinit2.o)
    0x08000162   0x00000000   Code   RO         1472    .ARM.Collect$$libinit$$00000013  c_w.l(libinit2.o)
    0x08000162   0x00000000   Code   RO         1474    .ARM.Collect$$libinit$$00000015  c_w.l(libinit2.o)
    0x08000162   0x00000000   Code   RO         1476    .ARM.Collect$$libinit$$00000017  c_w.l(libinit2.o)
    0x08000162   0x00000000   Code   RO         1478    .ARM.Collect$$libinit$$00000019  c_w.l(libinit2.o)
    0x08000162   0x00000000   Code   RO         1480    .ARM.Collect$$libinit$$0000001B  c_w.l(libinit2.o)
    0x08000162   0x00000000   Code   RO         1482    .ARM.Collect$$libinit$$0000001D  c_w.l(libinit2.o)
    0x08000162   0x00000000   Code   RO         1484    .ARM.Collect$$libinit$$0000001F  c_w.l(libinit2.o)
    0x08000162   0x00000000   Code   RO         1486    .ARM.Collect$$libinit$$00000021  c_w.l(libinit2.o)
    0x08000162   0x00000000   Code   RO         1488    .ARM.Collect$$libinit$$00000023  c_w.l(libinit2.o)
    0x08000162   0x00000000   Code   RO         1492    .ARM.Collect$$libinit$$0000002A  c_w.l(libinit2.o)
    0x08000162   0x00000000   Code   RO         1494    .ARM.Collect$$libinit$$0000002C  c_w.l(libinit2.o)
    0x08000162   0x00000000   Code   RO         1496    .ARM.Collect$$libinit$$0000002E  c_w.l(libinit2.o)
    0x08000162   0x00000004   Code   RO         1497    .ARM.Collect$$libinit$$0000002F  c_w.l(libinit2.o)
    0x08000166   0x00000000   Code   RO         1498    .ARM.Collect$$libinit$$00000030  c_w.l(libinit2.o)
    0x08000166   0x00000002   Code   RO         1499    .ARM.Collect$$libinit$$00000031  c_w.l(libinit2.o)
    0x08000168   0x00000002   Code   RO         1725    .ARM.Collect$$libshutdown$$00000000  c_w.l(libshutdown.o)
    0x0800016a   0x00000000   Code   RO         1734    .ARM.Collect$$libshutdown$$00000003  c_w.l(libshutdown2.o)
    0x0800016a   0x00000000   Code   RO         1737    .ARM.Collect$$libshutdown$$00000006  c_w.l(libshutdown2.o)
    0x0800016a   0x00000000   Code   RO         1740    .ARM.Collect$$libshutdown$$00000009  c_w.l(libshutdown2.o)
    0x0800016a   0x00000000   Code   RO         1742    .ARM.Collect$$libshutdown$$0000000B  c_w.l(libshutdown2.o)
    0x0800016a   0x00000000   Code   RO         1745    .ARM.Collect$$libshutdown$$0000000E  c_w.l(libshutdown2.o)
    0x0800016a   0x00000002   Code   RO         1746    .ARM.Collect$$libshutdown$$0000000F  c_w.l(libshutdown2.o)
    0x0800016c   0x00000000   Code   RO         1454    .ARM.Collect$$rtentry$$00000000  c_w.l(rtentry.o)
    0x0800016c   0x00000000   Code   RO         1527    .ARM.Collect$$rtentry$$00000002  c_w.l(rtentry2.o)
    0x0800016c   0x00000006   Code   RO         1539    .ARM.Collect$$rtentry$$00000004  c_w.l(rtentry4.o)
    0x08000172   0x00000000   Code   RO         1529    .ARM.Collect$$rtentry$$00000009  c_w.l(rtentry2.o)
    0x08000172   0x00000004   Code   RO         1530    .ARM.Collect$$rtentry$$0000000A  c_w.l(rtentry2.o)
    0x08000176   0x00000000   Code   RO         1532    .ARM.Collect$$rtentry$$0000000C  c_w.l(rtentry2.o)
    0x08000176   0x00000008   Code   RO         1533    .ARM.Collect$$rtentry$$0000000D  c_w.l(rtentry2.o)
    0x0800017e   0x00000002   Code   RO         1581    .ARM.Collect$$rtexit$$00000000  c_w.l(rtexit.o)
    0x08000180   0x00000000   Code   RO         1665    .ARM.Collect$$rtexit$$00000002  c_w.l(rtexit2.o)
    0x08000180   0x00000004   Code   RO         1666    .ARM.Collect$$rtexit$$00000003  c_w.l(rtexit2.o)
    0x08000184   0x00000006   Code   RO         1667    .ARM.Collect$$rtexit$$00000004  c_w.l(rtexit2.o)
    0x0800018a   0x00000002   PAD
    0x0800018c   0x00000020   Code   RO            3    .text               anocopter.o
    0x080001ac   0x00000060   Code   RO          183    .text               ano_config.o
    0x0800020c   0x000000e0   Code   RO          214    .text               ano_scheduler.o
    0x080002ec   0x000001ac   Code   RO          274    .text               ano_filter.o
    0x08000498   0x000003e0   Code   RO          312    .text               ano_imu.o
    0x08000878   0x00000cf0   Code   RO          375    .text               ano_dt.o
    0x08001568   0x000000ac   Code   RO          402    .text               ano_motor.o
    0x08001614   0x00000210   Code   RO          428    .text               ano_rc.o
    0x08001824   0x000000ee   Code   RO          455    .text               ano_pid.o
    0x08001912   0x00000002   PAD
    0x08001914   0x00000264   Code   RO          475    .text               ano_flycontrol.o
    0x08001b78   0x000003c4   Code   RO          519    .text               ano_param.o
    0x08001f3c   0x000001ac   Code   RO          543    .text               ano_math.o
    0x080020e8   0x00000690   Code   RO          821    .text               ano_quaternion.o
    0x08002778   0x00000138   Code   RO          843    .text               board.o
    0x080028b0   0x0000001c   Code   RO          903    .text               stm32f10x_it.o
    0x080028cc   0x00000400   Code   RO          927    .text               ano_drv_i2c_soft.o
    0x08002ccc   0x000004f0   Code   RO          947    .text               ano_drv_mpu6050.o
    0x080031bc   0x000002f8   Code   RO         1012    .text               ano_drv_nrf24l01.o
    0x080034b4   0x000001ac   Code   RO         1039    .text               ano_drv_pwm.o
    0x08003660   0x000004d8   Code   RO         1065    .text               ano_drv_eeprom.o
    0x08003b38   0x00000060   Code   RO         1093    .text               ano_drv_led.o
    0x08003b98   0x00000134   Code   RO         1119    .text               ano_drv_spi.o
    0x08003ccc   0x000000dc   Code   RO         1139    .text               misc.o
    0x08003da8   0x0000035c   Code   RO         1160    .text               stm32f10x_gpio.o
    0x08004104   0x000003a4   Code   RO         1181    .text               stm32f10x_rcc.o
    0x080044a8   0x00000e1a   Code   RO         1204    .text               stm32f10x_tim.o
    0x080052c2   0x00000002   PAD
    0x080052c4   0x000005bc   Code   RO         1246    .text               stm32f10x_flash.o
    0x08005880   0x000001e0   Code   RO         1267    .text               system_stm32f10x.o
    0x08005a60   0x00000040   Code   RO         1308    .text               startup_stm32f10x_md.o
    0x08005aa0   0x0000030c   Code   RO         1314    .text               stm32f10x_spi.o
    0x08005dac   0x00000006   Code   RO         1337    .text               c_w.l(heapauxi.o)
    0x08005db2   0x00000002   PAD
    0x08005db4   0x00000024   Code   RO         1344    .text               c_w.l(init_aeabi.o)
    0x08005dd8   0x00000016   Code   RO         1455    .text               c_w.l(_rserrno.o)
    0x08005dee   0x00000002   PAD
    0x08005df0   0x00000008   Code   RO         1544    .text               c_w.l(rt_errno_addr_intlibspace.o)
    0x08005df8   0x00000008   Code   RO         1554    .text               c_w.l(libspace.o)
    0x08005e00   0x0000004a   Code   RO         1557    .text               c_w.l(sys_stackheap_outer.o)
    0x08005e4a   0x0000000c   Code   RO         1559    .text               c_w.l(exit.o)
    0x08005e56   0x00000002   PAD
    0x08005e58   0x0000000c   Code   RO         1657    .text               c_w.l(sys_exit.o)
    0x08005e64   0x00000002   Code   RO         1659    .text               c_w.l(use_no_semi.o)
    0x08005e66   0x00000000   Code   RO         1663    .text               c_w.l(indicate_semi.o)
    0x08005e66   0x0000000e   Code   RO          494    i._ZN7ANO_PID7set_pidEtttj  ano_flycontrol.o
    0x08005e74   0x0000000c   Code   RO          500    i._ZN7ANO_PIDC1Ev   ano_flycontrol.o
    0x08005e80   0x00000026   Code   RO         1519    i.__ARM_fpclassifyf  m_ws.l(fpclassifyf.o)
    0x08005ea6   0x0000000e   Code   RO          553    i.__ARM_isnanf      ano_math.o
    0x08005eb4   0x00000024   Code   RO         1347    i.__aeabi_vec_ctor_nocookie_nodtor  cpprt_w.l(aeabi_vec_ctor_nocookie_nodtor.o)
    0x08005ed8   0x00000010   Code   RO         1350    i.__cxa_guard_acquire  cpprt_w.l(cxa_guard_acquire.o)
    0x08005ee8   0x0000000a   Code   RO         1521    i.__mathlib_flt_underflow  m_ws.l(funder.o)
    0x08005ef2   0x00000002   PAD
    0x08005ef4   0x00000158   Code   RO         1523    i.__mathlib_rredf2  m_ws.l(rredf.o)
    0x0800604c   0x00000128   Code   RO         1415    i.asinf             m_ws.l(asinf.o)
    0x08006174   0x0000025c   Code   RO         1423    i.atan2f            m_ws.l(atan2f.o)
    0x080063d0   0x00000184   Code   RO         1431    i.cosf              m_ws.l(cosf.o)
    0x08006554   0x0000018c   Code   RO         1439    i.sinf              m_ws.l(sinf.o)
    0x080066e0   0x0000002c   Code   RO         1447    i.sqrtf             m_ws.l(sqrtf.o)
    0x0800670c   0x00000108   Code   RO          790    t._ZN7Matrix3IfE10from_eulerERK7Vector3IfE  ano_matrix3.o
    0x08006814   0x00000054   Code   RO          621    t._ZN7Vector3IfE13get_rollpitchERS0_  ano_vector3.o
    0x08006868   0x00000018   Code   RO          627    t._ZN7Vector3IfE7get_yawERS0_  ano_vector3.o
    0x08006880   0x00000008   Code   RO          338    t._ZN7Vector3IfEC1Efff  ano_imu.o
    0x08006888   0x0000000a   Code   RO          332    t._ZN7Vector3IfEC1Ev  ano_imu.o
    0x08006892   0x00000008   Code   RO          967    t._ZN7Vector3IfEclEfff  ano_drv_mpu6050.o
    0x0800689a   0x00000028   Code   RO          663    t._ZN7Vector3IfEdVEf  ano_vector3.o
    0x080068c2   0x00000028   Code   RO          681    t._ZN7Vector3IfEpLERKS0_  ano_vector3.o
    0x080068ea   0x0000000a   Code   RO          973    t._ZN7Vector3IsEC1Ev  ano_drv_mpu6050.o
    0x080068f4   0x00000008   Code   RO          979    t._ZN7Vector3IsEclEsss  ano_drv_mpu6050.o
    0x080068fc   0x000000a4   Code   RO          760    t._ZNK7Matrix3IfEmlERK7Vector3IfE  ano_matrix3.o
    0x080069a0   0x0000000e   Code   RO          603    t._ZNK7Vector3IfE6lengthEv  ano_vector3.o
    0x080069ae   0x00000038   Code   RO          657    t._ZNK7Vector3IfEdvEf  ano_vector3.o
    0x080069e6   0x00000038   Code   RO          687    t._ZNK7Vector3IfEmiERKS0_  ano_vector3.o
    0x08006a1e   0x00000038   Code   RO          645    t._ZNK7Vector3IfEmlEf  ano_vector3.o
    0x08006a56   0x00000038   Code   RO          675    t._ZNK7Vector3IfEplERKS0_  ano_vector3.o
    0x08006a8e   0x00000076   Code   RO          639    t._ZNK7Vector3IfErmERKS0_  ano_vector3.o
    0x08006b04   0x00000062   Code   RO         1356    x$fpl$d2f           fz_ws.l(d2f.o)
    0x08006b66   0x00000002   PAD
    0x08006b68   0x00000150   Code   RO         1358    x$fpl$dadd          fz_ws.l(daddsub_clz.o)
    0x08006cb8   0x0000005e   Code   RO         1364    x$fpl$dfix          fz_ws.l(dfix.o)
    0x08006d16   0x0000002e   Code   RO         1369    x$fpl$dflt          fz_ws.l(dflt_clz.o)
    0x08006d44   0x00000026   Code   RO         1368    x$fpl$dfltu         fz_ws.l(dflt_clz.o)
    0x08006d6a   0x00000002   PAD
    0x08006d6c   0x00000154   Code   RO         1374    x$fpl$dmul          fz_ws.l(dmul.o)
    0x08006ec0   0x0000009c   Code   RO         1502    x$fpl$dnaninf       fz_ws.l(dnaninf.o)
    0x08006f5c   0x0000000c   Code   RO         1504    x$fpl$dretinf       fz_ws.l(dretinf.o)
    0x08006f68   0x000001d4   Code   RO         1360    x$fpl$dsub          fz_ws.l(daddsub_clz.o)
    0x0800713c   0x00000056   Code   RO         1376    x$fpl$f2d           fz_ws.l(f2d.o)
    0x08007192   0x00000002   PAD
    0x08007194   0x000000c4   Code   RO         1378    x$fpl$fadd          fz_ws.l(faddsub_clz.o)
    0x08007258   0x0000000c   Code   RO         1550    x$fpl$fcheck1       fz_ws.l(fcheck1.o)
    0x08007264   0x00000018   Code   RO         1506    x$fpl$fcmpinf       fz_ws.l(fcmpi.o)
    0x0800727c   0x00000184   Code   RO         1385    x$fpl$fdiv          fz_ws.l(fdiv.o)
    0x08007400   0x00000036   Code   RO         1390    x$fpl$ffix          fz_ws.l(ffix.o)
    0x08007436   0x00000002   PAD
    0x08007438   0x00000030   Code   RO         1395    x$fpl$fflt          fz_ws.l(fflt_clz.o)
    0x08007468   0x00000026   Code   RO         1394    x$fpl$ffltu         fz_ws.l(fflt_clz.o)
    0x0800748e   0x00000002   PAD
    0x08007490   0x00000068   Code   RO         1400    x$fpl$fleqf         fz_ws.l(fleqf.o)
    0x080074f8   0x00000102   Code   RO         1402    x$fpl$fmul          fz_ws.l(fmul.o)
    0x080075fa   0x0000008c   Code   RO         1508    x$fpl$fnaninf       fz_ws.l(fnaninf.o)
    0x08007686   0x0000000a   Code   RO         1510    x$fpl$fretinf       fz_ws.l(fretinf.o)
    0x08007690   0x00000062   Code   RO         1404    x$fpl$frleqf        fz_ws.l(frleqf.o)
    0x080076f2   0x00000002   PAD
    0x080076f4   0x00000060   Code   RO         1512    x$fpl$frnd          fz_ws.l(frnd.o)
    0x08007754   0x00000014   Code   RO         1379    x$fpl$frsb          fz_ws.l(faddsub_clz.o)
    0x08007768   0x00000110   Code   RO         1514    x$fpl$fsqrt         fz_ws.l(fsqrt.o)
    0x08007878   0x000000ea   Code   RO         1380    x$fpl$fsub          fz_ws.l(faddsub_clz.o)
    0x08007962   0x00000064   Code   RO         1577    x$fpl$retnan        fz_ws.l(retnan.o)
    0x080079c6   0x0000004c   Code   RO         1516    x$fpl$scalbnf       fz_ws.l(scalbnf.o)
    0x08007a12   0x00000030   Code   RO         1655    x$fpl$trapveneer    fz_ws.l(trapv.o)
    0x08007a42   0x00000000   Code   RO         1518    x$fpl$usenofp       fz_ws.l(usenofp.o)
    0x08007a42   0x00000008   Data   RO          431    .constdata          ano_rc.o
    0x08007a4a   0x00000032   Data   RO         1067    .constdata          ano_drv_eeprom.o
    0x08007a7c   0x00000020   Data   RO         1524    .constdata          m_ws.l(rredf.o)
    0x08007a9c   0x00000020   Data   RO         1765    Region$$Table       anon$$obj.o
    0x08007abc   0x00000004   Data   RO          187    .init_array         ano_config.o
    0x08007ac0   0x00000004   Data   RO          217    .init_array         ano_scheduler.o
    0x08007ac4   0x00000004   Data   RO          316    .init_array         ano_imu.o
    0x08007ac8   0x00000004   Data   RO          433    .init_array         ano_rc.o
    0x08007acc   0x00000004   Data   RO          478    .init_array         ano_flycontrol.o
    0x08007ad0   0x00000004   Data   RO          951    .init_array         ano_drv_mpu6050.o
    0x08007ad4   0x00000000   Data   RO         1342    .init_array         c_w.l(init_aeabi.o)


    Execution Region RW_IRAM1 (Base: 0x20000000, Size: 0x00000ac8, Max: 0x00005000, ABSOLUTE)

    Base Addr    Size         Type   Attr      Idx    E Section Name        Object

    0x20000000   0x00000001   Data   RW          186    .data               ano_config.o
    0x20000001   0x00000003   PAD
    0x20000004   0x00000014   Data   RW          315    .data               ano_imu.o
    0x20000018   0x00000002   Data   RW          378    .data               ano_dt.o
    0x2000001a   0x00000008   Data   RW          404    .data               ano_motor.o
    0x20000022   0x00000002   Data   RW          432    .data               ano_rc.o
    0x20000024   0x00000004   Data   RW          521    .data               ano_param.o
    0x20000028   0x00000008   Data   RW          845    .data               board.o
    0x20000030   0x0000000e   Data   RW          950    .data               ano_drv_mpu6050.o
    0x2000003e   0x0000000a   Data   RW         1015    .data               ano_drv_nrf24l01.o
    0x20000048   0x00000001   Data   RW         1041    .data               ano_drv_pwm.o
    0x20000049   0x00000003   PAD
    0x2000004c   0x00000008   Data   RW         1068    .data               ano_drv_eeprom.o
    0x20000054   0x00000001   Data   RW         1095    .data               ano_drv_led.o
    0x20000055   0x00000014   Data   RW         1183    .data               stm32f10x_rcc.o
    0x20000069   0x00000003   PAD
    0x2000006c   0x00000014   Data   RW         1269    .data               system_stm32f10x.o
    0x20000080   0x0000000c   Zero   RW          185    .bss                ano_config.o
    0x2000008c   0x0000000a   Zero   RW          216    .bss                ano_scheduler.o
    0x20000096   0x00000002   PAD
    0x20000098   0x00000098   Zero   RW          314    .bss                ano_imu.o
    0x20000130   0x0000003a   Zero   RW          377    .bss                ano_dt.o
    0x2000016a   0x00000018   Zero   RW          430    .bss                ano_rc.o
    0x20000182   0x00000002   PAD
    0x20000184   0x00000088   Zero   RW          477    .bss                ano_flycontrol.o
    0x2000020c   0x00000058   Zero   RW          949    .bss                ano_drv_mpu6050.o
    0x20000264   0x000001fe   Zero   RW         1014    .bss                ano_drv_nrf24l01.o
    0x20000462   0x00000002   PAD
    0x20000464   0x00000060   Zero   RW         1555    .bss                c_w.l(libspace.o)
    0x200004c4   0x00000004   PAD
    0x200004c8   0x00000200   Zero   RW         1306    HEAP                startup_stm32f10x_md.o
    0x200006c8   0x00000400   Zero   RW         1305    STACK               startup_stm32f10x_md.o


==============================================================================

Image component sizes


      Code (inc. data)   RO Data    RW Data    ZI Data      Debug   Object Name

        96         14          4          1         12       2150   ano_config.o
      1240         40         50          8          0       5448   ano_drv_eeprom.o
      1024          4          0          0          0       4056   ano_drv_i2c_soft.o
        96          8          0          1          0       1630   ano_drv_led.o
      1290         38          4         14         88      10714   ano_drv_mpu6050.o
       760         14          0         10        510       5364   ano_drv_nrf24l01.o
       428         18          0          1          0       2338   ano_drv_pwm.o
       308         12          0          0          0       1448   ano_drv_spi.o
      3312         70          0          2         58       6457   ano_dt.o
       428         18          0          0          0       7872   ano_filter.o
       638         38          4          0        136       4973   ano_flycontrol.o
      1010         76          4         20        152       8926   ano_imu.o
       442         20          0          0          0       8178   ano_math.o
       428          0          0          0          0       1400   ano_matrix3.o
       172         14          0          8          0       2460   ano_motor.o
       964         16          0          4          0       3362   ano_param.o
       238          0          0          0          0       1824   ano_pid.o
      1680          6          0          0          0       4848   ano_quaternion.o
       528         44         12          2         24       3117   ano_rc.o
       224         26          4          0         10       2303   ano_scheduler.o
       544          0          0          0          0       9480   ano_vector3.o
        32          8          0          0          0     268507   anocopter.o
       312         36          0          8          0      25825   board.o
       220         22          0          0          0       2145   misc.o
        64         26        236          0       1536        944   startup_stm32f10x_md.o
      1468         34          0          0          0       8394   stm32f10x_flash.o
       860         38          0          0          0       6013   stm32f10x_gpio.o
        28          0          0          0          0       1299   stm32f10x_it.o
       932         36          0         20          0       9320   stm32f10x_rcc.o
       780         14          0          0          0       6906   stm32f10x_spi.o
      3610         88          0          0          0      22668   stm32f10x_tim.o
       480         38          0         20          0       2383   system_stm32f10x.o

    ----------------------------------------------------------------------
     24640        816        350        128       2532     452752   Object Totals
         0          0         32          0          0          0   (incl. Generated)
         4          0          0          9          6          0   (incl. Padding)

    ----------------------------------------------------------------------

      Code (inc. data)   RO Data    RW Data    ZI Data      Debug   Library Member Name

         8          0          0          0          0         68   __main.o
        52          8          0          0          0          0   __scatter.o
        26          0          0          0          0          0   __scatter_copy.o
        28          0          0          0          0          0   __scatter_zi.o
        22          0          0          0          0        100   _rserrno.o
        12          0          0          0          0         72   exit.o
         6          0          0          0          0        152   heapauxi.o
         0          0          0          0          0          0   indicate_semi.o
        36         10          0          0          0         80   init_aeabi.o
         2          0          0          0          0          0   libinit.o
         6          0          0          0          0          0   libinit2.o
         2          0          0          0          0          0   libshutdown.o
         2          0          0          0          0          0   libshutdown2.o
         8          4          0          0         96         68   libspace.o
         8          4          0          0          0         68   rt_errno_addr_intlibspace.o
         0          0          0          0          0          0   rtentry.o
        12          0          0          0          0          0   rtentry2.o
         6          0          0          0          0          0   rtentry4.o
         2          0          0          0          0          0   rtexit.o
        10          0          0          0          0          0   rtexit2.o
        12          4          0          0          0         68   sys_exit.o
        74          0          0          0          0         80   sys_stackheap_outer.o
         2          0          0          0          0         68   use_no_semi.o
        36          0          0          0          0         84   aeabi_vec_ctor_nocookie_nodtor.o
        16          0          0          0          0         68   cxa_guard_acquire.o
        98          4          0          0          0         92   d2f.o
       804         16          0          0          0        272   daddsub_clz.o
        94          4          0          0          0         92   dfix.o
        84          0          0          0          0        136   dflt_clz.o
       340         12          0          0          0        104   dmul.o
       156          4          0          0          0         92   dnaninf.o
        12          0          0          0          0         68   dretinf.o
        86          4          0          0          0         84   f2d.o
       450          8          0          0          0        236   faddsub_clz.o
        12          4          0          0          0         68   fcheck1.o
        24          0          0          0          0         68   fcmpi.o
       388         76          0          0          0         96   fdiv.o
        54          4          0          0          0         84   ffix.o
        86          0          0          0          0        136   fflt_clz.o
       104          4          0          0          0         84   fleqf.o
       258          4          0          0          0         84   fmul.o
       140          4          0          0          0         84   fnaninf.o
        10          0          0          0          0         68   fretinf.o
        98          0          0          0          0         68   frleqf.o
        96          4          0          0          0         76   frnd.o
       272        100          0          0          0         88   fsqrt.o
       100          0          0          0          0         68   retnan.o
        76          0          0          0          0         68   scalbnf.o
        48          0          0          0          0         68   trapv.o
         0          0          0          0          0          0   usenofp.o
       296         36          0          0          0        120   asinf.o
       604         76          0          0          0        116   atan2f.o
       388         54          0          0          0        124   cosf.o
        38          0          0          0          0         68   fpclassifyf.o
        10          0          0          0          0         68   funder.o
       344         18         32          0          0         88   rredf.o
       396         52          0          0          0        124   sinf.o
        44          0          0          0          0         80   sqrtf.o

    ----------------------------------------------------------------------
      6422        518         32          0        100       4148   Library Totals
        24          0          0          0          4          0   (incl. Padding)

    ----------------------------------------------------------------------

      Code (inc. data)   RO Data    RW Data    ZI Data      Debug   Library Name

       336         30          0          0         96        824   c_w.l
        52          0          0          0          0        152   cpprt_w.l
      3890        252          0          0          0       2384   fz_ws.l
      2120        236         32          0          0        788   m_ws.l

    ----------------------------------------------------------------------
      6422        518         32          0        100       4148   Library Totals

    ----------------------------------------------------------------------

==============================================================================


      Code (inc. data)   RO Data    RW Data    ZI Data      Debug   

     31062       1334        382        128       2632     450968   Grand Totals
     31062       1334        382        128       2632     450968   ELF Image Totals
     31062       1334        382        128          0          0   ROM Totals

==============================================================================

    Total RO  Size (Code + RO Data)                31444 (  30.71kB)
    Total RW  Size (RW Data + ZI Data)              2760 (   2.70kB)
    Total ROM Size (Code + RO Data + RW Data)      31572 (  30.83kB)

==============================================================================

