<html>
<body>
<pre>
<h1>礦ision Build Log</h1>
<h2>Project:</h2>
E:\电协\小四轴\匿名微型四轴资料包+V1.1\匿名微型四轴资料包+V1.1\ANO_Quadcopter\源代码\进阶版\匿名遥控器V1.2\ANO_Remoter.uvproj
Project File Date:  10/28/2014

<h2>Output:</h2>
Build target 'ANO_Remoter'
compiling AnoRemoter.cpp...
applications\AnoRemoter.cpp(29): warning:  #111-D: statement is unreachable
        return 0;
applications\AnoRemoter.cpp: 1 warning, 0 errors
compiling ANO_Config.cpp...
compiling ANO_Scheduler.cpp...
compiling ANO_DT.cpp...
compiling ANO_RC.cpp...
compiling ANO_Param.cpp...
compiling ANO_Filter.cpp...
compiling ANO_IMU.cpp...
compiling ANO_Math.cpp...
compiling ANO_Vector3.cpp...
compiling ANO_Matrix3.cpp...
compiling board.c...
compiling stm32f10x_it.c...
compiling ANO_Drv_SPI2.cpp...
compiling ANO_Drv_Nrf24l01.cpp...
compiling ANO_Drv_EEPROM.c...
compiling ANO_Drv_Usart1.c...
compiling ANO_Drv_ADC.c...
compiling ANO_Drv_I2C_soft.cpp...
compiling ANO_Drv_MPU6050.cpp...
compiling misc.c...
compiling stm32f10x_gpio.c...
compiling stm32f10x_rcc.c...
compiling stm32f10x_tim.c...
compiling stm32f10x_usart.c...
compiling stm32f10x_flash.c...
compiling system_stm32f10x.c...
assembling startup_stm32f10x_md.s...
compiling stm32f10x_spi.c...
compiling stm32f10x_adc.c...
compiling stm32f10x_dma.c...
linking...
Program Size: Code=25194 RO-data=354 RW-data=108 ZI-data=2804  
FromELF: creating hex file...
".\build\ANO_Hexacopter.axf" - 0 Error(s), 1 Warning(s).
</pre>
</body>
</html>
